Archive member included to satisfy reference by file (symbol)

.pio\build\teensy40\libd56\libnextion.a(NexHardware.cpp.o)
                              .pio\build\teensy40\src\main.cpp.o (nexLoop(NexTouch**))
.pio\build\teensy40\libd56\libnextion.a(NexTouch.cpp.o)
                              .pio\build\teensy40\libd56\libnextion.a(NexHardware.cpp.o) (NexTouch::iterate(NexTouch**, unsigned char, unsigned char, long))
.pio\build\teensy40\libd56\libnextion.a(NexObject.cpp.o)
                              .pio\build\teensy40\libd56\libnextion.a(NexTouch.cpp.o) (NexObject::NexObject(unsigned char, unsigned char, char const*))
.pio\build\teensy40\liba69\libdisplay.a(display.cpp.o)
                              .pio\build\teensy40\src\main.cpp.o (displayPrintf(char*, ...))
.pio\build\teensy40\libcda\libkeyboard.a(keyboard.cpp.o)
                              .pio\build\teensy40\src\main.cpp.o (registrButtons())
.pio\build\teensy40\lib2c6\libSerialFlash.a(SerialFlashChip.cpp.o)
                              .pio\build\teensy40\src\main.cpp.o (SerialFlashChip::begin(unsigned char))
.pio\build\teensy40\libFrameworkArduino.a(HardwareSerial.cpp.o)
                              .pio\build\teensy40\libd56\libnextion.a(NexHardware.cpp.o) (HardwareSerial::available())
.pio\build\teensy40\libFrameworkArduino.a(HardwareSerial1.cpp.o)
                              .pio\build\teensy40\libd56\libnextion.a(NexHardware.cpp.o) (Serial1)
.pio\build\teensy40\libFrameworkArduino.a(Print.cpp.o)
                              .pio\build\teensy40\libd56\libnextion.a(NexHardware.cpp.o) (Print::write(unsigned char const*, unsigned int))
.pio\build\teensy40\libFrameworkArduino.a(Stream.cpp.o)
                              .pio\build\teensy40\libd56\libnextion.a(NexHardware.cpp.o) (Stream::setTimeout(unsigned long))
.pio\build\teensy40\libFrameworkArduino.a(WString.cpp.o)
                              .pio\build\teensy40\libd56\libnextion.a(NexHardware.cpp.o) (String::~String())
.pio\build\teensy40\libFrameworkArduino.a(bootdata.c.o)
                              (ImageVectorTable)
.pio\build\teensy40\libFrameworkArduino.a(clockspeed.c.o)
                              .pio\build\teensy40\lib2c6\libSerialFlash.a(SerialFlashChip.cpp.o) (F_CPU_ACTUAL)
.pio\build\teensy40\libFrameworkArduino.a(delay.c.o)
                              .pio\build\teensy40\libd56\libnextion.a(NexHardware.cpp.o) (delay)
.pio\build\teensy40\libFrameworkArduino.a(digital.c.o)
                              .pio\build\teensy40\lib2c6\libSerialFlash.a(SerialFlashChip.cpp.o) (digitalWrite)
.pio\build\teensy40\libFrameworkArduino.a(main.cpp.o)
                              c:/users/ponyxis/.platformio/packages/toolchain-gccarmnoneeabi/bin/../lib/gcc/arm-none-eabi/5.4.1/../../../../arm-none-eabi/lib/armv7e-m/fpu/fpv5-d16/crt0.o (main)
.pio\build\teensy40\libFrameworkArduino.a(memcpy-armv7m.S.o)
                              .pio\build\teensy40\lib2c6\libSerialFlash.a(SerialFlashChip.cpp.o) (memcpy)
.pio\build\teensy40\libFrameworkArduino.a(nonstd.c.o)
                              .pio\build\teensy40\libFrameworkArduino.a(WString.cpp.o) (ultoa)
.pio\build\teensy40\libFrameworkArduino.a(startup.c.o)
                              .pio\build\teensy40\libFrameworkArduino.a(bootdata.c.o) (ResetHandler)
.pio\build\teensy40\libFrameworkArduino.a(tempmon.c.o)
                              .pio\build\teensy40\libFrameworkArduino.a(startup.c.o) (tempmon_init)
.pio\build\teensy40\libFrameworkArduino.a(usb.c.o)
                              .pio\build\teensy40\libFrameworkArduino.a(startup.c.o) (usb_init)
.pio\build\teensy40\libFrameworkArduino.a(usb_desc.c.o)
                              .pio\build\teensy40\libFrameworkArduino.a(usb.c.o) (usb_init_serialnumber)
.pio\build\teensy40\libFrameworkArduino.a(usb_serial.c.o)
                              .pio\build\teensy40\libFrameworkArduino.a(usb.c.o) (usb_serial_reset)
.pio\build\teensy40\libFrameworkArduino.a(yield.cpp.o)
                              .pio\build\teensy40\libFrameworkArduino.a(HardwareSerial.cpp.o) (yield)
.pio\build\teensy40\libFrameworkArduino.a(EventResponder.cpp.o)
                              .pio\build\teensy40\libFrameworkArduino.a(startup.c.o) (pendablesrvreq_isr)
.pio\build\teensy40\libFrameworkArduino.a(analog.c.o)
                              .pio\build\teensy40\libFrameworkArduino.a(startup.c.o) (analog_init)
.pio\build\teensy40\libFrameworkArduino.a(pwm.c.o)
                              .pio\build\teensy40\libFrameworkArduino.a(startup.c.o) (pwm_init)
.pio\build\teensy40\libFrameworkArduino.a(usb_inst.cpp.o)
                              .pio\build\teensy40\libFrameworkArduino.a(yield.cpp.o) (serialEvent())
.pio\build\teensy40\libd56\libnextion.a(NexButton.cpp.o)
                              .pio\build\teensy40\libcda\libkeyboard.a(keyboard.cpp.o) (NexButton::NexButton(unsigned char, unsigned char, char const*))
.pio\build\teensy40\libd56\libnextion.a(NexText.cpp.o)
[...]
Memory Configuration

Name             Origin             Length             Attributes
ITCM             0x00000000         0x00080000         xrw
DTCM             0x20000000         0x00080000         xrw
RAM              0x20200000         0x00080000         xrw
FLASH            0x60000000         0x001f0000         xrw
*default*        0x00000000         0xffffffff

Linker script and memory map

LOAD c:/users/ponyxis/.platformio/packages/toolchain-gccarmnoneeabi/bin/../lib/gcc/arm-none-eabi/5.4.1/armv7e-m/fpu/fpv5-d16/crti.o
LOAD c:/users/ponyxis/.platformio/packages/toolchain-gccarmnoneeabi/bin/../lib/gcc/arm-none-eabi/5.4.1/armv7e-m/fpu/fpv5-d16/crtbegin.o
LOAD c:/users/ponyxis/.platformio/packages/toolchain-gccarmnoneeabi/bin/../lib/gcc/arm-none-eabi/5.4.1/../../../../arm-none-eabi/lib/armv7e-m/fpu/fpv5-d16/crt0.o
                0x5e897a73                __rtc_localtime = 0x5e897a73
LOAD .pio\build\teensy40\src\main.cpp.o
START GROUP
LOAD .pio\build\teensy40\libd56\libnextion.a
LOAD .pio\build\teensy40\liba69\libdisplay.a
LOAD .pio\build\teensy40\libcda\libkeyboard.a
LOAD .pio\build\teensy40\lib05e\libSPI.a
LOAD .pio\build\teensy40\lib2c6\libSerialFlash.a
LOAD .pio\build\teensy40\libFrameworkArduino.a
LOAD c:/users/ponyxis/.platformio/packages/toolchain-gccarmnoneeabi/bin/../lib/gcc/arm-none-eabi/5.4.1/../../../../arm-none-eabi/lib\libarm_cortexM7lfsp_math.a
LOAD c:/users/ponyxis/.platformio/packages/toolchain-gccarmnoneeabi/bin/../lib/gcc/arm-none-eabi/5.4.1/../../../../arm-none-eabi/lib/armv7e-m/fpu/fpv5-d16\libstdc++.a
END GROUP
LOAD c:/users/ponyxis/.platformio/packages/toolchain-gccarmnoneeabi/bin/../lib/gcc/arm-none-eabi/5.4.1/../../../../arm-none-eabi/lib/armv7e-m/fpu/fpv5-d16\libstdc++.a
LOAD c:/users/ponyxis/.platformio/packages/toolchain-gccarmnoneeabi/bin/../lib/gcc/arm-none-eabi/5.4.1/../../../../arm-none-eabi/lib/armv7e-m/fpu/fpv5-d16\libm.a
START GROUP
LOAD c:/users/ponyxis/.platformio/packages/toolchain-gccarmnoneeabi/bin/../lib/gcc/arm-none-eabi/5.4.1/armv7e-m/fpu/fpv5-d16\libgcc.a
LOAD c:/users/ponyxis/.platformio/packages/toolchain-gccarmnoneeabi/bin/../lib/gcc/arm-none-eabi/5.4.1/../../../../arm-none-eabi/lib/armv7e-m/fpu/fpv5-d16\libc.a
END GROUP
LOAD c:/users/ponyxis/.platformio/packages/toolchain-gccarmnoneeabi/bin/../lib/gcc/arm-none-eabi/5.4.1/armv7e-m/fpu/fpv5-d16/crtend.o
LOAD c:/users/ponyxis/.platformio/packages/toolchain-gccarmnoneeabi/bin/../lib/gcc/arm-none-eabi/5.4.1/armv7e-m/fpu/fpv5-d16/crtn.o

.text.progmem   0x60000000     0x1750
 *(.flashconfig)
 .flashconfig   0x60000000      0x200 .pio\build\teensy40\libFrameworkArduino.a(bootdata.c.o)
                0x60000000                FlexSPI_NOR_Config
 FILL mask 0xff
                0x60001000                . = (ORIGIN (FLASH) + 0x1000)
 *fill*         0x60000200      0xe00 ff
 *(.ivt)
 .ivt           0x60001000       0x20 .pio\build\teensy40\libFrameworkArduino.a(bootdata.c.o)
                0x60001000                ImageVectorTable
 *(.bootdata)
 .bootdata      0x60001020        0xc .pio\build\teensy40\libFrameworkArduino.a(bootdata.c.o)
                0x60001020                BootData
 *(.vectors)
 .vectors       0x6000102c        0x8 .pio\build\teensy40\libFrameworkArduino.a(bootdata.c.o)
                0x6000102c                vector_table
 *(.startup)
 .startup       0x60001034      0x268 .pio\build\teensy40\libFrameworkArduino.a(startup.c.o)
                0x60001034                ResetHandler
 *(.flashmem*)
 .flashmem      0x6000129c      0x124 .pio\build\teensy40\libFrameworkArduino.a(startup.c.o)
                0x6000129c                configure_cache
                0x6000135c                usb_pll_start
 .flashmem      0x600013c0      0x11c .pio\build\teensy40\libFrameworkArduino.a(tempmon.c.o)
                0x600013c0                tempmon_init
 .flashmem      0x600014dc       0xec .pio\build\teensy40\libFrameworkArduino.a(usb.c.o)
                0x600014dc                usb_init
 .flashmem      0x600015c8       0x58 .pio\build\teensy40\libFrameworkArduino.a(analog.c.o)
                0x600015c8                analog_init
 *(.progmem*)
 .progmem       0x60001620       0xc6 .pio\build\teensy40\libFrameworkArduino.a(usb_desc.c.o)
                0x60001620                usb_string_product_name_default
                0x60001620                usb_string_product_name
                0x60001638                usb_string_manufacturer_name
                0x60001638                usb_string_manufacturer_name_default
                0x60001650                string0
                0x60001654                usb_config_descriptor_12
                0x60001698                usb_config_descriptor_480
                0x600016e8                . = ALIGN (0x4)
 *fill*         0x600016e6        0x2 ff
 *(.init)
 .init          0x600016e8        0x4 c:/users/ponyxis/.platformio/packages/toolchain-gccarmnoneeabi/bin/../lib/gcc/arm-none-eabi/5.4.1/armv7e-m/fpu/fpv5-d16/crti.o
                0x600016e8                _init
 .init          0x600016ec        0x8 c:/users/ponyxis/.platformio/packages/toolchain-gccarmnoneeabi/bin/../lib/gcc/arm-none-eabi/5.4.1/armv7e-m/fpu/fpv5-d16/crtn.o
 *fill*         0x600016f4        0x4 ff
 .init.__stub   0x600016f8       0x48 linker stubs
                0x60001740                __preinit_array_start = .
 *(.preinit_array)
                0x60001740                __preinit_array_end = .
                0x60001740                __init_array_start = .
 *(.init_array)
 .init_array    0x60001740        0x4 c:/users/ponyxis/.platformio/packages/toolchain-gccarmnoneeabi/bin/../lib/gcc/arm-none-eabi/5.4.1/armv7e-m/fpu/fpv5-d16/crtbegin.o
 .init_array    0x60001744        0x4 .pio\build\teensy40\liba69\libdisplay.a(display.cpp.o)
 .init_array    0x60001748        0x4 .pio\build\teensy40\libcda\libkeyboard.a(keyboard.cpp.o)
                0x6000174c                __init_array_end = .
                0x60001750                . = ALIGN (0x10)
 *fill*         0x6000174c        0x4 ff

.text.itcm      0x00000000     0x7bb0 load address 0x60001750
                0x00000020                . = (. + 0x20)
 *fill*         0x00000000       0x20 
 *(.fastrun)
 *(.text*)
 .text          0x00000020       0x5c c:/users/ponyxis/.platformio/packages/toolchain-gccarmnoneeabi/bin/../lib/gcc/arm-none-eabi/5.4.1/armv7e-m/fpu/fpv5-d16/crtbegin.o
 .text.setup    0x0000007c       0x30 .pio\build\teensy40\src\main.cpp.o
                0x0000007c                setup
 .text.loop     0x000000ac        0xc .pio\build\teensy40\src\main.cpp.o
                0x000000ac                loop
 .text._Z22recvRetCommandFinishedm
                0x000000b8       0x50 .pio\build\teensy40\libd56\libnextion.a(NexHardware.cpp.o)
                0x000000b8                recvRetCommandFinished(unsigned long)
 .text._Z13recvRetStringPctm
                0x00000108       0xb8 .pio\build\teensy40\libd56\libnextion.a(NexHardware.cpp.o)
                0x00000108                recvRetString(char*, unsigned short, unsigned long)
 .text._Z7nexLoopPP8NexTouch
                0x000001c0       0x78 .pio\build\teensy40\libd56\libnextion.a(NexHardware.cpp.o)
                0x000001c0                nexLoop(NexTouch**)
 .text._Z11sendCommandPKc
                0x00000238       0x48 .pio\build\teensy40\libd56\libnextion.a(NexHardware.cpp.o)
                0x00000238                sendCommand(char const*)
 .text._Z7nexInitv
                0x00000280       0x48 .pio\build\teensy40\libd56\libnextion.a(NexHardware.cpp.o)
                0x00000280                nexInit()
 .text._ZN8NexTouchC2EhhPKc
                0x000002c8       0x18 .pio\build\teensy40\libd56\libnextion.a(NexTouch.cpp.o)
                0x000002c8                NexTouch::NexTouch(unsigned char, unsigned char, char const*)
                0x000002c8                NexTouch::NexTouch(unsigned char, unsigned char, char const*)
 .text._ZN8NexTouch9attachPopEPFvPvES0_
                0x000002e0        0x8 .pio\build\teensy40\libd56\libnextion.a(NexTouch.cpp.o)
                0x000002e0                NexTouch::attachPop(void (*)(void*), void*)
 .text._ZN8NexTouch7iterateEPPS_hhl
                0x000002e8       0x6c .pio\build\teensy40\libd56\libnextion.a(NexTouch.cpp.o)
                0x000002e8                NexTouch::iterate(NexTouch**, unsigned char, unsigned char, long)
 .text._ZN9NexObjectC2EhhPKc
                0x00000354       0x10 .pio\build\teensy40\libd56\libnextion.a(NexObject.cpp.o)
                0x00000354                NexObject::NexObject(unsigned char, unsigned char, char const*)
                0x00000354                NexObject::NexObject(unsigned char, unsigned char, char const*)
 .text._ZN9NexObject9getObjPidEv
                0x00000364        0x4 .pio\build\teensy40\libd56\libnextion.a(NexObject.cpp.o)
                0x00000364                NexObject::getObjPid()
 .text._ZN9NexObject9getObjCidEv
                0x00000368        0x4 .pio\build\teensy40\libd56\libnextion.a(NexObject.cpp.o)
                0x00000368                NexObject::getObjCid()
 .text._ZN9NexObject10getObjNameEv
                0x0000036c        0x4 .pio\build\teensy40\libd56\libnextion.a(NexObject.cpp.o)
                0x0000036c                NexObject::getObjName()
 .text._ZN9NexObject12printObjInfoEv
                0x00000370        0x4 .pio\build\teensy40\libd56\libnextion.a(NexObject.cpp.o)
                0x00000370                NexObject::printObjInfo()
 .text._Z16displaySaveLinesv
                0x00000374       0x28 .pio\build\teensy40\liba69\libdisplay.a(display.cpp.o)
                0x00000374                displaySaveLines()
 .text._Z16displayLoadLinesv
                0x0000039c       0x40 .pio\build\teensy40\liba69\libdisplay.a(display.cpp.o)
                0x0000039c                displayLoadLines()
 .text._Z15displayScroolUpv
                0x000003dc       0x68 .pio\build\teensy40\liba69\libdisplay.a(display.cpp.o)
                0x000003dc                displayScroolUp()
 .text._Z13displayPrintfPcz
                0x00000444       0x64 .pio\build\teensy40\liba69\libdisplay.a(display.cpp.o)
                0x00000444                displayPrintf(char*, ...)
 .text.startup._GLOBAL__sub_I_line0
                0x000004a8      0x328 .pio\build\teensy40\liba69\libdisplay.a(display.cpp.o)
 .text._Z23btnCapsShiftPopCallbackPv
                0x000007d0       0x10 .pio\build\teensy40\libcda\libkeyboard.a(keyboard.cpp.o)
                0x000007d0                btnCapsShiftPopCallback(void*)
 .text._Z25btnSymbolShiftPopCallbackPv
                0x000007e0        0x4 .pio\build\teensy40\libcda\libkeyboard.a(keyboard.cpp.o)
                0x000007e0                btnSymbolShiftPopCallback(void*)
 .text._Z22btnKeyboardPopCallbackPv
                0x000007e4       0x14 .pio\build\teensy40\libcda\libkeyboard.a(keyboard.cpp.o)
                0x000007e4                btnKeyboardPopCallback(void*)
 .text._Z14registrButtonsv
                0x000007f8      0x2e8 .pio\build\teensy40\libcda\libkeyboard.a(keyboard.cpp.o)
                0x000007f8                registrButtons()
 .text._Z18keyboardShowLetterh
                0x00000ae0       0x54 .pio\build\teensy40\libcda\libkeyboard.a(keyboard.cpp.o)
                0x00000ae0                keyboardShowLetter(unsigned char)
 .text._Z15btn1PopCallbackPv
                0x00000b34        0x8 .pio\build\teensy40\libcda\libkeyboard.a(keyboard.cpp.o)
                0x00000b34                btn1PopCallback(void*)
 .text._Z15btn2PopCallbackPv
                0x00000b3c        0x8 .pio\build\teensy40\libcda\libkeyboard.a(keyboard.cpp.o)
                0x00000b3c                btn2PopCallback(void*)
 .text._Z15btn3PopCallbackPv
                0x00000b44        0x8 .pio\build\teensy40\libcda\libkeyboard.a(keyboard.cpp.o)
                0x00000b44                btn3PopCallback(void*)
 .text._Z15btn4PopCallbackPv
                0x00000b4c        0x8 .pio\build\teensy40\libcda\libkeyboard.a(keyboard.cpp.o)
                0x00000b4c                btn4PopCallback(void*)
 .text._Z15btn5PopCallbackPv
                0x00000b54        0x8 .pio\build\teensy40\libcda\libkeyboard.a(keyboard.cpp.o)
                0x00000b54                btn5PopCallback(void*)
 .text._Z15btn6PopCallbackPv
                0x00000b5c        0x8 .pio\build\teensy40\libcda\libkeyboard.a(keyboard.cpp.o)
                0x00000b5c                btn6PopCallback(void*)
 .text._Z15btn7PopCallbackPv
                0x00000b64        0x8 .pio\build\teensy40\libcda\libkeyboard.a(keyboard.cpp.o)
                0x00000b64                btn7PopCallback(void*)
 .text._Z15btn8PopCallbackPv
                0x00000b6c        0x8 .pio\build\teensy40\libcda\libkeyboard.a(keyboard.cpp.o)
                0x00000b6c                btn8PopCallback(void*)
 .text._Z15btn9PopCallbackPv
                0x00000b74        0x8 .pio\build\teensy40\libcda\libkeyboard.a(keyboard.cpp.o)
                0x00000b74                btn9PopCallback(void*)
 .text._Z15btn0PopCallbackPv
                0x00000b7c        0x8 .pio\build\teensy40\libcda\libkeyboard.a(keyboard.cpp.o)
                0x00000b7c                btn0PopCallback(void*)
 .text._Z15btnqPopCallbackPv
                0x00000b84        0x8 .pio\build\teensy40\libcda\libkeyboard.a(keyboard.cpp.o)
                0x00000b84                btnqPopCallback(void*)
 .text._Z15btnwPopCallbackPv
                0x00000b8c        0x8 .pio\build\teensy40\libcda\libkeyboard.a(keyboard.cpp.o)
                0x00000b8c                btnwPopCallback(void*)
 .text._Z15btnePopCallbackPv
                0x00000b94        0x8 .pio\build\teensy40\libcda\libkeyboard.a(keyboard.cpp.o)
                0x00000b94                btnePopCallback(void*)
 .text._Z15btnrPopCallbackPv
                0x00000b9c        0x8 .pio\build\teensy40\libcda\libkeyboard.a(keyboard.cpp.o)
                0x00000b9c                btnrPopCallback(void*)
 .text._Z15btntPopCallbackPv
                0x00000ba4        0x8 .pio\build\teensy40\libcda\libkeyboard.a(keyboard.cpp.o)
                0x00000ba4                btntPopCallback(void*)
 .text._Z15btnyPopCallbackPv
                0x00000bac        0x8 .pio\build\teensy40\libcda\libkeyboard.a(keyboard.cpp.o)
                0x00000bac                btnyPopCallback(void*)
 .text._Z15btnuPopCallbackPv
                0x00000bb4        0x8 .pio\build\teensy40\libcda\libkeyboard.a(keyboard.cpp.o)
                0x00000bb4                btnuPopCallback(void*)
 .text._Z15btniPopCallbackPv
                0x00000bbc        0x8 .pio\build\teensy40\libcda\libkeyboard.a(keyboard.cpp.o)
                0x00000bbc                btniPopCallback(void*)
 .text._Z15btnoPopCallbackPv
                0x00000bc4        0x8 .pio\build\teensy40\libcda\libkeyboard.a(keyboard.cpp.o)
                0x00000bc4                btnoPopCallback(void*)
 .text._Z15btnpPopCallbackPv
                0x00000bcc        0x8 .pio\build\teensy40\libcda\libkeyboard.a(keyboard.cpp.o)
                0x00000bcc                btnpPopCallback(void*)
 .text._Z15btnaPopCallbackPv
                0x00000bd4        0x8 .pio\build\teensy40\libcda\libkeyboard.a(keyboard.cpp.o)
                0x00000bd4                btnaPopCallback(void*)
 .text._Z15btnsPopCallbackPv
                0x00000bdc        0x8 .pio\build\teensy40\libcda\libkeyboard.a(keyboard.cpp.o)
                0x00000bdc                btnsPopCallback(void*)
 .text._Z15btndPopCallbackPv
                0x00000be4        0x8 .pio\build\teensy40\libcda\libkeyboard.a(keyboard.cpp.o)
                0x00000be4                btndPopCallback(void*)
 .text._Z15btnfPopCallbackPv
                0x00000bec        0x8 .pio\build\teensy40\libcda\libkeyboard.a(keyboard.cpp.o)
                0x00000bec                btnfPopCallback(void*)
 .text._Z15btngPopCallbackPv
                0x00000bf4        0x8 .pio\build\teensy40\libcda\libkeyboard.a(keyboard.cpp.o)
                0x00000bf4                btngPopCallback(void*)
 .text._Z15btnhPopCallbackPv
                0x00000bfc        0x8 .pio\build\teensy40\libcda\libkeyboard.a(keyboard.cpp.o)
                0x00000bfc                btnhPopCallback(void*)
 .text._Z15btnjPopCallbackPv
                0x00000c04        0x8 .pio\build\teensy40\libcda\libkeyboard.a(keyboard.cpp.o)
                0x00000c04                btnjPopCallback(void*)
 .text._Z15btnkPopCallbackPv
                0x00000c0c        0x8 .pio\build\teensy40\libcda\libkeyboard.a(keyboard.cpp.o)
                0x00000c0c                btnkPopCallback(void*)
 .text._Z15btnlPopCallbackPv
                0x00000c14        0x8 .pio\build\teensy40\libcda\libkeyboard.a(keyboard.cpp.o)
                0x00000c14                btnlPopCallback(void*)
 .text._Z19btnEnterPopCallbackPv
                0x00000c1c       0x4c .pio\build\teensy40\libcda\libkeyboard.a(keyboard.cpp.o)
                0x00000c1c                btnEnterPopCallback(void*)
 .text._Z15btnzPopCallbackPv
                0x00000c68        0x8 .pio\build\teensy40\libcda\libkeyboard.a(keyboard.cpp.o)
                0x00000c68                btnzPopCallback(void*)
 .text._Z15btnxPopCallbackPv
                0x00000c70        0x8 .pio\build\teensy40\libcda\libkeyboard.a(keyboard.cpp.o)
                0x00000c70                btnxPopCallback(void*)
 .text._Z15btncPopCallbackPv
                0x00000c78        0x8 .pio\build\teensy40\libcda\libkeyboard.a(keyboard.cpp.o)
                0x00000c78                btncPopCallback(void*)
 .text._Z15btnvPopCallbackPv
                0x00000c80        0x8 .pio\build\teensy40\libcda\libkeyboard.a(keyboard.cpp.o)
                0x00000c80                btnvPopCallback(void*)
 .text._Z15btnbPopCallbackPv
                0x00000c88        0x8 .pio\build\teensy40\libcda\libkeyboard.a(keyboard.cpp.o)
                0x00000c88                btnbPopCallback(void*)
 .text._Z15btnnPopCallbackPv
                0x00000c90        0x8 .pio\build\teensy40\libcda\libkeyboard.a(keyboard.cpp.o)
                0x00000c90                btnnPopCallback(void*)
 .text._Z15btnmPopCallbackPv
                0x00000c98        0x8 .pio\build\teensy40\libcda\libkeyboard.a(keyboard.cpp.o)
                0x00000c98                btnmPopCallback(void*)
 .text._Z19btnSpacePopCallbackPv
                0x00000ca0        0x8 .pio\build\teensy40\libcda\libkeyboard.a(keyboard.cpp.o)
                0x00000ca0                btnSpacePopCallback(void*)
 .text.startup._GLOBAL__sub_I_btn1
                0x00000ca8      0x34c .pio\build\teensy40\libcda\libkeyboard.a(keyboard.cpp.o)
 .text._ZN15SerialFlashChip4waitEv
                0x00000ff4      0x26c .pio\build\teensy40\lib2c6\libSerialFlash.a(SerialFlashChip.cpp.o)
                0x00000ff4                SerialFlashChip::wait()
 .text._ZN15SerialFlashChip6readIDEPh
                0x00001260      0x1ec .pio\build\teensy40\lib2c6\libSerialFlash.a(SerialFlashChip.cpp.o)
                0x00001260                SerialFlashChip::readID(unsigned char*)
 .text._ZN15SerialFlashChip8capacityEPKh
                0x0000144c       0x5c .pio\build\teensy40\lib2c6\libSerialFlash.a(SerialFlashChip.cpp.o)
                0x0000144c                SerialFlashChip::capacity(unsigned char const*)
 .text._ZN15SerialFlashChip5beginEh
                0x000014a8      0x2ac .pio\build\teensy40\lib2c6\libSerialFlash.a(SerialFlashChip.cpp.o)
                0x000014a8                SerialFlashChip::begin(unsigned char)
 .text._ZN14HardwareSerial17availableForWriteEv
                0x00001754       0x20 .pio\build\teensy40\libFrameworkArduino.a(HardwareSerial.cpp.o)
                0x00001754                HardwareSerial::availableForWrite()
 .text._ZN14HardwareSerial9availableEv
                0x00001774       0x1c .pio\build\teensy40\libFrameworkArduino.a(HardwareSerial.cpp.o)
                0x00001774                HardwareSerial::available()
 .text._ZN14HardwareSerial4peekEv
                0x00001790       0x38 .pio\build\teensy40\libFrameworkArduino.a(HardwareSerial.cpp.o)
                0x00001790                HardwareSerial::peek()
 .text._ZN14HardwareSerial4readEv
                0x000017c8       0x6c .pio\build\teensy40\libFrameworkArduino.a(HardwareSerial.cpp.o)
                0x000017c8                HardwareSerial::read()
 .text._ZN14HardwareSerial5flushEv
                0x00001834       0x1c .pio\build\teensy40\libFrameworkArduino.a(HardwareSerial.cpp.o)
                0x00001834                HardwareSerial::flush()
 .text._Z23nvic_execution_priorityv
                0x00001850       0x40 .pio\build\teensy40\libFrameworkArduino.a(HardwareSerial.cpp.o)
                0x00001850                nvic_execution_priority()
 .text._ZN14HardwareSerial5beginEmt
                0x00001890      0x258 .pio\build\teensy40\libFrameworkArduino.a(HardwareSerial.cpp.o)
                0x00001890                HardwareSerial::begin(unsigned long, unsigned short)
 .text._ZN14HardwareSerial9write9bitEm
                0x00001ae8       0xc0 .pio\build\teensy40\libFrameworkArduino.a(HardwareSerial.cpp.o)
                0x00001ae8                HardwareSerial::write9bit(unsigned long)
 .text._ZN14HardwareSerial5writeEh
                0x00001ba8        0x4 .pio\build\teensy40\libFrameworkArduino.a(HardwareSerial.cpp.o)
                0x00001ba8                HardwareSerial::write(unsigned char)
 .text._ZN14HardwareSerial10IRQHandlerEv
                0x00001bac      0x154 .pio\build\teensy40\libFrameworkArduino.a(HardwareSerial.cpp.o)
                0x00001bac                HardwareSerial::IRQHandler()
 .text._ZN14HardwareSerial19processSerialEventsEv
                0x00001d00       0x28 .pio\build\teensy40\libFrameworkArduino.a(HardwareSerial.cpp.o)
                0x00001d00                HardwareSerial::processSerialEvents()
 .text._ZN14HardwareSerial19disableSerialEventsEv
                0x00001d28       0x2c .pio\build\teensy40\libFrameworkArduino.a(HardwareSerial.cpp.o)
                0x00001d28                HardwareSerial::disableSerialEvents()
 .text.IRQHandler_Serial1
                0x00001d54        0xc .pio\build\teensy40\libFrameworkArduino.a(HardwareSerial1.cpp.o)
                0x00001d54                IRQHandler_Serial1
 .text._Z12serialEvent1v
                0x00001d60        0xc .pio\build\teensy40\libFrameworkArduino.a(HardwareSerial1.cpp.o)
                0x00001d60                serialEvent1()
 .text._Z26serial_event_check_serial1v
                0x00001d6c       0x14 .pio\build\teensy40\libFrameworkArduino.a(HardwareSerial1.cpp.o)
                0x00001d6c                serial_event_check_serial1()
 .text._ZN5Print5writeEPKhj
                0x00001d80       0x2c .pio\build\teensy40\libFrameworkArduino.a(Print.cpp.o)
                0x00001d80                Print::write(unsigned char const*, unsigned int)
 .text._ZN6Stream9timedReadEv
                0x00001dac       0x30 .pio\build\teensy40\libFrameworkArduino.a(Stream.cpp.o)
                0x00001dac                Stream::timedRead()
 .text._ZN6Stream10setTimeoutEm
                0x00001ddc        0x4 .pio\build\teensy40\libFrameworkArduino.a(Stream.cpp.o)
                0x00001ddc                Stream::setTimeout(unsigned long)
 .text._ZN6Stream9readBytesEPcj
                0x00001de0       0x34 .pio\build\teensy40\libFrameworkArduino.a(Stream.cpp.o)
                0x00001de0                Stream::readBytes(char*, unsigned int)
 .text._ZN6StringD2Ev
                0x00001e14       0x10 .pio\build\teensy40\libFrameworkArduino.a(WString.cpp.o)
                0x00001e14                String::~String()
                0x00001e14                String::~String()
 .text._ZN6String7reserveEj
                0x00001e24       0x2c .pio\build\teensy40\libFrameworkArduino.a(WString.cpp.o)
                0x00001e24                String::reserve(unsigned int)
 .text._ZN6String4copyEPKcj
                0x00001e50       0x44 .pio\build\teensy40\libFrameworkArduino.a(WString.cpp.o)
                0x00001e50                String::copy(char const*, unsigned int)
 .text._ZN6StringC2EPKc
                0x00001e94       0x28 .pio\build\teensy40\libFrameworkArduino.a(WString.cpp.o)
                0x00001e94                String::String(char const*)
                0x00001e94                String::String(char const*)
 .text._ZN6String6appendEPKcj
                0x00001ebc       0x70 .pio\build\teensy40\libFrameworkArduino.a(WString.cpp.o)
                0x00001ebc                String::append(char const*, unsigned int)
 .text._ZN6String6appendEPKc
                0x00001f2c       0x1c .pio\build\teensy40\libFrameworkArduino.a(WString.cpp.o)
                0x00001f2c                String::append(char const*)
 .text._ZN6String6appendEc
                0x00001f48       0x20 .pio\build\teensy40\libFrameworkArduino.a(WString.cpp.o)
                0x00001f48                String::append(char)
 .text.set_arm_clock
                0x00001f68      0x2c4 .pio\build\teensy40\libFrameworkArduino.a(clockspeed.c.o)
                0x00001f68                set_arm_clock
 .text.delay    0x0000222c       0xcc .pio\build\teensy40\libFrameworkArduino.a(delay.c.o)
                0x0000222c                delay
 .text.digitalWrite.part.0
                0x000022f8       0x24 .pio\build\teensy40\libFrameworkArduino.a(digital.c.o)
 .text.digitalWrite
                0x0000231c        0xc .pio\build\teensy40\libFrameworkArduino.a(digital.c.o)
                0x0000231c                digitalWrite
 .text.pinMode  0x00002328       0x80 .pio\build\teensy40\libFrameworkArduino.a(digital.c.o)
                0x00002328                pinMode
 .text.startup.main
                0x000023a8       0x10 .pio\build\teensy40\libFrameworkArduino.a(main.cpp.o)
                0x000023a8                main
 .text          0x000023b8      0x134 .pio\build\teensy40\libFrameworkArduino.a(memcpy-armv7m.S.o)
                0x000023b8                memcpy
 .text.ultoa    0x000024ec       0x50 .pio\build\teensy40\libFrameworkArduino.a(nonstd.c.o)
                0x000024ec                ultoa
 .text.unused_interrupt_vector
                0x0000253c       0x18 .pio\build\teensy40\libFrameworkArduino.a(startup.c.o)
                0x0000253c                unused_interrupt_vector
 .text.startup_default_early_hook
                0x00002554        0x4 .pio\build\teensy40\libFrameworkArduino.a(startup.c.o)
                0x00002554                startup_early_hook
                0x00002554                startup_default_early_hook
 .text.startup_default_late_hook
                0x00002558        0x4 .pio\build\teensy40\libFrameworkArduino.a(startup.c.o)
                0x00002558                startup_late_hook
                0x00002558                startup_default_late_hook
 .text.HardFault_HandlerC
                0x0000255c       0x8c .pio\build\teensy40\libFrameworkArduino.a(startup.c.o)
                0x0000255c                HardFault_HandlerC
 .text._sbrk    0x000025e8       0x30 .pio\build\teensy40\libFrameworkArduino.a(startup.c.o)
                0x000025e8                _sbrk
 .text.Panic_Temp_isr
                0x00002618       0x24 .pio\build\teensy40\libFrameworkArduino.a(tempmon.c.o)
                0x00002618                Panic_Temp_isr
 .text.schedule_transfer
                0x0000263c       0x5c .pio\build\teensy40\libFrameworkArduino.a(usb.c.o)
 .text.run_callbacks
                0x00002698       0x38 .pio\build\teensy40\libFrameworkArduino.a(usb.c.o)
 .text.endpoint0_transmit.constprop.1
                0x000026d0       0xa4 .pio\build\teensy40\libFrameworkArduino.a(usb.c.o)
 .text.isr      0x00002774      0x698 .pio\build\teensy40\libFrameworkArduino.a(usb.c.o)
 .text.usb_config_rx
                0x00002e0c       0x64 .pio\build\teensy40\libFrameworkArduino.a(usb.c.o)
                0x00002e0c                usb_config_rx
 .text.usb_config_tx
                0x00002e70       0x68 .pio\build\teensy40\libFrameworkArduino.a(usb.c.o)
                0x00002e70                usb_config_tx
 .text.usb_prepare_transfer
                0x00002ed8       0x30 .pio\build\teensy40\libFrameworkArduino.a(usb.c.o)
                0x00002ed8                usb_prepare_transfer
 .text.usb_transmit
                0x00002f08       0x28 .pio\build\teensy40\libFrameworkArduino.a(usb.c.o)
                0x00002f08                usb_transmit
 .text.usb_receive
                0x00002f30       0x24 .pio\build\teensy40\libFrameworkArduino.a(usb.c.o)
                0x00002f30                usb_receive
 .text.usb_init_serialnumber
                0x00002f54       0x58 .pio\build\teensy40\libFrameworkArduino.a(usb_desc.c.o)
                0x00002f54                usb_init_serialnumber
 .text.rx_queue_transfer
                0x00002fac       0x6c .pio\build\teensy40\libFrameworkArduino.a(usb_serial.c.o)
 .text.rx_event
                0x00003018       0xb4 .pio\build\teensy40\libFrameworkArduino.a(usb_serial.c.o)
 .text.usb_serial_flush_callback
                0x000030cc       0x98 .pio\build\teensy40\libFrameworkArduino.a(usb_serial.c.o)
 .text.usb_serial_reset
                0x00003164        0x4 .pio\build\teensy40\libFrameworkArduino.a(usb_serial.c.o)
                0x00003164                usb_serial_reset
 .text.usb_serial_configure
                0x00003168      0x108 .pio\build\teensy40\libFrameworkArduino.a(usb_serial.c.o)
                0x00003168                usb_serial_configure
 .text.usb_serial_available
                0x00003270        0xc .pio\build\teensy40\libFrameworkArduino.a(usb_serial.c.o)
                0x00003270                usb_serial_available
 .text.yield    0x0000327c       0xa0 .pio\build\teensy40\libFrameworkArduino.a(yield.cpp.o)
                0x0000327c                yield
 .text._ZN14EventResponder24triggerEventNotImmediateEv
                0x0000331c       0x80 .pio\build\teensy40\libFrameworkArduino.a(EventResponder.cpp.o)
                0x0000331c                EventResponder::triggerEventNotImmediate()
 .text._ZN14EventResponder12triggerEventEiPv
                0x0000339c       0x1c .pio\build\teensy40\libFrameworkArduino.a(EventResponder.cpp.o)
                0x0000339c                EventResponder::triggerEvent(int, void*)
 .text._ZN14EventResponder16runFromInterruptEv
                0x000033b8       0x44 .pio\build\teensy40\libFrameworkArduino.a(EventResponder.cpp.o)
                0x000033b8                EventResponder::runFromInterrupt()
 .text.pendablesrvreq_isr
                0x000033fc        0x4 .pio\build\teensy40\libFrameworkArduino.a(EventResponder.cpp.o)
                0x000033fc                pendablesrvreq_isr
 .text._ZN11MillisTimer15addToActiveListEv
                0x00003400       0x68 .pio\build\teensy40\libFrameworkArduino.a(EventResponder.cpp.o)
                0x00003400                MillisTimer::addToActiveList()
 .text._ZN11MillisTimer12runFromTimerEv
                0x00003468       0x98 .pio\build\teensy40\libFrameworkArduino.a(EventResponder.cpp.o)
                0x00003468                MillisTimer::runFromTimer()
 .text.systick_isr
                0x00003500       0x20 .pio\build\teensy40\libFrameworkArduino.a(EventResponder.cpp.o)
                0x00003500                systick_isr
 .text.pwm_init
                0x00003520      0x2b8 .pio\build\teensy40\libFrameworkArduino.a(pwm.c.o)
                0x00003520                pwm_init
 .text._Z11serialEventv
                0x000037d8        0xc .pio\build\teensy40\libFrameworkArduino.a(usb_inst.cpp.o)
                0x000037d8                serialEvent()
 .text._ZN9NexButtonC2EhhPKc
                0x000037e4        0xc .pio\build\teensy40\libd56\libnextion.a(NexButton.cpp.o)
                0x000037e4                NexButton::NexButton(unsigned char, unsigned char, char const*)
                0x000037e4                NexButton::NexButton(unsigned char, unsigned char, char const*)
 .text._ZN7NexTextC2EhhPKc
                0x000037f0        0xc .pio\build\teensy40\libd56\libnextion.a(NexText.cpp.o)
                0x000037f0                NexText::NexText(unsigned char, unsigned char, char const*)
                0x000037f0                NexText::NexText(unsigned char, unsigned char, char const*)
 .text._ZN7NexText7getTextEPct
                0x000037fc       0x58 .pio\build\teensy40\libd56\libnextion.a(NexText.cpp.o)
                0x000037fc                NexText::getText(char*, unsigned short)
 .text._ZN7NexText7setTextEPKc
                0x00003854       0x58 .pio\build\teensy40\libd56\libnextion.a(NexText.cpp.o)
                0x00003854                NexText::setText(char const*)
 .text._Z15_spi_dma_rxISR0v
                0x000038ac       0xd4 .pio\build\teensy40\lib05e\libSPI.a(SPI.cpp.o)
                0x000038ac                _spi_dma_rxISR0()
 .text._ZN8SPIClass5beginEv
                0x00003980      0x214 .pio\build\teensy40\lib05e\libSPI.a(SPI.cpp.o)
                0x00003980                SPIClass::begin()
 .text.__errno  0x00003b94        0xc c:/users/ponyxis/.platformio/packages/toolchain-gccarmnoneeabi/bin/../lib/gcc/arm-none-eabi/5.4.1/../../../../arm-none-eabi/lib/armv7e-m/fpu/fpv5-d16\libc.a(lib_a-errno.o)
                0x00003b94                __errno
 .text.__libc_init_array
                0x00003ba0       0x50 c:/users/ponyxis/.platformio/packages/toolchain-gccarmnoneeabi/bin/../lib/gcc/arm-none-eabi/5.4.1/../../../../arm-none-eabi/lib/armv7e-m/fpu/fpv5-d16\libc.a(lib_a-init.o)
                0x00003ba0                __libc_init_array
 .text.free     0x00003bf0       0x10 c:/users/ponyxis/.platformio/packages/toolchain-gccarmnoneeabi/bin/../lib/gcc/arm-none-eabi/5.4.1/../../../../arm-none-eabi/lib/armv7e-m/fpu/fpv5-d16\libc.a(lib_a-malloc.o)
                0x00003bf0                free
 .text._malloc_r
                0x00003c00      0x570 c:/users/ponyxis/.platformio/packages/toolchain-gccarmnoneeabi/bin/../lib/gcc/arm-none-eabi/5.4.1/../../../../arm-none-eabi/lib/armv7e-m/fpu/fpv5-d16\libc.a(lib_a-mallocr.o)
                0x00003c00                _malloc_r
 .text.__ascii_mbtowc
                0x00004170       0x2c c:/users/ponyxis/.platformio/packages/toolchain-gccarmnoneeabi/bin/../lib/gcc/arm-none-eabi/5.4.1/../../../../arm-none-eabi/lib/armv7e-m/fpu/fpv5-d16\libc.a(lib_a-mbtowc_r.o)
                0x00004170                __ascii_mbtowc
 .text.memmove  0x0000419c       0xc8 c:/users/ponyxis/.platformio/packages/toolchain-gccarmnoneeabi/bin/../lib/gcc/arm-none-eabi/5.4.1/../../../../arm-none-eabi/lib/armv7e-m/fpu/fpv5-d16\libc.a(lib_a-memmove.o)
                0x0000419c                memmove
 .text.memset   0x00004264       0x9c c:/users/ponyxis/.platformio/packages/toolchain-gccarmnoneeabi/bin/../lib/gcc/arm-none-eabi/5.4.1/../../../../arm-none-eabi/lib/armv7e-m/fpu/fpv5-d16\libc.a(lib_a-memset.o)
                0x00004264                memset
 .text.__malloc_lock
                0x00004300        0x4 c:/users/ponyxis/.platformio/packages/toolchain-gccarmnoneeabi/bin/../lib/gcc/arm-none-eabi/5.4.1/../../../../arm-none-eabi/lib/armv7e-m/fpu/fpv5-d16\libc.a(lib_a-mlock.o)
                0x00004300                __malloc_lock
 .text.__malloc_unlock
                0x00004304        0x4 c:/users/ponyxis/.platformio/packages/toolchain-gccarmnoneeabi/bin/../lib/gcc/arm-none-eabi/5.4.1/../../../../arm-none-eabi/lib/armv7e-m/fpu/fpv5-d16\libc.a(lib_a-mlock.o)
                0x00004304                __malloc_unlock
 .text.realloc  0x00004308       0x10 c:/users/ponyxis/.platformio/packages/toolchain-gccarmnoneeabi/bin/../lib/gcc/arm-none-eabi/5.4.1/../../../../arm-none-eabi/lib/armv7e-m/fpu/fpv5-d16\libc.a(lib_a-realloc.o)
                0x00004308                realloc
 .text._realloc_r
                0x00004318      0x3e0 c:/users/ponyxis/.platformio/packages/toolchain-gccarmnoneeabi/bin/../lib/gcc/arm-none-eabi/5.4.1/../../../../arm-none-eabi/lib/armv7e-m/fpu/fpv5-d16\libc.a(lib_a-reallocr.o)
                0x00004318                _realloc_r
 .text._sbrk_r  0x000046f8       0x24 c:/users/ponyxis/.platformio/packages/toolchain-gccarmnoneeabi/bin/../lib/gcc/arm-none-eabi/5.4.1/../../../../arm-none-eabi/lib/armv7e-m/fpu/fpv5-d16\libc.a(lib_a-sbrkr.o)
                0x000046f8                _sbrk_r
 .text.sprintf  0x0000471c       0x4c c:/users/ponyxis/.platformio/packages/toolchain-gccarmnoneeabi/bin/../lib/gcc/arm-none-eabi/5.4.1/../../../../arm-none-eabi/lib/armv7e-m/fpu/fpv5-d16\libc.a(lib_a-sprintf.o)
                0x0000471c                sprintf
 .text.strchr   0x00004768       0xd0 c:/users/ponyxis/.platformio/packages/toolchain-gccarmnoneeabi/bin/../lib/gcc/arm-none-eabi/5.4.1/../../../../arm-none-eabi/lib/armv7e-m/fpu/fpv5-d16\libc.a(lib_a-strchr.o)
                0x00004768                strchr
 .text.strcpy   0x00004838       0xbc c:/users/ponyxis/.platformio/packages/toolchain-gccarmnoneeabi/bin/../lib/gcc/arm-none-eabi/5.4.1/../../../../arm-none-eabi/lib/armv7e-m/fpu/fpv5-d16\libc.a(lib_a-strcpy.o)
                0x00004838                strcpy
 *fill*         0x000048f4        0xc 
 .text          0x00004900       0xdc c:/users/ponyxis/.platformio/packages/toolchain-gccarmnoneeabi/bin/../lib/gcc/arm-none-eabi/5.4.1/../../../../arm-none-eabi/lib/armv7e-m/fpu/fpv5-d16\libc.a(lib_a-strlen.o)
                0x00004900                strlen
 .text.strncpy  0x000049dc       0x68 c:/users/ponyxis/.platformio/packages/toolchain-gccarmnoneeabi/bin/../lib/gcc/arm-none-eabi/5.4.1/../../../../arm-none-eabi/lib/armv7e-m/fpu/fpv5-d16\libc.a(lib_a-strncpy.o)
                0x000049dc                strncpy
 *fill*         0x00004a44        0x4 
 .text._svfprintf_r
                0x00004a48     0x1570 c:/users/ponyxis/.platformio/packages/toolchain-gccarmnoneeabi/bin/../lib/gcc/arm-none-eabi/5.4.1/../../../../arm-none-eabi/lib/armv7e-m/fpu/fpv5-d16\libc.a(lib_a-svfprintf.o)
                0x00004a48                _svfprintf_r
 .text._vsprintf_r
                0x00005fb8       0x34 c:/users/ponyxis/.platformio/packages/toolchain-gccarmnoneeabi/bin/../lib/gcc/arm-none-eabi/5.4.1/../../../../arm-none-eabi/lib/armv7e-m/fpu/fpv5-d16\libc.a(lib_a-vsprintf.o)
                0x00005fb8                _vsprintf_r
 .text.vsprintf
                0x00005fec       0x18 c:/users/ponyxis/.platformio/packages/toolchain-gccarmnoneeabi/bin/../lib/gcc/arm-none-eabi/5.4.1/../../../../arm-none-eabi/lib/armv7e-m/fpu/fpv5-d16\libc.a(lib_a-vsprintf.o)
                0x00005fec                vsprintf
 .text.__ascii_wctomb
                0x00006004       0x1c c:/users/ponyxis/.platformio/packages/toolchain-gccarmnoneeabi/bin/../lib/gcc/arm-none-eabi/5.4.1/../../../../arm-none-eabi/lib/armv7e-m/fpu/fpv5-d16\libc.a(lib_a-wctomb_r.o)
                0x00006004                __ascii_wctomb
 .text.quorem   0x00006020      0x128 c:/users/ponyxis/.platformio/packages/toolchain-gccarmnoneeabi/bin/../lib/gcc/arm-none-eabi/5.4.1/../../../../arm-none-eabi/lib/armv7e-m/fpu/fpv5-d16\libc.a(lib_a-dtoa.o)
 .text._dtoa_r  0x00006148      0xc84 c:/users/ponyxis/.platformio/packages/toolchain-gccarmnoneeabi/bin/../lib/gcc/arm-none-eabi/5.4.1/../../../../arm-none-eabi/lib/armv7e-m/fpu/fpv5-d16\libc.a(lib_a-dtoa.o)
                0x00006148                _dtoa_r
 .text._malloc_trim_r
                0x00006dcc       0x9c c:/users/ponyxis/.platformio/packages/toolchain-gccarmnoneeabi/bin/../lib/gcc/arm-none-eabi/5.4.1/../../../../arm-none-eabi/lib/armv7e-m/fpu/fpv5-d16\libc.a(lib_a-freer.o)
                0x00006dcc                _malloc_trim_r
 .text._free_r  0x00006e68      0x1d0 c:/users/ponyxis/.platformio/packages/toolchain-gccarmnoneeabi/bin/../lib/gcc/arm-none-eabi/5.4.1/../../../../arm-none-eabi/lib/armv7e-m/fpu/fpv5-d16\libc.a(lib_a-freer.o)
                0x00006e68                _free_r
 .text._localeconv_r
                0x00007038       0x1c c:/users/ponyxis/.platformio/packages/toolchain-gccarmnoneeabi/bin/../lib/gcc/arm-none-eabi/5.4.1/../../../../arm-none-eabi/lib/armv7e-m/fpu/fpv5-d16\libc.a(lib_a-localeconv.o)
                0x00007038                _localeconv_r
 *fill*         0x00007054        0xc 
 .text          0x00007060       0xa0 c:/users/ponyxis/.platformio/packages/toolchain-gccarmnoneeabi/bin/../lib/gcc/arm-none-eabi/5.4.1/../../../../arm-none-eabi/lib/armv7e-m/fpu/fpv5-d16\libc.a(lib_a-memchr.o)
                0x00007060                memchr
 .text._Balloc  0x00007100       0x4c c:/users/ponyxis/.platformio/packages/toolchain-gccarmnoneeabi/bin/../lib/gcc/arm-none-eabi/5.4.1/../../../../arm-none-eabi/lib/armv7e-m/fpu/fpv5-d16\libc.a(lib_a-mprec.o)
                0x00007100                _Balloc
 .text._Bfree   0x0000714c       0x14 c:/users/ponyxis/.platformio/packages/toolchain-gccarmnoneeabi/bin/../lib/gcc/arm-none-eabi/5.4.1/../../../../arm-none-eabi/lib/armv7e-m/fpu/fpv5-d16\libc.a(lib_a-mprec.o)
                0x0000714c                _Bfree
 .text.__multadd
                0x00007160       0x80 c:/users/ponyxis/.platformio/packages/toolchain-gccarmnoneeabi/bin/../lib/gcc/arm-none-eabi/5.4.1/../../../../arm-none-eabi/lib/armv7e-m/fpu/fpv5-d16\libc.a(lib_a-mprec.o)
                0x00007160                __multadd
 .text.__hi0bits
                0x000071e0       0x40 c:/users/ponyxis/.platformio/packages/toolchain-gccarmnoneeabi/bin/../lib/gcc/arm-none-eabi/5.4.1/../../../../arm-none-eabi/lib/armv7e-m/fpu/fpv5-d16\libc.a(lib_a-mprec.o)
                0x000071e0                __hi0bits
 .text.__lo0bits
                0x00007220       0x5c c:/users/ponyxis/.platformio/packages/toolchain-gccarmnoneeabi/bin/../lib/gcc/arm-none-eabi/5.4.1/../../../../arm-none-eabi/lib/armv7e-m/fpu/fpv5-d16\libc.a(lib_a-mprec.o)
                0x00007220                __lo0bits
 .text.__i2b    0x0000727c       0x14 c:/users/ponyxis/.platformio/packages/toolchain-gccarmnoneeabi/bin/../lib/gcc/arm-none-eabi/5.4.1/../../../../arm-none-eabi/lib/armv7e-m/fpu/fpv5-d16\libc.a(lib_a-mprec.o)
                0x0000727c                __i2b
 .text.__multiply
                0x00007290      0x130 c:/users/ponyxis/.platformio/packages/toolchain-gccarmnoneeabi/bin/../lib/gcc/arm-none-eabi/5.4.1/../../../../arm-none-eabi/lib/armv7e-m/fpu/fpv5-d16\libc.a(lib_a-mprec.o)
                0x00007290                __multiply
 .text.__pow5mult
                0x000073c0       0xa0 c:/users/ponyxis/.platformio/packages/toolchain-gccarmnoneeabi/bin/../lib/gcc/arm-none-eabi/5.4.1/../../../../arm-none-eabi/lib/armv7e-m/fpu/fpv5-d16\libc.a(lib_a-mprec.o)
                0x000073c0                __pow5mult
 .text.__lshift
                0x00007460       0xb0 c:/users/ponyxis/.platformio/packages/toolchain-gccarmnoneeabi/bin/../lib/gcc/arm-none-eabi/5.4.1/../../../../arm-none-eabi/lib/armv7e-m/fpu/fpv5-d16\libc.a(lib_a-mprec.o)
                0x00007460                __lshift
 .text.__mcmp   0x00007510       0x44 c:/users/ponyxis/.platformio/packages/toolchain-gccarmnoneeabi/bin/../lib/gcc/arm-none-eabi/5.4.1/../../../../arm-none-eabi/lib/armv7e-m/fpu/fpv5-d16\libc.a(lib_a-mprec.o)
                0x00007510                __mcmp
 .text.__mdiff  0x00007554      0x114 c:/users/ponyxis/.platformio/packages/toolchain-gccarmnoneeabi/bin/../lib/gcc/arm-none-eabi/5.4.1/../../../../arm-none-eabi/lib/armv7e-m/fpu/fpv5-d16\libc.a(lib_a-mprec.o)
                0x00007554                __mdiff
 .text.__d2b    0x00007668       0xbc c:/users/ponyxis/.platformio/packages/toolchain-gccarmnoneeabi/bin/../lib/gcc/arm-none-eabi/5.4.1/../../../../arm-none-eabi/lib/armv7e-m/fpu/fpv5-d16\libc.a(lib_a-mprec.o)
                0x00007668                __d2b
 .text.__ssprint_r
                0x00007724      0x100 c:/users/ponyxis/.platformio/packages/toolchain-gccarmnoneeabi/bin/../lib/gcc/arm-none-eabi/5.4.1/../../../../arm-none-eabi/lib/armv7e-m/fpu/fpv5-d16\libc.a(lib_a-svfiprintf.o)
                0x00007724                __ssprint_r
 .text._calloc_r
                0x00007824       0x60 c:/users/ponyxis/.platformio/packages/toolchain-gccarmnoneeabi/bin/../lib/gcc/arm-none-eabi/5.4.1/../../../../arm-none-eabi/lib/armv7e-m/fpu/fpv5-d16\libc.a(lib_a-callocr.o)
                0x00007824                _calloc_r
 .text          0x00007884       0x30 c:/users/ponyxis/.platformio/packages/toolchain-gccarmnoneeabi/bin/../lib/gcc/arm-none-eabi/5.4.1/armv7e-m/fpu/fpv5-d16\libgcc.a(_aeabi_uldivmod.o)
                0x00007884                __aeabi_uldivmod
 .text          0x000078b4      0x2e4 c:/users/ponyxis/.platformio/packages/toolchain-gccarmnoneeabi/bin/../lib/gcc/arm-none-eabi/5.4.1/armv7e-m/fpu/fpv5-d16\libgcc.a(_udivmoddi4.o)
                0x000078b4                __udivmoddi4
 .text          0x00007b98        0x4 c:/users/ponyxis/.platformio/packages/toolchain-gccarmnoneeabi/bin/../lib/gcc/arm-none-eabi/5.4.1/armv7e-m/fpu/fpv5-d16\libgcc.a(_dvmd_tls.o)
                0x00007b98                __aeabi_idiv0
                0x00007b98                __aeabi_ldiv0
 *fill*         0x00007b9c        0x4 
 .text.__stub   0x00007ba0        0x8 linker stubs
                0x00007bb0                . = ALIGN (0x10)
 *fill*         0x00007ba8        0x8 

.glue_7         0x00007bb0        0x0 load address 0x60009300
 .glue_7        0x00007bb0        0x0 linker stubs

.glue_7t        0x00007bb0        0x0 load address 0x60009300
 .glue_7t       0x00007bb0        0x0 linker stubs

.vfp11_veneer   0x00007bb0        0x0 load address 0x60009300
 .vfp11_veneer  0x00007bb0        0x0 linker stubs

.v4_bx          0x00007bb0        0x0 load address 0x60009300
 .v4_bx         0x00007bb0        0x0 linker stubs

.fini           0x00007bb0        0x4 load address 0x60009300
 .fini          0x00007bb0        0x4 c:/users/ponyxis/.platformio/packages/toolchain-gccarmnoneeabi/bin/../lib/gcc/arm-none-eabi/5.4.1/armv7e-m/fpu/fpv5-d16/crti.o
                0x00007bb0                _fini

.iplt           0x00007bb4        0x0 load address 0x60009304
 .iplt          0x00007bb4        0x0 c:/users/ponyxis/.platformio/packages/toolchain-gccarmnoneeabi/bin/../lib/gcc/arm-none-eabi/5.4.1/armv7e-m/fpu/fpv5-d16/crtbegin.o

.eh_frame       0x00007bb4        0x0 load address 0x60009304
 .eh_frame      0x00007bb4        0x0 c:/users/ponyxis/.platformio/packages/toolchain-gccarmnoneeabi/bin/../lib/gcc/arm-none-eabi/5.4.1/armv7e-m/fpu/fpv5-d16/crtbegin.o

.ARM.exidx      0x00007bb4        0x8 load address 0x60009304
 .ARM.exidx     0x00007bb4        0x8 c:/users/ponyxis/.platformio/packages/toolchain-gccarmnoneeabi/bin/../lib/gcc/arm-none-eabi/5.4.1/armv7e-m/fpu/fpv5-d16\libgcc.a(_udivmoddi4.o)

.rel.dyn        0x00007bbc        0x0 load address 0x6000930c
 .rel.iplt      0x00007bbc        0x0 c:/users/ponyxis/.platformio/packages/toolchain-gccarmnoneeabi/bin/../lib/gcc/arm-none-eabi/5.4.1/armv7e-m/fpu/fpv5-d16/crtbegin.o

.text.itcm.padding
                0x00007bbc      0x444 load address 0x6000930c
                0x00008000                . = ALIGN (0x8000)
 *fill*         0x00007bbc      0x444 

.data           0x20000000     0x13f0 load address 0x6000930c
 *(.rodata*)
 .rodata.str1.4
                0x20000000       0x22 .pio\build\teensy40\src\main.cpp.o
 *fill*         0x20000022        0x2 
 .rodata.str1.4
                0x20000024        0xf .pio\build\teensy40\libd56\libnextion.a(NexHardware.cpp.o)
                                 0x13 (size before relaxing)
 *fill*         0x20000033        0x1 
 .rodata.str1.4
                0x20000034       0xaf .pio\build\teensy40\liba69\libdisplay.a(display.cpp.o)
 *fill*         0x200000e3        0x1 
 .rodata.str1.4
                0x200000e4       0xaf .pio\build\teensy40\libcda\libkeyboard.a(keyboard.cpp.o)
                                 0xbb (size before relaxing)
 *fill*         0x20000193        0x1 
 .rodata._ZZN8SPIClass16beginTransactionE11SPISettingsE7clk_sel
                0x20000194       0x10 .pio\build\teensy40\lib2c6\libSerialFlash.a(SerialFlashChip.cpp.o)
                0x20000194                SPIClass::beginTransaction(SPISettings)::clk_sel
 .rodata._ZTV14HardwareSerial
                0x200001a4       0x24 .pio\build\teensy40\libFrameworkArduino.a(HardwareSerial.cpp.o)
                0x200001a4                vtable for HardwareSerial
 .rodata._ZL14UART6_Hardware
                0x200001c8       0x5c .pio\build\teensy40\libFrameworkArduino.a(HardwareSerial1.cpp.o)
 .rodata.digital_pin_to_info_PGM
                0x20000224      0x280 .pio\build\teensy40\libFrameworkArduino.a(digital.c.o)
                0x20000224                digital_pin_to_info_PGM
 .rodata.usb_descriptor_list
                0x200004a4       0x6c .pio\build\teensy40\libFrameworkArduino.a(usb_desc.c.o)
                0x200004a4                usb_descriptor_list
 .rodata.str1.4
                0x20000510       0x8e .pio\build\teensy40\libd56\libnextion.a(NexText.cpp.o)
                                 0x96 (size before relaxing)
 *fill*         0x2000059e        0x2 
 .rodata._ZN8SPIClass24spiclass_lpspi4_hardwareE
                0x200005a0       0x44 .pio\build\teensy40\lib05e\libSPI.a(SPI.cpp.o)
                0x200005a0                SPIClass::spiclass_lpspi4_hardware
 .rodata.str1.4
                0x200005e4        0xe c:/users/ponyxis/.platformio/packages/toolchain-gccarmnoneeabi/bin/../lib/gcc/arm-none-eabi/5.4.1/../../../../arm-none-eabi/lib/armv7e-m/fpu/fpv5-d16\libc.a(lib_a-locale.o)
                                 0x12 (size before relaxing)
 *fill*         0x200005f2        0x2 
 .rodata.zeroes.7258
                0x200005f4       0x10 c:/users/ponyxis/.platformio/packages/toolchain-gccarmnoneeabi/bin/../lib/gcc/arm-none-eabi/5.4.1/../../../../arm-none-eabi/lib/armv7e-m/fpu/fpv5-d16\libc.a(lib_a-svfprintf.o)
 .rodata.str1.4
                0x20000604       0x3f c:/users/ponyxis/.platformio/packages/toolchain-gccarmnoneeabi/bin/../lib/gcc/arm-none-eabi/5.4.1/../../../../arm-none-eabi/lib/armv7e-m/fpu/fpv5-d16\libc.a(lib_a-svfprintf.o)
                                 0x42 (size before relaxing)
 *fill*         0x20000643        0x1 
 .rodata.blanks.7257
                0x20000644       0x10 c:/users/ponyxis/.platformio/packages/toolchain-gccarmnoneeabi/bin/../lib/gcc/arm-none-eabi/5.4.1/../../../../arm-none-eabi/lib/armv7e-m/fpu/fpv5-d16\libc.a(lib_a-svfprintf.o)
 .rodata._ctype_
                0x20000654      0x101 c:/users/ponyxis/.platformio/packages/toolchain-gccarmnoneeabi/bin/../lib/gcc/arm-none-eabi/5.4.1/../../../../arm-none-eabi/lib/armv7e-m/fpu/fpv5-d16\libc.a(lib_a-ctype_.o)
                0x20000654                _ctype_
 *fill*         0x20000755        0x3 
 .rodata.str1.4
                0x20000758       0x10 c:/users/ponyxis/.platformio/packages/toolchain-gccarmnoneeabi/bin/../lib/gcc/arm-none-eabi/5.4.1/../../../../arm-none-eabi/lib/armv7e-m/fpu/fpv5-d16\libc.a(lib_a-dtoa.o)
                                 0x12 (size before relaxing)
 .rodata.__mprec_tens
                0x20000768       0xc8 c:/users/ponyxis/.platformio/packages/toolchain-gccarmnoneeabi/bin/../lib/gcc/arm-none-eabi/5.4.1/../../../../arm-none-eabi/lib/armv7e-m/fpu/fpv5-d16\libc.a(lib_a-mprec.o)
                0x20000768                __mprec_tens
 .rodata.__mprec_bigtens
                0x20000830       0x28 c:/users/ponyxis/.platformio/packages/toolchain-gccarmnoneeabi/bin/../lib/gcc/arm-none-eabi/5.4.1/../../../../arm-none-eabi/lib/armv7e-m/fpu/fpv5-d16\libc.a(lib_a-mprec.o)
                0x20000830                __mprec_bigtens
 .rodata.p05.6087
                0x20000858        0xc c:/users/ponyxis/.platformio/packages/toolchain-gccarmnoneeabi/bin/../lib/gcc/arm-none-eabi/5.4.1/../../../../arm-none-eabi/lib/armv7e-m/fpu/fpv5-d16\libc.a(lib_a-mprec.o)
 *(.data*)
 .data.keyboardNormal
                0x20000864       0x28 .pio\build\teensy40\libcda\libkeyboard.a(keyboard.cpp.o)
                0x20000864                keyboardNormal
 .data.keyboardBig
                0x2000088c       0x28 .pio\build\teensy40\libcda\libkeyboard.a(keyboard.cpp.o)
                0x2000088c                keyboardBig
 .data.nexListenList
                0x200008b4       0xa8 .pio\build\teensy40\libcda\libkeyboard.a(keyboard.cpp.o)
                0x200008b4                nexListenList
 .data.Serial1  0x2000095c       0x60 .pio\build\teensy40\libFrameworkArduino.a(HardwareSerial1.cpp.o)
                0x2000095c                Serial1
 .data.F_BUS_ACTUAL
                0x200009bc        0x4 .pio\build\teensy40\libFrameworkArduino.a(clockspeed.c.o)
                0x200009bc                F_BUS_ACTUAL
 .data.F_CPU_ACTUAL
                0x200009c0        0x4 .pio\build\teensy40\libFrameworkArduino.a(clockspeed.c.o)
                0x200009c0                F_CPU_ACTUAL
 .data.__brkval
                0x200009c4        0x4 .pio\build\teensy40\libFrameworkArduino.a(startup.c.o)
                0x200009c4                __brkval
 .data.device_descriptor
                0x200009c8       0x12 .pio\build\teensy40\libFrameworkArduino.a(usb_desc.c.o)
 *fill*         0x200009da        0x2 
 .data.usb_string_serial_number_default
                0x200009dc       0x16 .pio\build\teensy40\libFrameworkArduino.a(usb_desc.c.o)
                0x200009dc                usb_string_serial_number
                0x200009dc                usb_string_serial_number_default
 .data.usb_enable_serial_event_processing
                0x200009f2        0x1 .pio\build\teensy40\libFrameworkArduino.a(usb_inst.cpp.o)
                0x200009f2                usb_enable_serial_event_processing
 *fill*         0x200009f3        0x1 
 .data.SPI      0x200009f4       0x50 .pio\build\teensy40\lib05e\libSPI.a(SPI.cpp.o)
                0x200009f4                SPI
 *fill*         0x20000a44        0x4 
 .data.impure_data
                0x20000a48      0x428 c:/users/ponyxis/.platformio/packages/toolchain-gccarmnoneeabi/bin/../lib/gcc/arm-none-eabi/5.4.1/../../../../arm-none-eabi/lib/armv7e-m/fpu/fpv5-d16\libc.a(lib_a-impure.o)
 .data._impure_ptr
                0x20000e70        0x4 c:/users/ponyxis/.platformio/packages/toolchain-gccarmnoneeabi/bin/../lib/gcc/arm-none-eabi/5.4.1/../../../../arm-none-eabi/lib/armv7e-m/fpu/fpv5-d16\libc.a(lib_a-impure.o)
                0x20000e70                _impure_ptr
 .data.__global_locale
                0x20000e74      0x16c c:/users/ponyxis/.platformio/packages/toolchain-gccarmnoneeabi/bin/../lib/gcc/arm-none-eabi/5.4.1/../../../../arm-none-eabi/lib/armv7e-m/fpu/fpv5-d16\libc.a(lib_a-locale.o)
                0x20000e74                __global_locale
 .data.__malloc_av_
                0x20000fe0      0x408 c:/users/ponyxis/.platformio/packages/toolchain-gccarmnoneeabi/bin/../lib/gcc/arm-none-eabi/5.4.1/../../../../arm-none-eabi/lib/armv7e-m/fpu/fpv5-d16\libc.a(lib_a-mallocr.o)
                0x20000fe0                __malloc_av_
 .data.__malloc_trim_threshold
                0x200013e8        0x4 c:/users/ponyxis/.platformio/packages/toolchain-gccarmnoneeabi/bin/../lib/gcc/arm-none-eabi/5.4.1/../../../../arm-none-eabi/lib/armv7e-m/fpu/fpv5-d16\libc.a(lib_a-mallocr.o)
                0x200013e8                __malloc_trim_threshold
 .data.__malloc_sbrk_base
                0x200013ec        0x4 c:/users/ponyxis/.platformio/packages/toolchain-gccarmnoneeabi/bin/../lib/gcc/arm-none-eabi/5.4.1/../../../../arm-none-eabi/lib/armv7e-m/fpu/fpv5-d16\libc.a(lib_a-mallocr.o)
                0x200013ec                __malloc_sbrk_base
                0x200013f0                . = ALIGN (0x10)

.jcr            0x200013f0        0x0 load address 0x6000a6fc
 .jcr           0x200013f0        0x0 c:/users/ponyxis/.platformio/packages/toolchain-gccarmnoneeabi/bin/../lib/gcc/arm-none-eabi/5.4.1/armv7e-m/fpu/fpv5-d16/crtbegin.o

.igot.plt       0x200013f0        0x0 load address 0x6000a6fc
 .igot.plt      0x200013f0        0x0 c:/users/ponyxis/.platformio/packages/toolchain-gccarmnoneeabi/bin/../lib/gcc/arm-none-eabi/5.4.1/armv7e-m/fpu/fpv5-d16/crtbegin.o

.bss            0x200013f0     0x2ed0
 *(.bss*)
 .bss           0x200013f0       0x1c c:/users/ponyxis/.platformio/packages/toolchain-gccarmnoneeabi/bin/../lib/gcc/arm-none-eabi/5.4.1/armv7e-m/fpu/fpv5-d16/crtbegin.o
 .bss._ZZ7nexLoopPP8NexTouchE8__buffer
                0x2000140c        0xa .pio\build\teensy40\libd56\libnextion.a(NexHardware.cpp.o)
 *fill*         0x20001416        0x2 
 .bss.line17    0x20001418       0x18 .pio\build\teensy40\liba69\libdisplay.a(display.cpp.o)
                0x20001418                line17
 .bss.line10    0x20001430       0x18 .pio\build\teensy40\liba69\libdisplay.a(display.cpp.o)
                0x20001430                line10
 .bss.line11    0x20001448       0x18 .pio\build\teensy40\liba69\libdisplay.a(display.cpp.o)
                0x20001448                line11
 .bss.lcdLines  0x20001460      0x1b0 .pio\build\teensy40\liba69\libdisplay.a(display.cpp.o)
                0x20001460                lcdLines
 .bss.lineNumber
                0x20001610        0x1 .pio\build\teensy40\liba69\libdisplay.a(display.cpp.o)
                0x20001610                lineNumber
 *fill*         0x20001611        0x3 
 .bss.line14    0x20001614       0x18 .pio\build\teensy40\liba69\libdisplay.a(display.cpp.o)
                0x20001614                line14
 .bss.line0     0x2000162c       0x18 .pio\build\teensy40\liba69\libdisplay.a(display.cpp.o)
                0x2000162c                line0
 .bss.line1     0x20001644       0x18 .pio\build\teensy40\liba69\libdisplay.a(display.cpp.o)
                0x20001644                line1
 .bss.line2     0x2000165c       0x18 .pio\build\teensy40\liba69\libdisplay.a(display.cpp.o)
                0x2000165c                line2
 .bss.line3     0x20001674       0x18 .pio\build\teensy40\liba69\libdisplay.a(display.cpp.o)
                0x20001674                line3
 .bss.line4     0x2000168c       0x18 .pio\build\teensy40\liba69\libdisplay.a(display.cpp.o)
                0x2000168c                line4
 .bss.line5     0x200016a4       0x18 .pio\build\teensy40\liba69\libdisplay.a(display.cpp.o)
                0x200016a4                line5
 .bss.line6     0x200016bc       0x18 .pio\build\teensy40\liba69\libdisplay.a(display.cpp.o)
                0x200016bc                line6
 .bss.line7     0x200016d4       0x18 .pio\build\teensy40\liba69\libdisplay.a(display.cpp.o)
                0x200016d4                line7
 .bss.line9     0x200016ec       0x18 .pio\build\teensy40\liba69\libdisplay.a(display.cpp.o)
                0x200016ec                line9
 .bss.line16    0x20001704       0x18 .pio\build\teensy40\liba69\libdisplay.a(display.cpp.o)
                0x20001704                line16
 .bss.line12    0x2000171c       0x18 .pio\build\teensy40\liba69\libdisplay.a(display.cpp.o)
                0x2000171c                line12
 .bss.line13    0x20001734       0x18 .pio\build\teensy40\liba69\libdisplay.a(display.cpp.o)
                0x20001734                line13
 .bss.displayLines
                0x2000174c      0x3fc .pio\build\teensy40\liba69\libdisplay.a(display.cpp.o)
                0x2000174c                displayLines
 .bss.line15    0x20001b48       0x18 .pio\build\teensy40\liba69\libdisplay.a(display.cpp.o)
                0x20001b48                line15
 .bss.line8     0x20001b60       0x18 .pio\build\teensy40\liba69\libdisplay.a(display.cpp.o)
                0x20001b60                line8
 .bss.btnA      0x20001b78       0x18 .pio\build\teensy40\libcda\libkeyboard.a(keyboard.cpp.o)
                0x20001b78                btnA
 .bss.btn0      0x20001b90       0x18 .pio\build\teensy40\libcda\libkeyboard.a(keyboard.cpp.o)
                0x20001b90                btn0
 .bss.btn1      0x20001ba8       0x18 .pio\build\teensy40\libcda\libkeyboard.a(keyboard.cpp.o)
                0x20001ba8                btn1
 .bss.btn2      0x20001bc0       0x18 .pio\build\teensy40\libcda\libkeyboard.a(keyboard.cpp.o)
                0x20001bc0                btn2
 .bss.btn3      0x20001bd8       0x18 .pio\build\teensy40\libcda\libkeyboard.a(keyboard.cpp.o)
                0x20001bd8                btn3
 .bss.btn4      0x20001bf0       0x18 .pio\build\teensy40\libcda\libkeyboard.a(keyboard.cpp.o)
                0x20001bf0                btn4
 .bss.btn5      0x20001c08       0x18 .pio\build\teensy40\libcda\libkeyboard.a(keyboard.cpp.o)
                0x20001c08                btn5
 .bss.btn6      0x20001c20       0x18 .pio\build\teensy40\libcda\libkeyboard.a(keyboard.cpp.o)
                0x20001c20                btn6
 .bss.btn7      0x20001c38       0x18 .pio\build\teensy40\libcda\libkeyboard.a(keyboard.cpp.o)
                0x20001c38                btn7
 .bss.btn8      0x20001c50       0x18 .pio\build\teensy40\libcda\libkeyboard.a(keyboard.cpp.o)
                0x20001c50                btn8
 .bss.btn9      0x20001c68       0x18 .pio\build\teensy40\libcda\libkeyboard.a(keyboard.cpp.o)
                0x20001c68                btn9
 .bss.lineBuffer
                0x20001c80       0x3c .pio\build\teensy40\libcda\libkeyboard.a(keyboard.cpp.o)
                0x20001c80                lineBuffer
 .bss.btnB      0x20001cbc       0x18 .pio\build\teensy40\libcda\libkeyboard.a(keyboard.cpp.o)
                0x20001cbc                btnB
 .bss.btnC      0x20001cd4       0x18 .pio\build\teensy40\libcda\libkeyboard.a(keyboard.cpp.o)
                0x20001cd4                btnC
 .bss.btnD      0x20001cec       0x18 .pio\build\teensy40\libcda\libkeyboard.a(keyboard.cpp.o)
                0x20001cec                btnD
 .bss.btnE      0x20001d04       0x18 .pio\build\teensy40\libcda\libkeyboard.a(keyboard.cpp.o)
                0x20001d04                btnE
 .bss.btnF      0x20001d1c       0x18 .pio\build\teensy40\libcda\libkeyboard.a(keyboard.cpp.o)
                0x20001d1c                btnF
 .bss.btnG      0x20001d34       0x18 .pio\build\teensy40\libcda\libkeyboard.a(keyboard.cpp.o)
                0x20001d34                btnG
 .bss.btnH      0x20001d4c       0x18 .pio\build\teensy40\libcda\libkeyboard.a(keyboard.cpp.o)
                0x20001d4c                btnH
 .bss.btnI      0x20001d64       0x18 .pio\build\teensy40\libcda\libkeyboard.a(keyboard.cpp.o)
                0x20001d64                btnI
 .bss.btnJ      0x20001d7c       0x18 .pio\build\teensy40\libcda\libkeyboard.a(keyboard.cpp.o)
                0x20001d7c                btnJ
 .bss.btnK      0x20001d94       0x18 .pio\build\teensy40\libcda\libkeyboard.a(keyboard.cpp.o)
                0x20001d94                btnK
 .bss.btnL      0x20001dac       0x18 .pio\build\teensy40\libcda\libkeyboard.a(keyboard.cpp.o)
                0x20001dac                btnL
 .bss.btnM      0x20001dc4       0x18 .pio\build\teensy40\libcda\libkeyboard.a(keyboard.cpp.o)
                0x20001dc4                btnM
 .bss.btnN      0x20001ddc       0x18 .pio\build\teensy40\libcda\libkeyboard.a(keyboard.cpp.o)
                0x20001ddc                btnN
 .bss.btnO      0x20001df4       0x18 .pio\build\teensy40\libcda\libkeyboard.a(keyboard.cpp.o)
                0x20001df4                btnO
 .bss.btnP      0x20001e0c       0x18 .pio\build\teensy40\libcda\libkeyboard.a(keyboard.cpp.o)
                0x20001e0c                btnP
 .bss.btnKeyboard
                0x20001e24       0x18 .pio\build\teensy40\libcda\libkeyboard.a(keyboard.cpp.o)
                0x20001e24                btnKeyboard
 .bss.position  0x20001e3c        0x1 .pio\build\teensy40\libcda\libkeyboard.a(keyboard.cpp.o)
                0x20001e3c                position
 *fill*         0x20001e3d        0x3 
 .bss.btnEnter  0x20001e40       0x18 .pio\build\teensy40\libcda\libkeyboard.a(keyboard.cpp.o)
                0x20001e40                btnEnter
 .bss.btnT      0x20001e58       0x18 .pio\build\teensy40\libcda\libkeyboard.a(keyboard.cpp.o)
                0x20001e58                btnT
 .bss.btnU      0x20001e70       0x18 .pio\build\teensy40\libcda\libkeyboard.a(keyboard.cpp.o)
                0x20001e70                btnU
 .bss.btnV      0x20001e88       0x18 .pio\build\teensy40\libcda\libkeyboard.a(keyboard.cpp.o)
                0x20001e88                btnV
 .bss.btnW      0x20001ea0       0x18 .pio\build\teensy40\libcda\libkeyboard.a(keyboard.cpp.o)
                0x20001ea0                btnW
 .bss.btnX      0x20001eb8       0x18 .pio\build\teensy40\libcda\libkeyboard.a(keyboard.cpp.o)
                0x20001eb8                btnX
 .bss.btnY      0x20001ed0       0x18 .pio\build\teensy40\libcda\libkeyboard.a(keyboard.cpp.o)
                0x20001ed0                btnY
 .bss.btnZ      0x20001ee8       0x18 .pio\build\teensy40\libcda\libkeyboard.a(keyboard.cpp.o)
                0x20001ee8                btnZ
 .bss.btnR      0x20001f00       0x18 .pio\build\teensy40\libcda\libkeyboard.a(keyboard.cpp.o)
                0x20001f00                btnR
 .bss.btnS      0x20001f18       0x18 .pio\build\teensy40\libcda\libkeyboard.a(keyboard.cpp.o)
                0x20001f18                btnS
 .bss.btnSpace  0x20001f30       0x18 .pio\build\teensy40\libcda\libkeyboard.a(keyboard.cpp.o)
                0x20001f30                btnSpace
 .bss.btnQ      0x20001f48       0x18 .pio\build\teensy40\libcda\libkeyboard.a(keyboard.cpp.o)
                0x20001f48                btnQ
 .bss.btnCapsShift
                0x20001f60       0x18 .pio\build\teensy40\libcda\libkeyboard.a(keyboard.cpp.o)
                0x20001f60                btnCapsShift
 .bss.capsShift
                0x20001f78        0x1 .pio\build\teensy40\libcda\libkeyboard.a(keyboard.cpp.o)
                0x20001f78                capsShift
 *fill*         0x20001f79        0x3 
 .bss.keyboardLine
                0x20001f7c       0x18 .pio\build\teensy40\libcda\libkeyboard.a(keyboard.cpp.o)
                0x20001f7c                keyboardLine
 .bss.btnSymbolShift
                0x20001f94       0x18 .pio\build\teensy40\libcda\libkeyboard.a(keyboard.cpp.o)
                0x20001f94                btnSymbolShift
 .bss._ZN15SerialFlashChip5flagsE
                0x20001fac        0x1 .pio\build\teensy40\lib2c6\libSerialFlash.a(SerialFlashChip.cpp.o)
                0x20001fac                SerialFlashChip::flags
 .bss._ZN15SerialFlashChip4busyE
                0x20001fad        0x1 .pio\build\teensy40\lib2c6\libSerialFlash.a(SerialFlashChip.cpp.o)
                0x20001fad                SerialFlashChip::busy
 *fill*         0x20001fae        0x2 
 .bss._ZL13cspin_bitmask
                0x20001fb0        0x4 .pio\build\teensy40\lib2c6\libSerialFlash.a(SerialFlashChip.cpp.o)
 .bss._ZN14HardwareSerial27serial_event_handler_checksE
                0x20001fb4       0x1c .pio\build\teensy40\libFrameworkArduino.a(HardwareSerial.cpp.o)
                0x20001fb4                HardwareSerial::serial_event_handler_checks
 .bss._ZN14HardwareSerial28serial_event_handlers_activeE
                0x20001fd0        0x1 .pio\build\teensy40\libFrameworkArduino.a(HardwareSerial.cpp.o)
                0x20001fd0                HardwareSerial::serial_event_handlers_active
 *fill*         0x20001fd1        0x3 
 .bss._ZL10tx_buffer1
                0x20001fd4       0x40 .pio\build\teensy40\libFrameworkArduino.a(HardwareSerial1.cpp.o)
 .bss._ZL10rx_buffer1
                0x20002014       0x40 .pio\build\teensy40\libFrameworkArduino.a(HardwareSerial1.cpp.o)
 .bss.systick_cycle_count
                0x20002054        0x4 .pio\build\teensy40\libFrameworkArduino.a(delay.c.o)
                0x20002054                systick_cycle_count
 .bss.scale_cpu_cycles_to_microseconds
                0x20002058        0x4 .pio\build\teensy40\libFrameworkArduino.a(delay.c.o)
                0x20002058                scale_cpu_cycles_to_microseconds
 .bss.systick_millis_count
                0x2000205c        0x4 .pio\build\teensy40\libFrameworkArduino.a(delay.c.o)
                0x2000205c                systick_millis_count
 .bss.s_hotTemp
                0x20002060        0x4 .pio\build\teensy40\libFrameworkArduino.a(tempmon.c.o)
 .bss.s_hot_ROOM
                0x20002064        0x4 .pio\build\teensy40\libFrameworkArduino.a(tempmon.c.o)
 .bss.s_roomC_hotC
                0x20002068        0x4 .pio\build\teensy40\libFrameworkArduino.a(tempmon.c.o)
 .bss.s_hotCount
                0x2000206c        0x4 .pio\build\teensy40\libFrameworkArduino.a(tempmon.c.o)
 .bss.usb_timer0_callback
                0x20002070        0x4 .pio\build\teensy40\libFrameworkArduino.a(usb.c.o)
                0x20002070                usb_timer0_callback
 .bss.endpointN_notify_mask
                0x20002074        0x4 .pio\build\teensy40\libFrameworkArduino.a(usb.c.o)
 .bss.sof_usage
                0x20002078        0x1 .pio\build\teensy40\libFrameworkArduino.a(usb.c.o)
 *fill*         0x20002079        0x3 
 .bss.usb_timer1_callback
                0x2000207c        0x4 .pio\build\teensy40\libFrameworkArduino.a(usb.c.o)
                0x2000207c                usb_timer1_callback
 .bss.usb_high_speed
                0x20002080        0x1 .pio\build\teensy40\libFrameworkArduino.a(usb.c.o)
                0x20002080                usb_high_speed
 *fill*         0x20002081        0x3 
 .bss.endpoint0_notify_mask
                0x20002084        0x4 .pio\build\teensy40\libFrameworkArduino.a(usb.c.o)
 .bss.usb_reboot_timer
                0x20002088        0x1 .pio\build\teensy40\libFrameworkArduino.a(usb.c.o)
 *fill*         0x20002089        0x7 
 .bss.endpoint0_setupdata
                0x20002090        0x8 .pio\build\teensy40\libFrameworkArduino.a(usb.c.o)
 .bss.reply_buffer
                0x20002098        0x8 .pio\build\teensy40\libFrameworkArduino.a(usb.c.o)
 .bss.endpoint0_buffer
                0x200020a0        0x8 .pio\build\teensy40\libFrameworkArduino.a(usb.c.o)
 .bss.usb_configuration
                0x200020a8        0x1 .pio\build\teensy40\libFrameworkArduino.a(usb.c.o)
                0x200020a8                usb_configuration
 *fill*         0x200020a9        0x3 
 .bss.rx_index  0x200020ac       0x10 .pio\build\teensy40\libFrameworkArduino.a(usb_serial.c.o)
 .bss.tx_packet_size
                0x200020bc        0x2 .pio\build\teensy40\libFrameworkArduino.a(usb_serial.c.o)
 .bss.tx_noautoflush
                0x200020be        0x1 .pio\build\teensy40\libFrameworkArduino.a(usb_serial.c.o)
 .bss.tx_head   0x200020bf        0x1 .pio\build\teensy40\libFrameworkArduino.a(usb_serial.c.o)
 .bss.rx_transfer
                0x200020c0      0x100 .pio\build\teensy40\libFrameworkArduino.a(usb_serial.c.o)
 .bss.rx_tail   0x200021c0        0x1 .pio\build\teensy40\libFrameworkArduino.a(usb_serial.c.o)
 *fill*         0x200021c1        0x3 
 .bss.rx_list   0x200021c4        0x9 .pio\build\teensy40\libFrameworkArduino.a(usb_serial.c.o)
 *fill*         0x200021cd        0x1 
 .bss.rx_packet_size
                0x200021ce        0x2 .pio\build\teensy40\libFrameworkArduino.a(usb_serial.c.o)
 .bss.rx_count  0x200021d0       0x10 .pio\build\teensy40\libFrameworkArduino.a(usb_serial.c.o)
 .bss.rx_available
                0x200021e0        0x4 .pio\build\teensy40\libFrameworkArduino.a(usb_serial.c.o)
 .bss.rx_head   0x200021e4        0x1 .pio\build\teensy40\libFrameworkArduino.a(usb_serial.c.o)
 *fill*         0x200021e5        0x1 
 .bss.tx_available
                0x200021e6        0x2 .pio\build\teensy40\libFrameworkArduino.a(usb_serial.c.o)
 .bss.usb_cdc_line_rtsdtr
                0x200021e8        0x1 .pio\build\teensy40\libFrameworkArduino.a(usb_serial.c.o)
                0x200021e8                usb_cdc_line_rtsdtr
 *fill*         0x200021e9       0x17 
 .bss.tx_transfer
                0x20002200       0x80 .pio\build\teensy40\libFrameworkArduino.a(usb_serial.c.o)
 .bss._ZZ5yieldE7running
                0x20002280        0x1 .pio\build\teensy40\libFrameworkArduino.a(yield.cpp.o)
 *fill*         0x20002281        0x3 
 .bss._ZN14EventResponder14firstInterruptE
                0x20002284        0x4 .pio\build\teensy40\libFrameworkArduino.a(EventResponder.cpp.o)
                0x20002284                EventResponder::firstInterrupt
 .bss._ZN14EventResponder13lastInterruptE
                0x20002288        0x4 .pio\build\teensy40\libFrameworkArduino.a(EventResponder.cpp.o)
                0x20002288                EventResponder::lastInterrupt
 .bss._ZN11MillisTimer10listActiveE
                0x2000228c        0x4 .pio\build\teensy40\libFrameworkArduino.a(EventResponder.cpp.o)
                0x2000228c                MillisTimer::listActive
 .bss._ZN14EventResponder9lastYieldE
                0x20002290        0x4 .pio\build\teensy40\libFrameworkArduino.a(EventResponder.cpp.o)
                0x20002290                EventResponder::lastYield
 .bss._ZN14EventResponder10firstYieldE
                0x20002294        0x4 .pio\build\teensy40\libFrameworkArduino.a(EventResponder.cpp.o)
                0x20002294                EventResponder::firstYield
 .bss._ZN14EventResponder16runningFromYieldE
                0x20002298        0x1 .pio\build\teensy40\libFrameworkArduino.a(EventResponder.cpp.o)
                0x20002298                EventResponder::runningFromYield
 *fill*         0x20002299        0x3 
 .bss._ZN11MillisTimer11listWaitingE
                0x2000229c        0x4 .pio\build\teensy40\libFrameworkArduino.a(EventResponder.cpp.o)
                0x2000229c                MillisTimer::listWaiting
 .bss.calibrating
                0x200022a0        0x1 .pio\build\teensy40\libFrameworkArduino.a(analog.c.o)
 *fill*         0x200022a1        0x3 
 .bss.__malloc_max_total_mem
                0x200022a4        0x4 c:/users/ponyxis/.platformio/packages/toolchain-gccarmnoneeabi/bin/../lib/gcc/arm-none-eabi/5.4.1/../../../../arm-none-eabi/lib/armv7e-m/fpu/fpv5-d16\libc.a(lib_a-mallocr.o)
                0x200022a4                __malloc_max_total_mem
 .bss.__malloc_max_sbrked_mem
                0x200022a8        0x4 c:/users/ponyxis/.platformio/packages/toolchain-gccarmnoneeabi/bin/../lib/gcc/arm-none-eabi/5.4.1/../../../../arm-none-eabi/lib/armv7e-m/fpu/fpv5-d16\libc.a(lib_a-mallocr.o)
                0x200022a8                __malloc_max_sbrked_mem
 .bss.__malloc_top_pad
                0x200022ac        0x4 c:/users/ponyxis/.platformio/packages/toolchain-gccarmnoneeabi/bin/../lib/gcc/arm-none-eabi/5.4.1/../../../../arm-none-eabi/lib/armv7e-m/fpu/fpv5-d16\libc.a(lib_a-mallocr.o)
                0x200022ac                __malloc_top_pad
 .bss.__malloc_current_mallinfo
                0x200022b0       0x28 c:/users/ponyxis/.platformio/packages/toolchain-gccarmnoneeabi/bin/../lib/gcc/arm-none-eabi/5.4.1/../../../../arm-none-eabi/lib/armv7e-m/fpu/fpv5-d16\libc.a(lib_a-mallocr.o)
                0x200022b0                __malloc_current_mallinfo
 *(COMMON)
 COMMON         0x200022d8        0x4 .pio\build\teensy40\libFrameworkArduino.a(delay.c.o)
                0x200022d8                systick_safe_read
 *fill*         0x200022dc      0x124 
 COMMON         0x20002400      0x2c0 .pio\build\teensy40\libFrameworkArduino.a(startup.c.o)
                0x20002400                _VectorsRam
 *fill*         0x200026c0      0x940 
 COMMON         0x20003000     0x1280 .pio\build\teensy40\libFrameworkArduino.a(usb.c.o)
                0x20003000                endpoint0_transfer_data
                0x20003020                endpoint0_transfer_ack
                0x20004000                endpoint_queue_head
 COMMON         0x20004280        0xc .pio\build\teensy40\libFrameworkArduino.a(usb_serial.c.o)
                0x20004280                usb_cdc_line_coding
                0x20004288                usb_cdc_line_rtsdtr_millis
 COMMON         0x2000428c        0x4 c:/users/ponyxis/.platformio/packages/toolchain-gccarmnoneeabi/bin/../lib/gcc/arm-none-eabi/5.4.1/../../../../arm-none-eabi/lib/armv7e-m/fpu/fpv5-d16\libc.a(lib_a-reent.o)
                0x2000428c                errno
                0x200042a0                . = ALIGN (0x20)
 *fill*         0x20004290       0x10 
                0x200042c0                . = (. + 0x20)
 *fill*         0x200042a0       0x20 

.bss.dma        0x20200000     0x3060
 *(.dmabuffers)
 .dmabuffers    0x20200000       0x43 .pio\build\teensy40\libFrameworkArduino.a(usb_desc.c.o)
                0x20200000                usb_descriptor_buffer
 *fill*         0x20200043       0x1d 
 .dmabuffers    0x20200060     0x3000 .pio\build\teensy40\libFrameworkArduino.a(usb_serial.c.o)
                0x20203060                . = ALIGN (0x10)
                0x00000000                _stext = ADDR (.text.itcm)
                0x00007bb0                _etext = (ADDR (.text.itcm) + SIZEOF (.text.itcm))
                0x60001750                _stextload = LOADADDR (.text.itcm)
                0x20000000                _sdata = ADDR (.data)
                0x200013f0                _edata = (ADDR (.data) + SIZEOF (.data))
                0x6000930c                _sdataload = LOADADDR (.data)
                0x200013f0                _sbss = ADDR (.bss)
                0x200042c0                _ebss = (ADDR (.bss) + SIZEOF (.bss))
                0x20203060                _heap_start = (ADDR (.bss.dma) + SIZEOF (.bss.dma))
                0x20280000                _heap_end = (ORIGIN (RAM) + LENGTH (RAM))
                0x00000001                _itcm_block_count = ((SIZEOF (.text.itcm) + 0x7fff) >> 0xf)
                0xaaaaaaab                _flexram_bank_config = (0xaaaaaaaa | ((0x1 << (_itcm_block_count * 0x2)) - 0x1))
                0x20078000                _estack = (ORIGIN (DTCM) + ((0x10 - _itcm_block_count) << 0xf))
                0x0000a6f0                _flashimagelen = ((SIZEOF (.text.progmem) + SIZEOF (.text.itcm)) + SIZEOF (.data))
                0x00000024                _teensy_model_identifier = 0x24

.debug_info
 *(.debug_info)

.debug_abbrev
 *(.debug_abbrev)

.debug_line
 *(.debug_line)

.debug_frame    0x00000000      0x9dc
 *(.debug_frame)
 .debug_frame   0x00000000       0x20 c:/users/ponyxis/.platformio/packages/toolchain-gccarmnoneeabi/bin/../lib/gcc/arm-none-eabi/5.4.1/../../../../arm-none-eabi/lib/armv7e-m/fpu/fpv5-d16\libc.a(lib_a-errno.o)
 .debug_frame   0x00000020       0x2c c:/users/ponyxis/.platformio/packages/toolchain-gccarmnoneeabi/bin/../lib/gcc/arm-none-eabi/5.4.1/../../../../arm-none-eabi/lib/armv7e-m/fpu/fpv5-d16\libc.a(lib_a-init.o)
 .debug_frame   0x0000004c       0x84 c:/users/ponyxis/.platformio/packages/toolchain-gccarmnoneeabi/bin/../lib/gcc/arm-none-eabi/5.4.1/../../../../arm-none-eabi/lib/armv7e-m/fpu/fpv5-d16\libc.a(lib_a-locale.o)
 .debug_frame   0x000000d0       0x30 c:/users/ponyxis/.platformio/packages/toolchain-gccarmnoneeabi/bin/../lib/gcc/arm-none-eabi/5.4.1/../../../../arm-none-eabi/lib/armv7e-m/fpu/fpv5-d16\libc.a(lib_a-malloc.o)
 .debug_frame   0x00000100       0x58 c:/users/ponyxis/.platformio/packages/toolchain-gccarmnoneeabi/bin/../lib/gcc/arm-none-eabi/5.4.1/../../../../arm-none-eabi/lib/armv7e-m/fpu/fpv5-d16\libc.a(lib_a-mallocr.o)
 .debug_frame   0x00000158       0x4c c:/users/ponyxis/.platformio/packages/toolchain-gccarmnoneeabi/bin/../lib/gcc/arm-none-eabi/5.4.1/../../../../arm-none-eabi/lib/armv7e-m/fpu/fpv5-d16\libc.a(lib_a-mbtowc_r.o)
 .debug_frame   0x000001a4       0x30 c:/users/ponyxis/.platformio/packages/toolchain-gccarmnoneeabi/bin/../lib/gcc/arm-none-eabi/5.4.1/../../../../arm-none-eabi/lib/armv7e-m/fpu/fpv5-d16\libc.a(lib_a-memmove.o)
 .debug_frame   0x000001d4       0x34 c:/users/ponyxis/.platformio/packages/toolchain-gccarmnoneeabi/bin/../lib/gcc/arm-none-eabi/5.4.1/../../../../arm-none-eabi/lib/armv7e-m/fpu/fpv5-d16\libc.a(lib_a-memset.o)
 .debug_frame   0x00000208       0x30 c:/users/ponyxis/.platformio/packages/toolchain-gccarmnoneeabi/bin/../lib/gcc/arm-none-eabi/5.4.1/../../../../arm-none-eabi/lib/armv7e-m/fpu/fpv5-d16\libc.a(lib_a-mlock.o)
 .debug_frame   0x00000238       0x20 c:/users/ponyxis/.platformio/packages/toolchain-gccarmnoneeabi/bin/../lib/gcc/arm-none-eabi/5.4.1/../../../../arm-none-eabi/lib/armv7e-m/fpu/fpv5-d16\libc.a(lib_a-realloc.o)
 .debug_frame   0x00000258       0x60 c:/users/ponyxis/.platformio/packages/toolchain-gccarmnoneeabi/bin/../lib/gcc/arm-none-eabi/5.4.1/../../../../arm-none-eabi/lib/armv7e-m/fpu/fpv5-d16\libc.a(lib_a-reallocr.o)
 .debug_frame   0x000002b8       0x2c c:/users/ponyxis/.platformio/packages/toolchain-gccarmnoneeabi/bin/../lib/gcc/arm-none-eabi/5.4.1/../../../../arm-none-eabi/lib/armv7e-m/fpu/fpv5-d16\libc.a(lib_a-sbrkr.o)
 .debug_frame   0x000002e4       0x84 c:/users/ponyxis/.platformio/packages/toolchain-gccarmnoneeabi/bin/../lib/gcc/arm-none-eabi/5.4.1/../../../../arm-none-eabi/lib/armv7e-m/fpu/fpv5-d16\libc.a(lib_a-sprintf.o)
 .debug_frame   0x00000368       0x4c c:/users/ponyxis/.platformio/packages/toolchain-gccarmnoneeabi/bin/../lib/gcc/arm-none-eabi/5.4.1/../../../../arm-none-eabi/lib/armv7e-m/fpu/fpv5-d16\libc.a(lib_a-strchr.o)
 .debug_frame   0x000003b4       0x20 c:/users/ponyxis/.platformio/packages/toolchain-gccarmnoneeabi/bin/../lib/gcc/arm-none-eabi/5.4.1/../../../../arm-none-eabi/lib/armv7e-m/fpu/fpv5-d16\libc.a(lib_a-strcpy.o)
 .debug_frame   0x000003d4       0x34 c:/users/ponyxis/.platformio/packages/toolchain-gccarmnoneeabi/bin/../lib/gcc/arm-none-eabi/5.4.1/../../../../arm-none-eabi/lib/armv7e-m/fpu/fpv5-d16\libc.a(lib_a-strncpy.o)
 .debug_frame   0x00000408       0x64 c:/users/ponyxis/.platformio/packages/toolchain-gccarmnoneeabi/bin/../lib/gcc/arm-none-eabi/5.4.1/../../../../arm-none-eabi/lib/armv7e-m/fpu/fpv5-d16\libc.a(lib_a-svfprintf.o)
 .debug_frame   0x0000046c       0x50 c:/users/ponyxis/.platformio/packages/toolchain-gccarmnoneeabi/bin/../lib/gcc/arm-none-eabi/5.4.1/../../../../arm-none-eabi/lib/armv7e-m/fpu/fpv5-d16\libc.a(lib_a-vsprintf.o)
 .debug_frame   0x000004bc       0x3c c:/users/ponyxis/.platformio/packages/toolchain-gccarmnoneeabi/bin/../lib/gcc/arm-none-eabi/5.4.1/../../../../arm-none-eabi/lib/armv7e-m/fpu/fpv5-d16\libc.a(lib_a-wctomb_r.o)
 .debug_frame   0x000004f8       0x84 c:/users/ponyxis/.platformio/packages/toolchain-gccarmnoneeabi/bin/../lib/gcc/arm-none-eabi/5.4.1/../../../../arm-none-eabi/lib/armv7e-m/fpu/fpv5-d16\libc.a(lib_a-dtoa.o)
 .debug_frame   0x0000057c       0x74 c:/users/ponyxis/.platformio/packages/toolchain-gccarmnoneeabi/bin/../lib/gcc/arm-none-eabi/5.4.1/../../../../arm-none-eabi/lib/armv7e-m/fpu/fpv5-d16\libc.a(lib_a-freer.o)
 .debug_frame   0x000005f0       0x40 c:/users/ponyxis/.platformio/packages/toolchain-gccarmnoneeabi/bin/../lib/gcc/arm-none-eabi/5.4.1/../../../../arm-none-eabi/lib/armv7e-m/fpu/fpv5-d16\libc.a(lib_a-localeconv.o)
 .debug_frame   0x00000630      0x254 c:/users/ponyxis/.platformio/packages/toolchain-gccarmnoneeabi/bin/../lib/gcc/arm-none-eabi/5.4.1/../../../../arm-none-eabi/lib/armv7e-m/fpu/fpv5-d16\libc.a(lib_a-mprec.o)
 .debug_frame   0x00000884       0x58 c:/users/ponyxis/.platformio/packages/toolchain-gccarmnoneeabi/bin/../lib/gcc/arm-none-eabi/5.4.1/../../../../arm-none-eabi/lib/armv7e-m/fpu/fpv5-d16\libc.a(lib_a-reent.o)
 .debug_frame   0x000008dc       0x78 c:/users/ponyxis/.platformio/packages/toolchain-gccarmnoneeabi/bin/../lib/gcc/arm-none-eabi/5.4.1/../../../../arm-none-eabi/lib/armv7e-m/fpu/fpv5-d16\libc.a(lib_a-svfiprintf.o)
 .debug_frame   0x00000954       0x28 c:/users/ponyxis/.platformio/packages/toolchain-gccarmnoneeabi/bin/../lib/gcc/arm-none-eabi/5.4.1/../../../../arm-none-eabi/lib/armv7e-m/fpu/fpv5-d16\libc.a(lib_a-callocr.o)
 .debug_frame   0x0000097c       0x2c c:/users/ponyxis/.platformio/packages/toolchain-gccarmnoneeabi/bin/../lib/gcc/arm-none-eabi/5.4.1/armv7e-m/fpu/fpv5-d16\libgcc.a(_aeabi_uldivmod.o)
 .debug_frame   0x000009a8       0x34 c:/users/ponyxis/.platformio/packages/toolchain-gccarmnoneeabi/bin/../lib/gcc/arm-none-eabi/5.4.1/armv7e-m/fpu/fpv5-d16\libgcc.a(_udivmoddi4.o)

.debug_str
 *(.debug_str)

.debug_loc
 *(.debug_loc)
OUTPUT(.pio\build\teensy40\firmware.elf elf32-littlearm)

.ARM.attributes
                0x00000000       0x2e
 .ARM.attributes
                0x00000000       0x20 c:/users/ponyxis/.platformio/packages/toolchain-gccarmnoneeabi/bin/../lib/gcc/arm-none-eabi/5.4.1/armv7e-m/fpu/fpv5-d16/crti.o
 .ARM.attributes
                0x00000020       0x32 c:/users/ponyxis/.platformio/packages/toolchain-gccarmnoneeabi/bin/../lib/gcc/arm-none-eabi/5.4.1/armv7e-m/fpu/fpv5-d16/crtbegin.o
 .ARM.attributes
                0x00000052       0x37 .pio\build\teensy40\src\main.cpp.o
 .ARM.attributes
                0x00000089       0x37 .pio\build\teensy40\libd56\libnextion.a(NexHardware.cpp.o)
 .ARM.attributes
                0x000000c0       0x37 .pio\build\teensy40\libd56\libnextion.a(NexTouch.cpp.o)
 .ARM.attributes
                0x000000f7       0x37 .pio\build\teensy40\libd56\libnextion.a(NexObject.cpp.o)
 .ARM.attributes
                0x0000012e       0x37 .pio\build\teensy40\liba69\libdisplay.a(display.cpp.o)
 .ARM.attributes
                0x00000165       0x37 .pio\build\teensy40\libcda\libkeyboard.a(keyboard.cpp.o)
 .ARM.attributes
                0x0000019c       0x37 .pio\build\teensy40\lib2c6\libSerialFlash.a(SerialFlashChip.cpp.o)
 .ARM.attributes
                0x000001d3       0x37 .pio\build\teensy40\libFrameworkArduino.a(HardwareSerial.cpp.o)
 .ARM.attributes
                0x0000020a       0x37 .pio\build\teensy40\libFrameworkArduino.a(HardwareSerial1.cpp.o)
 .ARM.attributes
                0x00000241       0x37 .pio\build\teensy40\libFrameworkArduino.a(Print.cpp.o)
 .ARM.attributes
                0x00000278       0x37 .pio\build\teensy40\libFrameworkArduino.a(Stream.cpp.o)
 .ARM.attributes
                0x000002af       0x37 .pio\build\teensy40\libFrameworkArduino.a(WString.cpp.o)
 .ARM.attributes
                0x000002e6       0x37 .pio\build\teensy40\libFrameworkArduino.a(bootdata.c.o)
 .ARM.attributes
                0x0000031d       0x37 .pio\build\teensy40\libFrameworkArduino.a(clockspeed.c.o)
 .ARM.attributes
                0x00000354       0x37 .pio\build\teensy40\libFrameworkArduino.a(delay.c.o)
 .ARM.attributes
                0x0000038b       0x37 .pio\build\teensy40\libFrameworkArduino.a(digital.c.o)
 .ARM.attributes
                0x000003c2       0x37 .pio\build\teensy40\libFrameworkArduino.a(main.cpp.o)
 .ARM.attributes
                0x000003f9       0x23 .pio\build\teensy40\libFrameworkArduino.a(memcpy-armv7m.S.o)
 .ARM.attributes
                0x0000041c       0x37 .pio\build\teensy40\libFrameworkArduino.a(nonstd.c.o)
 .ARM.attributes
                0x00000453       0x37 .pio\build\teensy40\libFrameworkArduino.a(startup.c.o)
 .ARM.attributes
                0x0000048a       0x37 .pio\build\teensy40\libFrameworkArduino.a(tempmon.c.o)
 .ARM.attributes
                0x000004c1       0x37 .pio\build\teensy40\libFrameworkArduino.a(usb.c.o)
 .ARM.attributes
                0x000004f8       0x37 .pio\build\teensy40\libFrameworkArduino.a(usb_desc.c.o)
 .ARM.attributes
                0x0000052f       0x37 .pio\build\teensy40\libFrameworkArduino.a(usb_serial.c.o)
 .ARM.attributes
                0x00000566       0x37 .pio\build\teensy40\libFrameworkArduino.a(yield.cpp.o)
 .ARM.attributes
                0x0000059d       0x37 .pio\build\teensy40\libFrameworkArduino.a(EventResponder.cpp.o)
 .ARM.attributes
                0x000005d4       0x37 .pio\build\teensy40\libFrameworkArduino.a(analog.c.o)
 .ARM.attributes
                0x0000060b       0x37 .pio\build\teensy40\libFrameworkArduino.a(pwm.c.o)
 .ARM.attributes
                0x00000642       0x37 .pio\build\teensy40\libFrameworkArduino.a(usb_inst.cpp.o)
 .ARM.attributes
                0x00000679       0x37 .pio\build\teensy40\libd56\libnextion.a(NexButton.cpp.o)
 .ARM.attributes
                0x000006b0       0x37 .pio\build\teensy40\libd56\libnextion.a(NexText.cpp.o)
 .ARM.attributes
                0x000006e7       0x37 .pio\build\teensy40\lib05e\libSPI.a(SPI.cpp.o)
 .ARM.attributes
                0x0000071e       0x32 c:/users/ponyxis/.platformio/packages/toolchain-gccarmnoneeabi/bin/../lib/gcc/arm-none-eabi/5.4.1/../../../../arm-none-eabi/lib/armv7e-m/fpu/fpv5-d16\libc.a(lib_a-errno.o)
 .ARM.attributes
                0x00000750       0x32 c:/users/ponyxis/.platformio/packages/toolchain-gccarmnoneeabi/bin/../lib/gcc/arm-none-eabi/5.4.1/../../../../arm-none-eabi/lib/armv7e-m/fpu/fpv5-d16\libc.a(lib_a-impure.o)
 .ARM.attributes
                0x00000782       0x32 c:/users/ponyxis/.platformio/packages/toolchain-gccarmnoneeabi/bin/../lib/gcc/arm-none-eabi/5.4.1/../../../../arm-none-eabi/lib/armv7e-m/fpu/fpv5-d16\libc.a(lib_a-init.o)
 .ARM.attributes
                0x000007b4       0x32 c:/users/ponyxis/.platformio/packages/toolchain-gccarmnoneeabi/bin/../lib/gcc/arm-none-eabi/5.4.1/../../../../arm-none-eabi/lib/armv7e-m/fpu/fpv5-d16\libc.a(lib_a-locale.o)
 .ARM.attributes
                0x000007e6       0x32 c:/users/ponyxis/.platformio/packages/toolchain-gccarmnoneeabi/bin/../lib/gcc/arm-none-eabi/5.4.1/../../../../arm-none-eabi/lib/armv7e-m/fpu/fpv5-d16\libc.a(lib_a-malloc.o)
 .ARM.attributes
                0x00000818       0x32 c:/users/ponyxis/.platformio/packages/toolchain-gccarmnoneeabi/bin/../lib/gcc/arm-none-eabi/5.4.1/../../../../arm-none-eabi/lib/armv7e-m/fpu/fpv5-d16\libc.a(lib_a-mallocr.o)
 .ARM.attributes
                0x0000084a       0x32 c:/users/ponyxis/.platformio/packages/toolchain-gccarmnoneeabi/bin/../lib/gcc/arm-none-eabi/5.4.1/../../../../arm-none-eabi/lib/armv7e-m/fpu/fpv5-d16\libc.a(lib_a-mbtowc_r.o)
 .ARM.attributes
                0x0000087c       0x32 c:/users/ponyxis/.platformio/packages/toolchain-gccarmnoneeabi/bin/../lib/gcc/arm-none-eabi/5.4.1/../../../../arm-none-eabi/lib/armv7e-m/fpu/fpv5-d16\libc.a(lib_a-memmove.o)
 .ARM.attributes
                0x000008ae       0x32 c:/users/ponyxis/.platformio/packages/toolchain-gccarmnoneeabi/bin/../lib/gcc/arm-none-eabi/5.4.1/../../../../arm-none-eabi/lib/armv7e-m/fpu/fpv5-d16\libc.a(lib_a-memset.o)
 .ARM.attributes
                0x000008e0       0x32 c:/users/ponyxis/.platformio/packages/toolchain-gccarmnoneeabi/bin/../lib/gcc/arm-none-eabi/5.4.1/../../../../arm-none-eabi/lib/armv7e-m/fpu/fpv5-d16\libc.a(lib_a-mlock.o)
 .ARM.attributes
                0x00000912       0x32 c:/users/ponyxis/.platformio/packages/toolchain-gccarmnoneeabi/bin/../lib/gcc/arm-none-eabi/5.4.1/../../../../arm-none-eabi/lib/armv7e-m/fpu/fpv5-d16\libc.a(lib_a-realloc.o)
 .ARM.attributes
                0x00000944       0x32 c:/users/ponyxis/.platformio/packages/toolchain-gccarmnoneeabi/bin/../lib/gcc/arm-none-eabi/5.4.1/../../../../arm-none-eabi/lib/armv7e-m/fpu/fpv5-d16\libc.a(lib_a-reallocr.o)
 .ARM.attributes
                0x00000976       0x32 c:/users/ponyxis/.platformio/packages/toolchain-gccarmnoneeabi/bin/../lib/gcc/arm-none-eabi/5.4.1/../../../../arm-none-eabi/lib/armv7e-m/fpu/fpv5-d16\libc.a(lib_a-sbrkr.o)
 .ARM.attributes
                0x000009a8       0x32 c:/users/ponyxis/.platformio/packages/toolchain-gccarmnoneeabi/bin/../lib/gcc/arm-none-eabi/5.4.1/../../../../arm-none-eabi/lib/armv7e-m/fpu/fpv5-d16\libc.a(lib_a-sprintf.o)
 .ARM.attributes
                0x000009da       0x32 c:/users/ponyxis/.platformio/packages/toolchain-gccarmnoneeabi/bin/../lib/gcc/arm-none-eabi/5.4.1/../../../../arm-none-eabi/lib/armv7e-m/fpu/fpv5-d16\libc.a(lib_a-strchr.o)
 .ARM.attributes
                0x00000a0c       0x32 c:/users/ponyxis/.platformio/packages/toolchain-gccarmnoneeabi/bin/../lib/gcc/arm-none-eabi/5.4.1/../../../../arm-none-eabi/lib/armv7e-m/fpu/fpv5-d16\libc.a(lib_a-strcpy.o)
 .ARM.attributes
                0x00000a3e       0x1e c:/users/ponyxis/.platformio/packages/toolchain-gccarmnoneeabi/bin/../lib/gcc/arm-none-eabi/5.4.1/../../../../arm-none-eabi/lib/armv7e-m/fpu/fpv5-d16\libc.a(lib_a-strlen.o)
 .ARM.attributes
                0x00000a5c       0x32 c:/users/ponyxis/.platformio/packages/toolchain-gccarmnoneeabi/bin/../lib/gcc/arm-none-eabi/5.4.1/../../../../arm-none-eabi/lib/armv7e-m/fpu/fpv5-d16\libc.a(lib_a-strncpy.o)
 .ARM.attributes
                0x00000a8e       0x32 c:/users/ponyxis/.platformio/packages/toolchain-gccarmnoneeabi/bin/../lib/gcc/arm-none-eabi/5.4.1/../../../../arm-none-eabi/lib/armv7e-m/fpu/fpv5-d16\libc.a(lib_a-svfprintf.o)
 .ARM.attributes
                0x00000ac0       0x32 c:/users/ponyxis/.platformio/packages/toolchain-gccarmnoneeabi/bin/../lib/gcc/arm-none-eabi/5.4.1/../../../../arm-none-eabi/lib/armv7e-m/fpu/fpv5-d16\libc.a(lib_a-vsprintf.o)
 .ARM.attributes
                0x00000af2       0x32 c:/users/ponyxis/.platformio/packages/toolchain-gccarmnoneeabi/bin/../lib/gcc/arm-none-eabi/5.4.1/../../../../arm-none-eabi/lib/armv7e-m/fpu/fpv5-d16\libc.a(lib_a-wctomb_r.o)
 .ARM.attributes
                0x00000b24       0x32 c:/users/ponyxis/.platformio/packages/toolchain-gccarmnoneeabi/bin/../lib/gcc/arm-none-eabi/5.4.1/../../../../arm-none-eabi/lib/armv7e-m/fpu/fpv5-d16\libc.a(lib_a-ctype_.o)
 .ARM.attributes
                0x00000b56       0x32 c:/users/ponyxis/.platformio/packages/toolchain-gccarmnoneeabi/bin/../lib/gcc/arm-none-eabi/5.4.1/../../../../arm-none-eabi/lib/armv7e-m/fpu/fpv5-d16\libc.a(lib_a-dtoa.o)
 .ARM.attributes
                0x00000b88       0x32 c:/users/ponyxis/.platformio/packages/toolchain-gccarmnoneeabi/bin/../lib/gcc/arm-none-eabi/5.4.1/../../../../arm-none-eabi/lib/armv7e-m/fpu/fpv5-d16\libc.a(lib_a-freer.o)
 .ARM.attributes
                0x00000bba       0x32 c:/users/ponyxis/.platformio/packages/toolchain-gccarmnoneeabi/bin/../lib/gcc/arm-none-eabi/5.4.1/../../../../arm-none-eabi/lib/armv7e-m/fpu/fpv5-d16\libc.a(lib_a-localeconv.o)
 .ARM.attributes
                0x00000bec       0x1e c:/users/ponyxis/.platformio/packages/toolchain-gccarmnoneeabi/bin/../lib/gcc/arm-none-eabi/5.4.1/../../../../arm-none-eabi/lib/armv7e-m/fpu/fpv5-d16\libc.a(lib_a-memchr.o)
 .ARM.attributes
                0x00000c0a       0x32 c:/users/ponyxis/.platformio/packages/toolchain-gccarmnoneeabi/bin/../lib/gcc/arm-none-eabi/5.4.1/../../../../arm-none-eabi/lib/armv7e-m/fpu/fpv5-d16\libc.a(lib_a-mprec.o)
 .ARM.attributes
                0x00000c3c       0x32 c:/users/ponyxis/.platformio/packages/toolchain-gccarmnoneeabi/bin/../lib/gcc/arm-none-eabi/5.4.1/../../../../arm-none-eabi/lib/armv7e-m/fpu/fpv5-d16\libc.a(lib_a-reent.o)
 .ARM.attributes
                0x00000c6e       0x32 c:/users/ponyxis/.platformio/packages/toolchain-gccarmnoneeabi/bin/../lib/gcc/arm-none-eabi/5.4.1/../../../../arm-none-eabi/lib/armv7e-m/fpu/fpv5-d16\libc.a(lib_a-svfiprintf.o)
 .ARM.attributes