Archive member included to satisfy reference by file (symbol)

.pio/build/teensy40/libf42/libUSBHost_t36.a(ehci.cpp.o)
                              .pio/build/teensy40/src/main.cpp.o (USBHost::begin())
.pio/build/teensy40/libf42/libUSBHost_t36.a(enumeration.cpp.o)
                              .pio/build/teensy40/src/main.cpp.o (USBHost::Task())
.pio/build/teensy40/libf42/libUSBHost_t36.a(keyboard.cpp.o)
                              .pio/build/teensy40/src/main.cpp.o (KeyboardController::init())
.pio/build/teensy40/libf42/libUSBHost_t36.a(memory.cpp.o)
                              .pio/build/teensy40/libf42/libUSBHost_t36.a(enumeration.cpp.o) (USBHost::allocate_Device())
.pio/build/teensy40/libf42/libUSBHost_t36.a(bluetooth.cpp.o)
                              .pio/build/teensy40/libf42/libUSBHost_t36.a(keyboard.cpp.o) (BluetoothController::driver_ready_for_bluetooth(BTHIDInput*))
.pio/build/teensy40/libf42/libUSBHost_t36.a(hid.cpp.o)
                              .pio/build/teensy40/libf42/libUSBHost_t36.a(keyboard.cpp.o) (USBHIDParser::driver_ready_for_hid_collection(USBHIDInput*))
.pio/build/teensy40/libfb7/libkeyboard.a(keyboard.cpp.o)
                              .pio/build/teensy40/src/main.cpp.o (PressKey(int))
.pio/build/teensy40/libFrameworkArduino.a(HardwareSerial.cpp.o)
                              .pio/build/teensy40/src/main.cpp.o (HardwareSerial::begin(unsigned long, unsigned short))
.pio/build/teensy40/libFrameworkArduino.a(HardwareSerial1.cpp.o)
                              .pio/build/teensy40/src/main.cpp.o (Serial1)
.pio/build/teensy40/libFrameworkArduino.a(Print.cpp.o)
                              .pio/build/teensy40/libFrameworkArduino.a(HardwareSerial.cpp.o) (Print::write(unsigned char const*, unsigned int))
.pio/build/teensy40/libFrameworkArduino.a(Tone.cpp.o)
                              .pio/build/teensy40/libfb7/libkeyboard.a(keyboard.cpp.o) (tone(unsigned char, unsigned short, unsigned long))
.pio/build/teensy40/libFrameworkArduino.a(WString.cpp.o)
                              .pio/build/teensy40/libFrameworkArduino.a(Print.cpp.o) (String::getBytes(unsigned char*, unsigned int, unsigned int) const)
.pio/build/teensy40/libFrameworkArduino.a(bootdata.c.o)
                              (ImageVectorTable)
.pio/build/teensy40/libFrameworkArduino.a(delay.c.o)
                              .pio/build/teensy40/libf42/libUSBHost_t36.a(ehci.cpp.o) (micros)
.pio/build/teensy40/libFrameworkArduino.a(digital.c.o)
                              .pio/build/teensy40/libFrameworkArduino.a(HardwareSerial.cpp.o) (pinMode)
.pio/build/teensy40/libFrameworkArduino.a(keylayouts.c.o)
                              .pio/build/teensy40/libf42/libUSBHost_t36.a(keyboard.cpp.o) (keycodes_ascii)
.pio/build/teensy40/libFrameworkArduino.a(main.cpp.o)
                              /home/ponyxis/.platformio/packages/toolchain-gccarmnoneeabi/bin/../lib/gcc/arm-none-eabi/5.4.1/../../../../arm-none-eabi/lib/armv7e-m/fpu/fpv5-d16/crt0.o (main)
.pio/build/teensy40/libFrameworkArduino.a(memcpy-armv7m.S.o)
                              .pio/build/teensy40/libf42/libUSBHost_t36.a(bluetooth.cpp.o) (memcpy)
.pio/build/teensy40/libFrameworkArduino.a(memset.S.o)
                              /home/ponyxis/.platformio/packages/toolchain-gccarmnoneeabi/bin/../lib/gcc/arm-none-eabi/5.4.1/../../../../arm-none-eabi/lib/armv7e-m/fpu/fpv5-d16/crt0.o (memset)
.pio/build/teensy40/libFrameworkArduino.a(nonstd.c.o)
                              .pio/build/teensy40/libFrameworkArduino.a(WString.cpp.o) (ultoa)
.pio/build/teensy40/libFrameworkArduino.a(startup.c.o)
                              .pio/build/teensy40/libFrameworkArduino.a(bootdata.c.o) (ResetHandler)
.pio/build/teensy40/libFrameworkArduino.a(tempmon.c.o)
                              .pio/build/teensy40/libFrameworkArduino.a(startup.c.o) (tempmon_init)
.pio/build/teensy40/libFrameworkArduino.a(usb.c.o)
                              .pio/build/teensy40/libFrameworkArduino.a(startup.c.o) (usb_init)
.pio/build/teensy40/libFrameworkArduino.a(usb_desc.c.o)
                              .pio/build/teensy40/libFrameworkArduino.a(usb.c.o) (usb_init_serialnumber)
.pio/build/teensy40/libFrameworkArduino.a(usb_inst.cpp.o)
                              .pio/build/teensy40/libf42/libUSBHost_t36.a(keyboard.cpp.o) (Serial)
.pio/build/teensy40/libFrameworkArduino.a(usb_serial.c.o)
                              .pio/build/teensy40/libFrameworkArduino.a(usb.c.o) (usb_serial_reset)
.pio/build/teensy40/libFrameworkArduino.a(yield.cpp.o)
                              .pio/build/teensy40/libFrameworkArduino.a(HardwareSerial.cpp.o) (yield)
.pio/build/teensy40/libFrameworkArduino.a(EventResponder.cpp.o)
                              .pio/build/teensy40/libFrameworkArduino.a(startup.c.o) (pendablesrvreq_isr)
.pio/build/teensy40/libFrameworkArduino.a(IntervalTimer.cpp.o)
[...]
Memory Configuration

Name             Origin             Length             Attributes
ITCM             0x0000000000000000 0x0000000000080000 xrw
DTCM             0x0000000020000000 0x0000000000080000 xrw
RAM              0x0000000020200000 0x0000000000080000 xrw
FLASH            0x0000000060000000 0x00000000001f0000 xrw
*default*        0x0000000000000000 0xffffffffffffffff

Linker script and memory map

LOAD /home/ponyxis/.platformio/packages/toolchain-gccarmnoneeabi/bin/../lib/gcc/arm-none-eabi/5.4.1/armv7e-m/fpu/fpv5-d16/crti.o
LOAD /home/ponyxis/.platformio/packages/toolchain-gccarmnoneeabi/bin/../lib/gcc/arm-none-eabi/5.4.1/armv7e-m/fpu/fpv5-d16/crtbegin.o
LOAD /home/ponyxis/.platformio/packages/toolchain-gccarmnoneeabi/bin/../lib/gcc/arm-none-eabi/5.4.1/../../../../arm-none-eabi/lib/armv7e-m/fpu/fpv5-d16/crt0.o
                0x000000005e9c4380                __rtc_localtime = 0x5e9c4380
LOAD .pio/build/teensy40/src/main.cpp.o
START GROUP
LOAD .pio/build/teensy40/libf42/libUSBHost_t36.a
LOAD .pio/build/teensy40/libb4c/libparser.a
LOAD .pio/build/teensy40/libfb7/libkeyboard.a
LOAD .pio/build/teensy40/libFrameworkArduino.a
LOAD /home/ponyxis/.platformio/packages/toolchain-gccarmnoneeabi/bin/../lib/gcc/arm-none-eabi/5.4.1/../../../../arm-none-eabi/lib/libarm_cortexM7lfsp_math.a
LOAD /home/ponyxis/.platformio/packages/toolchain-gccarmnoneeabi/bin/../lib/gcc/arm-none-eabi/5.4.1/../../../../arm-none-eabi/lib/armv7e-m/fpu/fpv5-d16/libstdc++_nano.a
END GROUP
LOAD /home/ponyxis/.platformio/packages/toolchain-gccarmnoneeabi/bin/../lib/gcc/arm-none-eabi/5.4.1/../../../../arm-none-eabi/lib/armv7e-m/fpu/fpv5-d16/libstdc++_nano.a
LOAD /home/ponyxis/.platformio/packages/toolchain-gccarmnoneeabi/bin/../lib/gcc/arm-none-eabi/5.4.1/../../../../arm-none-eabi/lib/armv7e-m/fpu/fpv5-d16/libm.a
START GROUP
LOAD /home/ponyxis/.platformio/packages/toolchain-gccarmnoneeabi/bin/../lib/gcc/arm-none-eabi/5.4.1/armv7e-m/fpu/fpv5-d16/libgcc.a
LOAD /home/ponyxis/.platformio/packages/toolchain-gccarmnoneeabi/bin/../lib/gcc/arm-none-eabi/5.4.1/../../../../arm-none-eabi/lib/armv7e-m/fpu/fpv5-d16/libc_nano.a
END GROUP
START GROUP
LOAD /home/ponyxis/.platformio/packages/toolchain-gccarmnoneeabi/bin/../lib/gcc/arm-none-eabi/5.4.1/armv7e-m/fpu/fpv5-d16/libgcc.a
LOAD /home/ponyxis/.platformio/packages/toolchain-gccarmnoneeabi/bin/../lib/gcc/arm-none-eabi/5.4.1/../../../../arm-none-eabi/lib/armv7e-m/fpu/fpv5-d16/libc_nano.a
END GROUP
LOAD /home/ponyxis/.platformio/packages/toolchain-gccarmnoneeabi/bin/../lib/gcc/arm-none-eabi/5.4.1/armv7e-m/fpu/fpv5-d16/crtend.o
LOAD /home/ponyxis/.platformio/packages/toolchain-gccarmnoneeabi/bin/../lib/gcc/arm-none-eabi/5.4.1/armv7e-m/fpu/fpv5-d16/crtn.o

.text.progmem   0x0000000060000000     0x16f0
 *(.flashconfig)
 .flashconfig   0x0000000060000000      0x200 .pio/build/teensy40/libFrameworkArduino.a(bootdata.c.o)
                0x0000000060000000                FlexSPI_NOR_Config
 FILL mask 0xff
                0x0000000060001000                . = (ORIGIN (FLASH) + 0x1000)
 *fill*         0x0000000060000200      0xe00 ff
 *(.ivt)
 .ivt           0x0000000060001000       0x20 .pio/build/teensy40/libFrameworkArduino.a(bootdata.c.o)
                0x0000000060001000                ImageVectorTable
 *(.bootdata)
 .bootdata      0x0000000060001020        0xc .pio/build/teensy40/libFrameworkArduino.a(bootdata.c.o)
                0x0000000060001020                BootData
 *(.vectors)
 .vectors       0x000000006000102c        0x8 .pio/build/teensy40/libFrameworkArduino.a(bootdata.c.o)
                0x000000006000102c                vector_table
 *(.startup)
 .startup       0x0000000060001034      0x22c .pio/build/teensy40/libFrameworkArduino.a(startup.c.o)
                0x0000000060001034                ResetHandler
 *(.flashmem*)
 .flashmem      0x0000000060001260      0x11c .pio/build/teensy40/libFrameworkArduino.a(startup.c.o)
                0x0000000060001260                configure_cache
                0x0000000060001320                usb_pll_start
 .flashmem      0x000000006000137c      0x114 .pio/build/teensy40/libFrameworkArduino.a(tempmon.c.o)
                0x000000006000137c                tempmon_init
 .flashmem      0x0000000060001490       0xe4 .pio/build/teensy40/libFrameworkArduino.a(usb.c.o)
                0x0000000060001490                usb_init
 .flashmem      0x0000000060001574       0x4c .pio/build/teensy40/libFrameworkArduino.a(analog.c.o)
                0x0000000060001574                analog_init
 *(.progmem*)
 .progmem       0x00000000600015c0       0xc2 .pio/build/teensy40/libFrameworkArduino.a(usb_desc.c.o)
                0x00000000600015c0                usb_string_product_name
                0x00000000600015c0                usb_string_product_name_default
                0x00000000600015d6                usb_string_manufacturer_name_default
                0x00000000600015d6                usb_string_manufacturer_name
                0x00000000600015ee                string0
                0x00000000600015f2                usb_config_descriptor_12
                0x0000000060001635                usb_config_descriptor_480
                0x0000000060001684                . = ALIGN (0x4)
 *fill*         0x0000000060001682        0x2 ff
 *(.init)
 .init          0x0000000060001684        0x4 /home/ponyxis/.platformio/packages/toolchain-gccarmnoneeabi/bin/../lib/gcc/arm-none-eabi/5.4.1/armv7e-m/fpu/fpv5-d16/crti.o
                0x0000000060001684                _init
 .init          0x0000000060001688        0x8 /home/ponyxis/.platformio/packages/toolchain-gccarmnoneeabi/bin/../lib/gcc/arm-none-eabi/5.4.1/armv7e-m/fpu/fpv5-d16/crtn.o
 .init.__stub   0x0000000060001690       0x48 linker stubs
                0x00000000600016d8                __preinit_array_start = .
 *(.preinit_array)
                0x00000000600016d8                __preinit_array_end = .
                0x00000000600016d8                __init_array_start = .
 *(.init_array)
 .init_array    0x00000000600016d8        0x4 /home/ponyxis/.platformio/packages/toolchain-gccarmnoneeabi/bin/../lib/gcc/arm-none-eabi/5.4.1/armv7e-m/fpu/fpv5-d16/crtbegin.o
 .init_array    0x00000000600016dc        0x4 .pio/build/teensy40/src/main.cpp.o
 .init_array    0x00000000600016e0        0x4 .pio/build/teensy40/libFrameworkArduino.a(Tone.cpp.o)
                0x00000000600016e4                __init_array_end = .
                0x00000000600016f0                . = ALIGN (0x10)
 *fill*         0x00000000600016e4        0xc ff

.text.itcm      0x0000000000000000     0x54b0 load address 0x00000000600016f0
                0x0000000000000020                . = (. + 0x20)
 *fill*         0x0000000000000000       0x20 
 *(.fastrun)
 *(.text*)
 .text          0x0000000000000020       0x5c /home/ponyxis/.platformio/packages/toolchain-gccarmnoneeabi/bin/../lib/gcc/arm-none-eabi/5.4.1/armv7e-m/fpu/fpv5-d16/crtbegin.o
 .text._ZN10BTHIDInput18connectionCompleteEv
                0x000000000000007c        0x2 .pio/build/teensy40/src/main.cpp.o
                0x000000000000007c                BTHIDInput::connectionComplete()
 *fill*         0x000000000000007e        0x2 
 .text.setup    0x0000000000000080       0x4c .pio/build/teensy40/src/main.cpp.o
                0x0000000000000080                setup
 .text.loop     0x00000000000000cc        0x4 .pio/build/teensy40/src/main.cpp.o
                0x00000000000000cc                loop
 .text.startup._GLOBAL__sub_I_myusb
                0x00000000000000d0       0x5c .pio/build/teensy40/src/main.cpp.o
 .text._ZL8init_qTDPV15Transfer_structPvmmmb
                0x000000000000012c       0x54 .pio/build/teensy40/libf42/libUSBHost_t36.a(ehci.cpp.o)
 .text._ZL31remove_from_async_followup_listP15Transfer_struct
                0x0000000000000180       0x24 .pio/build/teensy40/libf42/libUSBHost_t36.a(ehci.cpp.o)
 .text._ZL34remove_from_periodic_followup_listP15Transfer_struct
                0x00000000000001a4       0x24 .pio/build/teensy40/libf42/libUSBHost_t36.a(ehci.cpp.o)
 .text._ZN7USBHost5beginEv
                0x00000000000001c8      0x14c .pio/build/teensy40/libf42/libUSBHost_t36.a(ehci.cpp.o)
                0x00000000000001c8                USBHost::begin()
 .text._ZN7USBHost14queue_TransferEP11Pipe_structP15Transfer_struct
                0x0000000000000314       0xbc .pio/build/teensy40/libf42/libUSBHost_t36.a(ehci.cpp.o)
                0x0000000000000314                USBHost::queue_Transfer(Pipe_struct*, Transfer_struct*)
 .text._ZN7USBHost22queue_Control_TransferEP13Device_structP7setup_tPvP9USBDriver
                0x00000000000003d0       0xce .pio/build/teensy40/libf42/libUSBHost_t36.a(ehci.cpp.o)
                0x00000000000003d0                USBHost::queue_Control_Transfer(Device_struct*, setup_t*, void*, USBDriver*)
 .text._ZN7USBHost19queue_Data_TransferEP11Pipe_structPvmP9USBDriver
                0x000000000000049e       0xa0 .pio/build/teensy40/libf42/libUSBHost_t36.a(ehci.cpp.o)
                0x000000000000049e                USBHost::queue_Data_Transfer(Pipe_struct*, void*, unsigned long, USBDriver*)
 .text._ZN7USBHost17followup_TransferEP15Transfer_struct
                0x000000000000053e       0x20 .pio/build/teensy40/libf42/libUSBHost_t36.a(ehci.cpp.o)
                0x000000000000053e                USBHost::followup_Transfer(Transfer_struct*)
 *fill*         0x000000000000055e        0x2 
 .text._ZN7USBHost14followup_ErrorEv
                0x0000000000000560       0xbc .pio/build/teensy40/libf42/libUSBHost_t36.a(ehci.cpp.o)
                0x0000000000000560                USBHost::followup_Error()
 .text._ZN7USBHost3isrEv
                0x000000000000061c      0x170 .pio/build/teensy40/libf42/libUSBHost_t36.a(ehci.cpp.o)
                0x000000000000061c                USBHost::isr()
 .text._ZN7USBHost33allocate_interrupt_pipe_bandwidthEP11Pipe_structmm
                0x000000000000078c      0x21c .pio/build/teensy40/libf42/libUSBHost_t36.a(ehci.cpp.o)
                0x000000000000078c                USBHost::allocate_interrupt_pipe_bandwidth(Pipe_struct*, unsigned long, unsigned long)
 .text._ZN7USBHost27add_qh_to_periodic_scheduleEP11Pipe_struct
                0x00000000000009a8       0x78 .pio/build/teensy40/libf42/libUSBHost_t36.a(ehci.cpp.o)
                0x00000000000009a8                USBHost::add_qh_to_periodic_schedule(Pipe_struct*)
 .text._ZN7USBHost8new_PipeEP13Device_structmmmmm
                0x0000000000000a20      0x144 .pio/build/teensy40/libf42/libUSBHost_t36.a(ehci.cpp.o)
                0x0000000000000a20                USBHost::new_Pipe(Device_struct*, unsigned long, unsigned long, unsigned long, unsigned long, unsigned long)
 .text._ZN7USBHost11delete_PipeEP11Pipe_struct
                0x0000000000000b64      0x1ac .pio/build/teensy40/libf42/libUSBHost_t36.a(ehci.cpp.o)
                0x0000000000000b64                USBHost::delete_Pipe(Pipe_struct*)
 .text._ZN7USBHost4TaskEv
                0x0000000000000d10       0x24 .pio/build/teensy40/libf42/libUSBHost_t36.a(enumeration.cpp.o)
                0x0000000000000d10                USBHost::Task()
 .text._ZN7USBHost23driver_ready_for_deviceEP9USBDriver
                0x0000000000000d34       0x20 .pio/build/teensy40/libf42/libUSBHost_t36.a(enumeration.cpp.o)
                0x0000000000000d34                USBHost::driver_ready_for_device(USBDriver*)
 .text._ZN7USBHost10new_DeviceEmmm
                0x0000000000000d54       0xa4 .pio/build/teensy40/libf42/libUSBHost_t36.a(enumeration.cpp.o)
                0x0000000000000d54                USBHost::new_Device(unsigned long, unsigned long, unsigned long)
 .text._ZN7USBHost36convertStringDescriptorToASCIIStringEhP13Device_structPK15Transfer_struct
                0x0000000000000df8       0x60 .pio/build/teensy40/libf42/libUSBHost_t36.a(enumeration.cpp.o)
                0x0000000000000df8                USBHost::convertStringDescriptorToASCIIString(unsigned char, Device_struct*, Transfer_struct const*)
 .text._ZN7USBHost13claim_driversEP13Device_struct
                0x0000000000000e58       0xd0 .pio/build/teensy40/libf42/libUSBHost_t36.a(enumeration.cpp.o)
                0x0000000000000e58                USBHost::claim_drivers(Device_struct*)
 .text._ZN7USBHost14assign_addressEv
                0x0000000000000f28       0x2c .pio/build/teensy40/libf42/libUSBHost_t36.a(enumeration.cpp.o)
                0x0000000000000f28                USBHost::assign_address()
 .text._ZN7USBHost11enumerationEPK15Transfer_struct
                0x0000000000000f54      0x26c .pio/build/teensy40/libf42/libUSBHost_t36.a(enumeration.cpp.o)
                0x0000000000000f54                USBHost::enumeration(Transfer_struct const*)
 .text._ZN7USBHost17disconnect_DeviceEP13Device_struct
                0x00000000000011c0       0x74 .pio/build/teensy40/libf42/libUSBHost_t36.a(enumeration.cpp.o)
                0x00000000000011c0                USBHost::disconnect_Device(Device_struct*)
 .text._ZN9USBDriver11timer_eventEP14USBDriverTimer
                0x0000000000001234        0x2 .pio/build/teensy40/libf42/libUSBHost_t36.a(keyboard.cpp.o)
                0x0000000000001234                USBDriver::timer_event(USBDriverTimer*)
 .text._ZN9USBDriver4TaskEv
                0x0000000000001236        0x2 .pio/build/teensy40/libf42/libUSBHost_t36.a(keyboard.cpp.o)
                0x0000000000001236                USBDriver::Task()
 .text._ZN11USBHIDInput19hid_process_in_dataEPK15Transfer_struct
                0x0000000000001238        0x4 .pio/build/teensy40/libf42/libUSBHost_t36.a(keyboard.cpp.o)
                0x0000000000001238                USBHIDInput::hid_process_in_data(Transfer_struct const*)
 .text._ZN11USBHIDInput20hid_process_out_dataEPK15Transfer_struct
                0x000000000000123c        0x4 .pio/build/teensy40/libf42/libUSBHost_t36.a(keyboard.cpp.o)
                0x000000000000123c                USBHIDInput::hid_process_out_data(Transfer_struct const*)
 .text._ZN18KeyboardController21disconnect_collectionEP13Device_struct
                0x0000000000001240       0x12 .pio/build/teensy40/libf42/libUSBHost_t36.a(keyboard.cpp.o)
                0x0000000000001240                KeyboardController::disconnect_collection(Device_struct*)
 .text._ZThn12_N18KeyboardController21disconnect_collectionEP13Device_struct
                0x0000000000001252        0x8 .pio/build/teensy40/libf42/libUSBHost_t36.a(keyboard.cpp.o)
                0x0000000000001252                non-virtual thunk to KeyboardController::disconnect_collection(Device_struct*)
 .text._ZN18KeyboardController15hid_input_beginEmmii
                0x000000000000125a       0x12 .pio/build/teensy40/libf42/libUSBHost_t36.a(keyboard.cpp.o)
                0x000000000000125a                KeyboardController::hid_input_begin(unsigned long, unsigned long, int, int)
 .text._ZThn12_N18KeyboardController15hid_input_beginEmmii
                0x000000000000126c        0x8 .pio/build/teensy40/libf42/libUSBHost_t36.a(keyboard.cpp.o)
                0x000000000000126c                non-virtual thunk to KeyboardController::hid_input_begin(unsigned long, unsigned long, int, int)
 .text._ZN18KeyboardController14hid_input_dataEml
                0x0000000000001274       0x8a .pio/build/teensy40/libf42/libUSBHost_t36.a(keyboard.cpp.o)
                0x0000000000001274                KeyboardController::hid_input_data(unsigned long, long)
 .text._ZThn12_N18KeyboardController14hid_input_dataEml
                0x00000000000012fe        0x8 .pio/build/teensy40/libf42/libUSBHost_t36.a(keyboard.cpp.o)
                0x00000000000012fe                non-virtual thunk to KeyboardController::hid_input_data(unsigned long, long)
 .text._ZN18KeyboardController17release_bluetoothEv
                0x0000000000001306        0x2 .pio/build/teensy40/libf42/libUSBHost_t36.a(keyboard.cpp.o)
                0x0000000000001306                KeyboardController::release_bluetooth()
                0x0000000000001306                KeyboardController::disconnect()
 .text._ZThn24_N18KeyboardController17release_bluetoothEv
                0x0000000000001308        0x8 .pio/build/teensy40/libf42/libUSBHost_t36.a(keyboard.cpp.o)
                0x0000000000001308                non-virtual thunk to KeyboardController::release_bluetooth()
 .text._ZL8containshPKh
                0x0000000000001310       0x2c .pio/build/teensy40/libf42/libUSBHost_t36.a(keyboard.cpp.o)
 .text._ZN18KeyboardController15claim_bluetoothEP19BluetoothControllermPh
                0x000000000000133c       0x60 .pio/build/teensy40/libf42/libUSBHost_t36.a(keyboard.cpp.o)
                0x000000000000133c                KeyboardController::claim_bluetooth(BluetoothController*, unsigned long, unsigned char*)
 .text._ZThn24_N18KeyboardController15claim_bluetoothEP19BluetoothControllermPh
                0x000000000000139c        0x8 .pio/build/teensy40/libf42/libUSBHost_t36.a(keyboard.cpp.o)
                0x000000000000139c                non-virtual thunk to KeyboardController::claim_bluetooth(BluetoothController*, unsigned long, unsigned char*)
 .text._ZN18KeyboardController18remoteNameCompleteEPKh
                0x00000000000013a4       0x30 .pio/build/teensy40/libf42/libUSBHost_t36.a(keyboard.cpp.o)
                0x00000000000013a4                KeyboardController::remoteNameComplete(unsigned char const*)
 .text._ZThn24_N18KeyboardController18remoteNameCompleteEPKh
                0x00000000000013d4        0x8 .pio/build/teensy40/libf42/libUSBHost_t36.a(keyboard.cpp.o)
                0x00000000000013d4                non-virtual thunk to KeyboardController::remoteNameComplete(unsigned char const*)
 .text._ZN18KeyboardController5claimEP13Device_structiPKhm
                0x00000000000013dc       0xc0 .pio/build/teensy40/libf42/libUSBHost_t36.a(keyboard.cpp.o)
                0x00000000000013dc                KeyboardController::claim(Device_struct*, int, unsigned char const*, unsigned long)
 .text._ZN18KeyboardController13hid_input_endEv
                0x000000000000149c       0x46 .pio/build/teensy40/libf42/libUSBHost_t36.a(keyboard.cpp.o)
                0x000000000000149c                KeyboardController::hid_input_end()
 .text._ZThn12_N18KeyboardController13hid_input_endEv
                0x00000000000014e2        0x8 .pio/build/teensy40/libf42/libUSBHost_t36.a(keyboard.cpp.o)
                0x00000000000014e2                non-virtual thunk to KeyboardController::hid_input_end()
 *fill*         0x00000000000014ea        0x2 
 .text._ZN18KeyboardController16claim_collectionEP12USBHIDParserP13Device_structm
                0x00000000000014ec       0x38 .pio/build/teensy40/libf42/libUSBHost_t36.a(keyboard.cpp.o)
                0x00000000000014ec                KeyboardController::claim_collection(USBHIDParser*, Device_struct*, unsigned long)
 .text._ZThn12_N18KeyboardController16claim_collectionEP12USBHIDParserP13Device_structm
                0x0000000000001524        0x8 .pio/build/teensy40/libf42/libUSBHost_t36.a(keyboard.cpp.o)
                0x0000000000001524                non-virtual thunk to KeyboardController::claim_collection(USBHIDParser*, Device_struct*, unsigned long)
 .text._ZN18KeyboardController4initEv
                0x000000000000152c       0x3e .pio/build/teensy40/libf42/libUSBHost_t36.a(keyboard.cpp.o)
                0x000000000000152c                KeyboardController::init()
 .text._ZN18KeyboardController17forceBootProtocolEv
                0x000000000000156a       0x2a .pio/build/teensy40/libf42/libUSBHost_t36.a(keyboard.cpp.o)
                0x000000000000156a                KeyboardController::forceBootProtocol()
 .text._ZN18KeyboardController7controlEPK15Transfer_struct
                0x0000000000001594       0x4a .pio/build/teensy40/libf42/libUSBHost_t36.a(keyboard.cpp.o)
                0x0000000000001594                KeyboardController::control(Transfer_struct const*)
 .text.__keyboardControllerEmptyCallback
                0x00000000000015de        0x2 .pio/build/teensy40/libf42/libUSBHost_t36.a(keyboard.cpp.o)
                0x00000000000015de                keyPressed()
                0x00000000000015de                __keyboardControllerEmptyCallback
                0x00000000000015de                keyReleased()
 .text._ZN18KeyboardController18convert_to_unicodeEmm
                0x00000000000015e0       0xa4 .pio/build/teensy40/libf42/libUSBHost_t36.a(keyboard.cpp.o)
                0x00000000000015e0                KeyboardController::convert_to_unicode(unsigned long, unsigned long)
 .text._ZN18KeyboardController9key_pressEmm
                0x0000000000001684       0x24 .pio/build/teensy40/libf42/libUSBHost_t36.a(keyboard.cpp.o)
                0x0000000000001684                KeyboardController::key_press(unsigned long, unsigned long)
 .text._ZN18KeyboardController10updateLEDSEv
                0x00000000000016a8       0x24 .pio/build/teensy40/libf42/libUSBHost_t36.a(keyboard.cpp.o)
                0x00000000000016a8                KeyboardController::updateLEDS()
 .text._ZN18KeyboardController7numLockEb
                0x00000000000016cc       0x24 .pio/build/teensy40/libf42/libUSBHost_t36.a(keyboard.cpp.o)
                0x00000000000016cc                KeyboardController::numLock(bool)
 .text._ZN18KeyboardController8capsLockEb
                0x00000000000016f0       0x24 .pio/build/teensy40/libf42/libUSBHost_t36.a(keyboard.cpp.o)
                0x00000000000016f0                KeyboardController::capsLock(bool)
 .text._ZN18KeyboardController10scrollLockEb
                0x0000000000001714       0x24 .pio/build/teensy40/libf42/libUSBHost_t36.a(keyboard.cpp.o)
                0x0000000000001714                KeyboardController::scrollLock(bool)
 .text._ZN18KeyboardController11key_releaseEmm
                0x0000000000001738       0x6c .pio/build/teensy40/libf42/libUSBHost_t36.a(keyboard.cpp.o)
                0x0000000000001738                KeyboardController::key_release(unsigned long, unsigned long)
 .text._ZN18KeyboardController8new_dataEPK15Transfer_struct
                0x00000000000017a4       0x7c .pio/build/teensy40/libf42/libUSBHost_t36.a(keyboard.cpp.o)
                0x00000000000017a4                KeyboardController::new_data(Transfer_struct const*)
 .text._ZN18KeyboardController8callbackEPK15Transfer_struct
                0x0000000000001820        0xc .pio/build/teensy40/libf42/libUSBHost_t36.a(keyboard.cpp.o)
                0x0000000000001820                KeyboardController::callback(Transfer_struct const*)
 .text._ZN18KeyboardController26process_bluetooth_HID_dataEPKht
                0x000000000000182c       0x90 .pio/build/teensy40/libf42/libUSBHost_t36.a(keyboard.cpp.o)
                0x000000000000182c                KeyboardController::process_bluetooth_HID_data(unsigned char const*, unsigned short)
 .text._ZThn24_N18KeyboardController26process_bluetooth_HID_dataEPKht
                0x00000000000018bc        0x8 .pio/build/teensy40/libf42/libUSBHost_t36.a(keyboard.cpp.o)
                0x00000000000018bc                non-virtual thunk to KeyboardController::process_bluetooth_HID_data(unsigned char const*, unsigned short)
 .text._ZN7USBHost15allocate_DeviceEv
                0x00000000000018c4       0x10 .pio/build/teensy40/libf42/libUSBHost_t36.a(memory.cpp.o)
                0x00000000000018c4                USBHost::allocate_Device()
 .text._ZN7USBHost11free_DeviceEP13Device_struct
                0x00000000000018d4       0x10 .pio/build/teensy40/libf42/libUSBHost_t36.a(memory.cpp.o)
                0x00000000000018d4                USBHost::free_Device(Device_struct*)
 .text._ZN7USBHost13allocate_PipeEv
                0x00000000000018e4       0x10 .pio/build/teensy40/libf42/libUSBHost_t36.a(memory.cpp.o)
                0x00000000000018e4                USBHost::allocate_Pipe()
 .text._ZN7USBHost9free_PipeEP11Pipe_struct
                0x00000000000018f4       0x10 .pio/build/teensy40/libf42/libUSBHost_t36.a(memory.cpp.o)
                0x00000000000018f4                USBHost::free_Pipe(Pipe_struct*)
 .text._ZN7USBHost17allocate_TransferEv
                0x0000000000001904       0x10 .pio/build/teensy40/libf42/libUSBHost_t36.a(memory.cpp.o)
                0x0000000000001904                USBHost::allocate_Transfer()
 .text._ZN7USBHost13free_TransferEP15Transfer_struct
                0x0000000000001914       0x10 .pio/build/teensy40/libf42/libUSBHost_t36.a(memory.cpp.o)
                0x0000000000001914                USBHost::free_Transfer(Transfer_struct*)
 .text._ZN7USBHost22allocate_string_bufferEv
                0x0000000000001924       0x1c .pio/build/teensy40/libf42/libUSBHost_t36.a(memory.cpp.o)
                0x0000000000001924                USBHost::allocate_string_buffer()
 .text._ZN7USBHost18free_string_bufferEP8strbuf_t
                0x0000000000001940       0x10 .pio/build/teensy40/libf42/libUSBHost_t36.a(memory.cpp.o)
                0x0000000000001940                USBHost::free_string_buffer(strbuf_t*)
 .text._ZN7USBHost18contribute_DevicesEP13Device_structm
                0x0000000000001950       0x1a .pio/build/teensy40/libf42/libUSBHost_t36.a(memory.cpp.o)
                0x0000000000001950                USBHost::contribute_Devices(Device_struct*, unsigned long)
 .text._ZN7USBHost16contribute_PipesEP11Pipe_structm
                0x000000000000196a       0x1a .pio/build/teensy40/libf42/libUSBHost_t36.a(memory.cpp.o)
                0x000000000000196a                USBHost::contribute_Pipes(Pipe_struct*, unsigned long)
 .text._ZN7USBHost20contribute_TransfersEP15Transfer_structm
                0x0000000000001984       0x18 .pio/build/teensy40/libf42/libUSBHost_t36.a(memory.cpp.o)
                0x0000000000001984                USBHost::contribute_Transfers(Transfer_struct*, unsigned long)
 .text._ZN7USBHost32init_Device_Pipe_Transfer_memoryEv
                0x000000000000199c       0x2c .pio/build/teensy40/libf42/libUSBHost_t36.a(memory.cpp.o)
                0x000000000000199c                USBHost::init_Device_Pipe_Transfer_memory()
 .text._ZN7USBHost25contribute_String_BuffersEP8strbuf_tm
                0x00000000000019c8       0x1a .pio/build/teensy40/libf42/libUSBHost_t36.a(memory.cpp.o)
                0x00000000000019c8                USBHost::contribute_String_Buffers(strbuf_t*, unsigned long)
 *fill*         0x00000000000019e2        0x2 
 .text._ZN19BluetoothController26driver_ready_for_bluetoothEP10BTHIDInput
                0x00000000000019e4       0x20 .pio/build/teensy40/libf42/libUSBHost_t36.a(bluetooth.cpp.o)
                0x00000000000019e4                BluetoothController::driver_ready_for_bluetooth(BTHIDInput*)
 .text._ZN12USBHIDParser31driver_ready_for_hid_collectionEP11USBHIDInput
                0x0000000000001a04       0x20 .pio/build/teensy40/libf42/libUSBHost_t36.a(hid.cpp.o)
                0x0000000000001a04                USBHIDParser::driver_ready_for_hid_collection(USBHIDInput*)
 .text._Z15clearLineBufferv
                0x0000000000001a24       0x20 .pio/build/teensy40/libfb7/libkeyboard.a(keyboard.cpp.o)
                0x0000000000001a24                clearLineBuffer()
 .text._Z8PressKeyi
                0x0000000000001a44       0x6c .pio/build/teensy40/libfb7/libkeyboard.a(keyboard.cpp.o)
                0x0000000000001a44                PressKey(int)
 .text._ZN14HardwareSerial17availableForWriteEv
                0x0000000000001ab0       0x20 .pio/build/teensy40/libFrameworkArduino.a(HardwareSerial.cpp.o)
                0x0000000000001ab0                HardwareSerial::availableForWrite()
 .text._ZN14HardwareSerial9availableEv
                0x0000000000001ad0       0x1a .pio/build/teensy40/libFrameworkArduino.a(HardwareSerial.cpp.o)
                0x0000000000001ad0                HardwareSerial::available()
 .text._ZN14HardwareSerial4peekEv
                0x0000000000001aea       0x32 .pio/build/teensy40/libFrameworkArduino.a(HardwareSerial.cpp.o)
                0x0000000000001aea                HardwareSerial::peek()
 .text._ZN14HardwareSerial4readEv
                0x0000000000001b1c       0x58 .pio/build/teensy40/libFrameworkArduino.a(HardwareSerial.cpp.o)
                0x0000000000001b1c                HardwareSerial::read()
 .text._ZN14HardwareSerial5flushEv
                0x0000000000001b74       0x12 .pio/build/teensy40/libFrameworkArduino.a(HardwareSerial.cpp.o)
                0x0000000000001b74                HardwareSerial::flush()
 *fill*         0x0000000000001b86        0x2 
 .text._Z23nvic_execution_priorityv
                0x0000000000001b88       0x3c .pio/build/teensy40/libFrameworkArduino.a(HardwareSerial.cpp.o)
                0x0000000000001b88                nvic_execution_priority()
 .text._ZN14HardwareSerial9write9bitEm
                0x0000000000001bc4       0xa8 .pio/build/teensy40/libFrameworkArduino.a(HardwareSerial.cpp.o)
                0x0000000000001bc4                HardwareSerial::write9bit(unsigned long)
 .text._ZN14HardwareSerial5writeEh
                0x0000000000001c6c        0x4 .pio/build/teensy40/libFrameworkArduino.a(HardwareSerial.cpp.o)
                0x0000000000001c6c                HardwareSerial::write(unsigned char)
 .text._ZN14HardwareSerial10IRQHandlerEv
                0x0000000000001c70      0x11a .pio/build/teensy40/libFrameworkArduino.a(HardwareSerial.cpp.o)
                0x0000000000001c70                HardwareSerial::IRQHandler()
 *fill*         0x0000000000001d8a        0x2 
 .text._ZN14HardwareSerial19processSerialEventsEv
                0x0000000000001d8c       0x28 .pio/build/teensy40/libFrameworkArduino.a(HardwareSerial.cpp.o)
                0x0000000000001d8c                HardwareSerial::processSerialEvents()
 .text._ZN14HardwareSerial18enableSerialEventsEv
                0x0000000000001db4       0x24 .pio/build/teensy40/libFrameworkArduino.a(HardwareSerial.cpp.o)
                0x0000000000001db4                HardwareSerial::enableSerialEvents()
 .text._ZN14HardwareSerial5beginEmt
                0x0000000000001dd8      0x218 .pio/build/teensy40/libFrameworkArduino.a(HardwareSerial.cpp.o)
                0x0000000000001dd8                HardwareSerial::begin(unsigned long, unsigned short)
 .text._ZN14HardwareSerial19disableSerialEventsEv
                0x0000000000001ff0       0x24 .pio/build/teensy40/libFrameworkArduino.a(HardwareSerial.cpp.o)
                0x0000000000001ff0                HardwareSerial::disableSerialEvents()
 .text.IRQHandler_Serial1
                0x0000000000002014        0xc .pio/build/teensy40/libFrameworkArduino.a(HardwareSerial1.cpp.o)
                0x0000000000002014                IRQHandler_Serial1
 .text._Z12serialEvent1v
                0x0000000000002020        0xc .pio/build/teensy40/libFrameworkArduino.a(HardwareSerial1.cpp.o)
                0x0000000000002020                serialEvent1()
 .text._Z26serial_event_check_serial1v
                0x000000000000202c       0x14 .pio/build/teensy40/libFrameworkArduino.a(HardwareSerial1.cpp.o)
                0x000000000000202c                serial_event_check_serial1()
 .text._ZN5Print5writeEPKhj
                0x0000000000002040       0x28 .pio/build/teensy40/libFrameworkArduino.a(Print.cpp.o)
                0x0000000000002040                Print::write(unsigned char const*, unsigned int)
 .text._write   0x0000000000002068        0xe .pio/build/teensy40/libFrameworkArduino.a(Print.cpp.o)
                0x0000000000002068                _write
 .text._ZN5Print6printfEPKcz
                0x0000000000002076       0x1a .pio/build/teensy40/libFrameworkArduino.a(Print.cpp.o)
                0x0000000000002076                Print::printf(char const*, ...)
 .text._ZN13IntervalTimerD2Ev
                0x0000000000002090        0xc .pio/build/teensy40/libFrameworkArduino.a(Tone.cpp.o)
                0x0000000000002090                IntervalTimer::~IntervalTimer()
                0x0000000000002090                IntervalTimer::~IntervalTimer()
 .text._Z14tone_interruptv
                0x000000000000209c       0xac .pio/build/teensy40/libFrameworkArduino.a(Tone.cpp.o)
                0x000000000000209c                tone_interrupt()
 .text._Z4tonehtm
                0x0000000000002148      0x128 .pio/build/teensy40/libFrameworkArduino.a(Tone.cpp.o)
                0x0000000000002148                tone(unsigned char, unsigned short, unsigned long)
 .text.startup._GLOBAL__sub_I__Z4tonehtm
                0x0000000000002270       0x18 .pio/build/teensy40/libFrameworkArduino.a(Tone.cpp.o)
 .text.micros   0x0000000000002288       0x5c .pio/build/teensy40/libFrameworkArduino.a(delay.c.o)
                0x0000000000002288                micros
 .text.delay    0x00000000000022e4       0x2a .pio/build/teensy40/libFrameworkArduino.a(delay.c.o)
                0x00000000000022e4                delay
 .text.startup.main
                0x000000000000230e       0x10 .pio/build/teensy40/libFrameworkArduino.a(main.cpp.o)
                0x000000000000230e                main
 *fill*         0x000000000000231e        0x2 
 .text          0x0000000000002320      0x134 .pio/build/teensy40/libFrameworkArduino.a(memcpy-armv7m.S.o)
                0x0000000000002320                memcpy
 .text          0x0000000000002454       0x44 .pio/build/teensy40/libFrameworkArduino.a(memset.S.o)
                0x0000000000002454                memset
 .text.ultoa    0x0000000000002498       0x40 .pio/build/teensy40/libFrameworkArduino.a(nonstd.c.o)
                0x0000000000002498                ultoa
 .text.unused_interrupt_vector
                0x00000000000024d8       0x18 .pio/build/teensy40/libFrameworkArduino.a(startup.c.o)
                0x00000000000024d8                unused_interrupt_vector
 .text.startup_default_early_hook
                0x00000000000024f0        0x2 .pio/build/teensy40/libFrameworkArduino.a(startup.c.o)
                0x00000000000024f0                startup_default_early_hook
                0x00000000000024f0                startup_early_hook
 .text.startup_default_late_hook
                0x00000000000024f2        0x2 .pio/build/teensy40/libFrameworkArduino.a(startup.c.o)
                0x00000000000024f2                startup_default_late_hook
                0x00000000000024f2                startup_late_hook
 .text.HardFault_HandlerC
                0x00000000000024f4       0x88 .pio/build/teensy40/libFrameworkArduino.a(startup.c.o)
                0x00000000000024f4                HardFault_HandlerC
 .text._sbrk    0x000000000000257c       0x2c .pio/build/teensy40/libFrameworkArduino.a(startup.c.o)
                0x000000000000257c                _sbrk
 .text._read    0x00000000000025a8        0x4 .pio/build/teensy40/libFrameworkArduino.a(startup.c.o)
                0x00000000000025a8                _read
 .text._close   0x00000000000025ac        0x6 .pio/build/teensy40/libFrameworkArduino.a(startup.c.o)
                0x00000000000025ac                _close
 .text._lseek   0x00000000000025b2        0x6 .pio/build/teensy40/libFrameworkArduino.a(startup.c.o)
                0x00000000000025b2                _lseek
 .text.Panic_Temp_isr
                0x00000000000025b8       0x24 .pio/build/teensy40/libFrameworkArduino.a(tempmon.c.o)
                0x00000000000025b8                Panic_Temp_isr
 .text.endpoint0_receive
                0x00000000000025dc       0xb0 .pio/build/teensy40/libFrameworkArduino.a(usb.c.o)
 .text.schedule_transfer
                0x000000000000268c       0x5c .pio/build/teensy40/libFrameworkArduino.a(usb.c.o)
 .text.run_callbacks
                0x00000000000026e8       0x34 .pio/build/teensy40/libFrameworkArduino.a(usb.c.o)
 .text.endpoint0_transmit.constprop.1
                0x000000000000271c       0x9c .pio/build/teensy40/libFrameworkArduino.a(usb.c.o)
 .text.usb_start_sof_interrupts
                0x00000000000027b8       0x34 .pio/build/teensy40/libFrameworkArduino.a(usb.c.o)
                0x00000000000027b8                usb_start_sof_interrupts
 .text.usb_stop_sof_interrupts
                0x00000000000027ec       0x2c .pio/build/teensy40/libFrameworkArduino.a(usb.c.o)
                0x00000000000027ec                usb_stop_sof_interrupts
 .text.isr      0x0000000000002818      0x414 .pio/build/teensy40/libFrameworkArduino.a(usb.c.o)
 .text.usb_config_rx
                0x0000000000002c2c       0x58 .pio/build/teensy40/libFrameworkArduino.a(usb.c.o)
                0x0000000000002c2c                usb_config_rx
 .text.usb_config_tx
                0x0000000000002c84       0x64 .pio/build/teensy40/libFrameworkArduino.a(usb.c.o)
                0x0000000000002c84                usb_config_tx
 .text.usb_prepare_transfer
                0x0000000000002ce8       0x2c .pio/build/teensy40/libFrameworkArduino.a(usb.c.o)
                0x0000000000002ce8                usb_prepare_transfer
 .text.usb_transmit
                0x0000000000002d14       0x20 .pio/build/teensy40/libFrameworkArduino.a(usb.c.o)
                0x0000000000002d14                usb_transmit
 .text.usb_receive
                0x0000000000002d34       0x1c .pio/build/teensy40/libFrameworkArduino.a(usb.c.o)
                0x0000000000002d34                usb_receive
 .text.usb_transfer_status
                0x0000000000002d50        0x4 .pio/build/teensy40/libFrameworkArduino.a(usb.c.o)
                0x0000000000002d50                usb_transfer_status
 .text.usb_init_serialnumber
                0x0000000000002d54       0x50 .pio/build/teensy40/libFrameworkArduino.a(usb_desc.c.o)
                0x0000000000002d54                usb_init_serialnumber
 .text._ZN16usb_serial_class5clearEv
                0x0000000000002da4        0x4 .pio/build/teensy40/libFrameworkArduino.a(usb_inst.cpp.o)
                0x0000000000002da4                usb_serial_class::clear()
 .text._ZN16usb_serial_class4peekEv
                0x0000000000002da8        0x4 .pio/build/teensy40/libFrameworkArduino.a(usb_inst.cpp.o)
                0x0000000000002da8                usb_serial_class::peek()
 .text._ZN16usb_serial_class4readEv
                0x0000000000002dac        0x4 .pio/build/teensy40/libFrameworkArduino.a(usb_inst.cpp.o)
                0x0000000000002dac                usb_serial_class::read()
 .text._ZN16usb_serial_class9availableEv
                0x0000000000002db0        0x4 .pio/build/teensy40/libFrameworkArduino.a(usb_inst.cpp.o)
                0x0000000000002db0                usb_serial_class::available()
 .text._ZN16usb_serial_class5flushEv
                0x0000000000002db4        0x4 .pio/build/teensy40/libFrameworkArduino.a(usb_inst.cpp.o)
                0x0000000000002db4                usb_serial_class::flush()
 .text._ZN16usb_serial_class17availableForWriteEv
                0x0000000000002db8        0x4 .pio/build/teensy40/libFrameworkArduino.a(usb_inst.cpp.o)
                0x0000000000002db8                usb_serial_class::availableForWrite()
 .text._ZN16usb_serial_class5writeEPKhj
                0x0000000000002dbc        0x8 .pio/build/teensy40/libFrameworkArduino.a(usb_inst.cpp.o)
                0x0000000000002dbc                usb_serial_class::write(unsigned char const*, unsigned int)
 .text._ZN16usb_serial_class5writeEh
                0x0000000000002dc4        0x6 .pio/build/teensy40/libFrameworkArduino.a(usb_inst.cpp.o)
                0x0000000000002dc4                usb_serial_class::write(unsigned char)
 *fill*         0x0000000000002dca        0x2 
 .text._Z11serialEventv
                0x0000000000002dcc        0xc .pio/build/teensy40/libFrameworkArduino.a(usb_inst.cpp.o)
                0x0000000000002dcc                serialEvent()
 .text.rx_queue_transfer
                0x0000000000002dd8       0x6c .pio/build/teensy40/libFrameworkArduino.a(usb_serial.c.o)
 .text.rx_event
                0x0000000000002e44       0xac .pio/build/teensy40/libFrameworkArduino.a(usb_serial.c.o)
 .text.usb_serial_flush_callback
                0x0000000000002ef0       0x90 .pio/build/teensy40/libFrameworkArduino.a(usb_serial.c.o)
 .text.usb_serial_reset
                0x0000000000002f80        0x2 .pio/build/teensy40/libFrameworkArduino.a(usb_serial.c.o)
                0x0000000000002f80                usb_serial_reset
 *fill*         0x0000000000002f82        0x2 
 .text.usb_serial_configure
                0x0000000000002f84       0xec .pio/build/teensy40/libFrameworkArduino.a(usb_serial.c.o)
                0x0000000000002f84                usb_serial_configure
 .text.usb_serial_read
                0x0000000000003070       0xd8 .pio/build/teensy40/libFrameworkArduino.a(usb_serial.c.o)
                0x0000000000003070                usb_serial_read
 .text.usb_serial_peekchar
                0x0000000000003148       0x44 .pio/build/teensy40/libFrameworkArduino.a(usb_serial.c.o)
                0x0000000000003148                usb_serial_peekchar
 .text.usb_serial_available
                0x000000000000318c        0xc .pio/build/teensy40/libFrameworkArduino.a(usb_serial.c.o)
                0x000000000000318c                usb_serial_available
 .text.usb_serial_flush_input
                0x0000000000003198       0x60 .pio/build/teensy40/libFrameworkArduino.a(usb_serial.c.o)
                0x0000000000003198                usb_serial_flush_input
 .text.usb_serial_getchar
                0x00000000000031f8       0x1e .pio/build/teensy40/libFrameworkArduino.a(usb_serial.c.o)
                0x00000000000031f8                usb_serial_getchar
 *fill*         0x0000000000003216        0x2 
 .text.usb_serial_write
                0x0000000000003218      0x150 .pio/build/teensy40/libFrameworkArduino.a(usb_serial.c.o)
                0x0000000000003218                usb_serial_write
 .text.usb_serial_putchar
                0x0000000000003368       0x16 .pio/build/teensy40/libFrameworkArduino.a(usb_serial.c.o)
                0x0000000000003368                usb_serial_putchar
 *fill*         0x000000000000337e        0x2 
 .text.usb_serial_write_buffer_free
                0x0000000000003380       0x48 .pio/build/teensy40/libFrameworkArduino.a(usb_serial.c.o)
                0x0000000000003380                usb_serial_write_buffer_free
 .text.usb_serial_flush_output
                0x00000000000033c8       0x98 .pio/build/teensy40/libFrameworkArduino.a(usb_serial.c.o)
                0x00000000000033c8                usb_serial_flush_output
 .text.yield    0x0000000000003460       0x8c .pio/build/teensy40/libFrameworkArduino.a(yield.cpp.o)
                0x0000000000003460                yield
 .text._ZN11MillisTimer21disableTimerInterruptEv
                0x00000000000034ec        0xe .pio/build/teensy40/libFrameworkArduino.a(EventResponder.cpp.o)
                0x00000000000034ec                MillisTimer::disableTimerInterrupt()
 .text._ZN11MillisTimer20enableTimerInterruptEb
                0x00000000000034fa        0x6 .pio/build/teensy40/libFrameworkArduino.a(EventResponder.cpp.o)
                0x00000000000034fa                MillisTimer::enableTimerInterrupt(bool)
 .text._ZN14EventResponder16runFromInterruptEv
                0x0000000000003500       0x3c .pio/build/teensy40/libFrameworkArduino.a(EventResponder.cpp.o)
                0x0000000000003500                EventResponder::runFromInterrupt()
 .text.pendablesrvreq_isr
                0x000000000000353c        0x4 .pio/build/teensy40/libFrameworkArduino.a(EventResponder.cpp.o)
                0x000000000000353c                pendablesrvreq_isr
 .text._ZN11MillisTimer15addToActiveListEv
                0x0000000000003540       0x5c .pio/build/teensy40/libFrameworkArduino.a(EventResponder.cpp.o)
                0x0000000000003540                MillisTimer::addToActiveList()
 .text._ZN11MillisTimer12runFromTimerEv
                0x000000000000359c       0x64 .pio/build/teensy40/libFrameworkArduino.a(EventResponder.cpp.o)
                0x000000000000359c                MillisTimer::runFromTimer()
 .text.systick_isr
                0x0000000000003600       0x20 .pio/build/teensy40/libFrameworkArduino.a(EventResponder.cpp.o)
                0x0000000000003600                systick_isr
 .text._ZL7pit_isrv
                0x0000000000003620       0x68 .pio/build/teensy40/libFrameworkArduino.a(IntervalTimer.cpp.o)
 .text._ZN13IntervalTimer11beginCyclesEPFvvEm
                0x0000000000003688       0xb8 .pio/build/teensy40/libFrameworkArduino.a(IntervalTimer.cpp.o)
                0x0000000000003688                IntervalTimer::beginCycles(void (*)(), unsigned long)
 .text._ZN13IntervalTimer3endEv
                0x0000000000003740       0x54 .pio/build/teensy40/libFrameworkArduino.a(IntervalTimer.cpp.o)
                0x0000000000003740                IntervalTimer::end()
 .text.set_arm_clock
                0x0000000000003794      0x254 .pio/build/teensy40/libFrameworkArduino.a(clockspeed.c.o)
                0x0000000000003794                set_arm_clock
 .text.flexpwm_init
                0x00000000000039e8       0x72 .pio/build/teensy40/libFrameworkArduino.a(pwm.c.o)
                0x00000000000039e8                flexpwm_init
 .text.quadtimer_init
                0x0000000000003a5a       0x34 .pio/build/teensy40/libFrameworkArduino.a(pwm.c.o)
                0x0000000000003a5a                quadtimer_init
 *fill*         0x0000000000003a8e        0x2 
 .text.pwm_init
                0x0000000000003a90       0x6c .pio/build/teensy40/libFrameworkArduino.a(pwm.c.o)
                0x0000000000003a90                pwm_init
 .text.__aeabi_atexit
                0x0000000000003afc        0xa /home/ponyxis/.platformio/packages/toolchain-gccarmnoneeabi/bin/../lib/gcc/arm-none-eabi/5.4.1/../../../../arm-none-eabi/lib/armv7e-m/fpu/fpv5-d16/libstdc++_nano.a(atexit_arm.o)
                0x0000000000003afc                __aeabi_atexit
 *fill*         0x0000000000003b06        0x2 
 .text._Z16eraseParserArrayv
                0x0000000000003b08       0x3c .pio/build/teensy40/libb4c/libparser.a(parser.cpp.o)
                0x0000000000003b08                eraseParserArray()
 .text._Z14parserGetCmdIdPc
                0x0000000000003b44       0x40 .pio/build/teensy40/libb4c/libparser.a(parser.cpp.o)
                0x0000000000003b44                parserGetCmdId(char*)
 .text._Z11parserParsePc
                0x0000000000003b84       0xd8 .pio/build/teensy40/libb4c/libparser.a(parser.cpp.o)
                0x0000000000003b84                parserParse(char*)
 .text.__cxa_atexit
                0x0000000000003c5c       0x1c /home/ponyxis/.platformio/packages/toolchain-gccarmnoneeabi/bin/../lib/gcc/arm-none-eabi/5.4.1/../../../../arm-none-eabi/lib/armv7e-m/fpu/fpv5-d16/libc_nano.a(lib_a-cxa_atexit.o)
                0x0000000000003c5c                __cxa_atexit
 .text.__errno  0x0000000000003c78        0xc /home/ponyxis/.platformio/packages/toolchain-gccarmnoneeabi/bin/../lib/gcc/arm-none-eabi/5.4.1/../../../../arm-none-eabi/lib/armv7e-m/fpu/fpv5-d16/libc_nano.a(lib_a-errno.o)
                0x0000000000003c78                __errno
 .text.__libc_init_array
                0x0000000000003c84       0x4c /home/ponyxis/.platformio/packages/toolchain-gccarmnoneeabi/bin/../lib/gcc/arm-none-eabi/5.4.1/../../../../arm-none-eabi/lib/armv7e-m/fpu/fpv5-d16/libc_nano.a(lib_a-init.o)
                0x0000000000003c84                __libc_init_array
 .text.__get_current_locale
                0x0000000000003cd0       0x18 /home/ponyxis/.platformio/packages/toolchain-gccarmnoneeabi/bin/../lib/gcc/arm-none-eabi/5.4.1/../../../../arm-none-eabi/lib/armv7e-m/fpu/fpv5-d16/libc_nano.a(lib_a-locale.o)
 .text.__locale_ctype_ptr_l
                0x0000000000003ce8        0x6 /home/ponyxis/.platformio/packages/toolchain-gccarmnoneeabi/bin/../lib/gcc/arm-none-eabi/5.4.1/../../../../arm-none-eabi/lib/armv7e-m/fpu/fpv5-d16/libc_nano.a(lib_a-locale.o)
                0x0000000000003ce8                __locale_ctype_ptr_l
 *fill*         0x0000000000003cee        0x2 
 .text.__locale_ctype_ptr
                0x0000000000003cf0       0x14 /home/ponyxis/.platformio/packages/toolchain-gccarmnoneeabi/bin/../lib/gcc/arm-none-eabi/5.4.1/../../../../arm-none-eabi/lib/armv7e-m/fpu/fpv5-d16/libc_nano.a(lib_a-locale.o)
                0x0000000000003cf0                __locale_ctype_ptr
 .text.__ascii_mbtowc
                0x0000000000003d04       0x24 /home/ponyxis/.platformio/packages/toolchain-gccarmnoneeabi/bin/../lib/gcc/arm-none-eabi/5.4.1/../../../../arm-none-eabi/lib/armv7e-m/fpu/fpv5-d16/libc_nano.a(lib_a-mbtowc_r.o)
                0x0000000000003d04                __ascii_mbtowc
 .text.memmove  0x0000000000003d28       0x36 /home/ponyxis/.platformio/packages/toolchain-gccarmnoneeabi/bin/../lib/gcc/arm-none-eabi/5.4.1/../../../../arm-none-eabi/lib/armv7e-m/fpu/fpv5-d16/libc_nano.a(lib_a-memmove.o)
                0x0000000000003d28                memmove
 *fill*         0x0000000000003d5e        0x2 
 .text._free_r  0x0000000000003d60       0x9c /home/ponyxis/.platformio/packages/toolchain-gccarmnoneeabi/bin/../lib/gcc/arm-none-eabi/5.4.1/../../../../arm-none-eabi/lib/armv7e-m/fpu/fpv5-d16/libc_nano.a(lib_a-nano-freer.o)
                0x0000000000003d60                _free_r
 .text._malloc_r
                0x0000000000003dfc       0xbc /home/ponyxis/.platformio/packages/toolchain-gccarmnoneeabi/bin/../lib/gcc/arm-none-eabi/5.4.1/../../../../arm-none-eabi/lib/armv7e-m/fpu/fpv5-d16/libc_nano.a(lib_a-nano-mallocr.o)
                0x0000000000003dfc                _malloc_r
 .text._sbrk_r  0x0000000000003eb8       0x20 /home/ponyxis/.platformio/packages/toolchain-gccarmnoneeabi/bin/../lib/gcc/arm-none-eabi/5.4.1/../../../../arm-none-eabi/lib/armv7e-m/fpu/fpv5-d16/libc_nano.a(lib_a-sbrkr.o)
                0x0000000000003eb8                _sbrk_r
 .text.sscanf   0x0000000000003ed8       0x54 /home/ponyxis/.platformio/packages/toolchain-gccarmnoneeabi/bin/../lib/gcc/arm-none-eabi/5.4.1/../../../../arm-none-eabi/lib/armv7e-m/fpu/fpv5-d16/libc_nano.a(lib_a-sscanf.o)
                0x0000000000003ed8                sscanf
                0x0000000000003ed8                siscanf
 .text.__sread  0x0000000000003f2c       0x22 /home/ponyxis/.platformio/packages/toolchain-gccarmnoneeabi/bin/../lib/gcc/arm-none-eabi/5.4.1/../../../../arm-none-eabi/lib/armv7e-m/fpu/fpv5-d16/libc_nano.a(lib_a-stdio.o)
                0x0000000000003f2c                __sread
 .text.__seofread
                0x0000000000003f4e        0x4 /home/ponyxis/.platformio/packages/toolchain-gccarmnoneeabi/bin/../lib/gcc/arm-none-eabi/5.4.1/../../../../arm-none-eabi/lib/armv7e-m/fpu/fpv5-d16/libc_nano.a(lib_a-stdio.o)
                0x0000000000003f4e                __seofread
 .text.__swrite
                0x0000000000003f52       0x38 /home/ponyxis/.platformio/packages/toolchain-gccarmnoneeabi/bin/../lib/gcc/arm-none-eabi/5.4.1/../../../../arm-none-eabi/lib/armv7e-m/fpu/fpv5-d16/libc_nano.a(lib_a-stdio.o)
                0x0000000000003f52                __swrite
 .text.__sseek  0x0000000000003f8a       0x24 /home/ponyxis/.platformio/packages/toolchain-gccarmnoneeabi/bin/../lib/gcc/arm-none-eabi/5.4.1/../../../../arm-none-eabi/lib/armv7e-m/fpu/fpv5-d16/libc_nano.a(lib_a-stdio.o)
                0x0000000000003f8a                __sseek
 .text.__sclose
                0x0000000000003fae        0x8 /home/ponyxis/.platformio/packages/toolchain-gccarmnoneeabi/bin/../lib/gcc/arm-none-eabi/5.4.1/../../../../arm-none-eabi/lib/armv7e-m/fpu/fpv5-d16/libc_nano.a(lib_a-stdio.o)
                0x0000000000003fae                __sclose
 .text          0x0000000000003fb6       0x14 /home/ponyxis/.platformio/packages/toolchain-gccarmnoneeabi/bin/../lib/gcc/arm-none-eabi/5.4.1/../../../../arm-none-eabi/lib/armv7e-m/fpu/fpv5-d16/libc_nano.a(lib_a-strcmp.o)
                0x0000000000003fb6                strcmp
 .text          0x0000000000003fca       0x10 /home/ponyxis/.platformio/packages/toolchain-gccarmnoneeabi/bin/../lib/gcc/arm-none-eabi/5.4.1/../../../../arm-none-eabi/lib/armv7e-m/fpu/fpv5-d16/libc_nano.a(lib_a-strlen.o)
                0x0000000000003fca                strlen
 .text.strncmp  0x0000000000003fda       0x2a /home/ponyxis/.platformio/packages/toolchain-gccarmnoneeabi/bin/../lib/gcc/arm-none-eabi/5.4.1/../../../../arm-none-eabi/lib/armv7e-m/fpu/fpv5-d16/libc_nano.a(lib_a-strncmp.o)
                0x0000000000003fda                strncmp
 .text._strtol_l.isra.0
                0x0000000000004004      0x110 /home/ponyxis/.platformio/packages/toolchain-gccarmnoneeabi/bin/../lib/gcc/arm-none-eabi/5.4.1/../../../../arm-none-eabi/lib/armv7e-m/fpu/fpv5-d16/libc_nano.a(lib_a-strtol.o)
 .text._strtol_r
                0x0000000000004114       0x24 /home/ponyxis/.platformio/packages/toolchain-gccarmnoneeabi/bin/../lib/gcc/arm-none-eabi/5.4.1/../../../../arm-none-eabi/lib/armv7e-m/fpu/fpv5-d16/libc_nano.a(lib_a-strtol.o)
                0x0000000000004114                _strtol_r
 .text._vdprintf_r
                0x0000000000004138       0x60 /home/ponyxis/.platformio/packages/toolchain-gccarmnoneeabi/bin/../lib/gcc/arm-none-eabi/5.4.1/../../../../arm-none-eabi/lib/armv7e-m/fpu/fpv5-d16/libc_nano.a(lib_a-vdprintf.o)
                0x0000000000004138                _vdprintf_r
                0x0000000000004138                _vdiprintf_r
 .text.vdprintf
                0x0000000000004198       0x14 /home/ponyxis/.platformio/packages/toolchain-gccarmnoneeabi/bin/../lib/gcc/arm-none-eabi/5.4.1/../../../../arm-none-eabi/lib/armv7e-m/fpu/fpv5-d16/libc_nano.a(lib_a-vdprintf.o)
                0x0000000000004198                vdiprintf
                0x0000000000004198                vdprintf
 .text.__ascii_wctomb
                0x00000000000041ac       0x1a /home/ponyxis/.platformio/packages/toolchain-gccarmnoneeabi/bin/../lib/gcc/arm-none-eabi/5.4.1/../../../../arm-none-eabi/lib/armv7e-m/fpu/fpv5-d16/libc_nano.a(lib_a-wctomb_r.o)
                0x00000000000041ac                __ascii_wctomb
 *fill*         0x00000000000041c6        0x2 
 .text._write_r
                0x00000000000041c8       0x24 /home/ponyxis/.platformio/packages/toolchain-gccarmnoneeabi/bin/../lib/gcc/arm-none-eabi/5.4.1/../../../../arm-none-eabi/lib/armv7e-m/fpu/fpv5-d16/libc_nano.a(lib_a-writer.o)
                0x00000000000041c8                _write_r
 .text._close_r
                0x00000000000041ec       0x20 /home/ponyxis/.platformio/packages/toolchain-gccarmnoneeabi/bin/../lib/gcc/arm-none-eabi/5.4.1/../../../../arm-none-eabi/lib/armv7e-m/fpu/fpv5-d16/libc_nano.a(lib_a-closer.o)
                0x00000000000041ec                _close_r
 .text._cleanup_r
                0x000000000000420c        0xc /home/ponyxis/.platformio/packages/toolchain-gccarmnoneeabi/bin/../lib/gcc/arm-none-eabi/5.4.1/../../../../arm-none-eabi/lib/armv7e-m/fpu/fpv5-d16/libc_nano.a(lib_a-findfp.o)
                0x000000000000420c                _cleanup_r
 .text.std.isra.0
                0x0000000000004218       0x48 /home/ponyxis/.platformio/packages/toolchain-gccarmnoneeabi/bin/../lib/gcc/arm-none-eabi/5.4.1/../../../../arm-none-eabi/lib/armv7e-m/fpu/fpv5-d16/libc_nano.a(lib_a-findfp.o)
 .text.__sfmoreglue
                0x0000000000004260       0x2c /home/ponyxis/.platformio/packages/toolchain-gccarmnoneeabi/bin/../lib/gcc/arm-none-eabi/5.4.1/../../../../arm-none-eabi/lib/armv7e-m/fpu/fpv5-d16/libc_nano.a(lib_a-findfp.o)
                0x0000000000004260                __sfmoreglue
 .text.__sinit  0x000000000000428c       0x60 /home/ponyxis/.platformio/packages/toolchain-gccarmnoneeabi/bin/../lib/gcc/arm-none-eabi/5.4.1/../../../../arm-none-eabi/lib/armv7e-m/fpu/fpv5-d16/libc_nano.a(lib_a-findfp.o)
                0x000000000000428c                __sinit
 .text.__sfp    0x00000000000042ec       0x78 /home/ponyxis/.platformio/packages/toolchain-gccarmnoneeabi/bin/../lib/gcc/arm-none-eabi/5.4.1/../../../../arm-none-eabi/lib/armv7e-m/fpu/fpv5-d16/libc_nano.a(lib_a-findfp.o)
                0x00000000000042ec                __sfp
 .text._fwalk_reent
                0x0000000000004364       0x3c /home/ponyxis/.platformio/packages/toolchain-gccarmnoneeabi/bin/../lib/gcc/arm-none-eabi/5.4.1/../../../../arm-none-eabi/lib/armv7e-m/fpu/fpv5-d16/libc_nano.a(lib_a-fwalk.o)
                0x0000000000004364                _fwalk_reent
 .text._lseek_r
                0x00000000000043a0       0x24 /home/ponyxis/.platformio/packages/toolchain-gccarmnoneeabi/bin/../lib/gcc/arm-none-eabi/5.4.1/../../../../arm-none-eabi/lib/armv7e-m/fpu/fpv5-d16/libc_nano.a(lib_a-lseekr.o)
                0x00000000000043a0                _lseek_r
 .text.__malloc_lock
                0x00000000000043c4        0x2 /home/ponyxis/.platformio/packages/toolchain-gccarmnoneeabi/bin/../lib/gcc/arm-none-eabi/5.4.1/../../../../arm-none-eabi/lib/armv7e-m/fpu/fpv5-d16/libc_nano.a(lib_a-mlock.o)
                0x00000000000043c4                __malloc_lock
 .text.__malloc_unlock
                0x00000000000043c6        0x2 /home/ponyxis/.platformio/packages/toolchain-gccarmnoneeabi/bin/../lib/gcc/arm-none-eabi/5.4.1/../../../../arm-none-eabi/lib/armv7e-m/fpu/fpv5-d16/libc_nano.a(lib_a-mlock.o)
                0x00000000000043c6                __malloc_unlock
 .text._realloc_r
                0x00000000000043c8       0x4c /home/ponyxis/.platformio/packages/toolchain-gccarmnoneeabi/bin/../lib/gcc/arm-none-eabi/5.4.1/../../../../arm-none-eabi/lib/armv7e-m/fpu/fpv5-d16/libc_nano.a(lib_a-nano-reallocr.o)
                0x00000000000043c8                _realloc_r
 .text._sungetc_r
                0x0000000000004414       0x7c /home/ponyxis/.platformio/packages/toolchain-gccarmnoneeabi/bin/../lib/gcc/arm-none-eabi/5.4.1/../../../../arm-none-eabi/lib/armv7e-m/fpu/fpv5-d16/libc_nano.a(lib_a-nano-svfscanf.o)
                0x0000000000004414                _sungetc_r
 .text.__ssrefill_r
                0x0000000000004490       0x3a /home/ponyxis/.platformio/packages/toolchain-gccarmnoneeabi/bin/../lib/gcc/arm-none-eabi/5.4.1/../../../../arm-none-eabi/lib/armv7e-m/fpu/fpv5-d16/libc_nano.a(lib_a-nano-svfscanf.o)
                0x0000000000004490                __ssrefill_r
 *fill*         0x00000000000044ca        0x2 
 .text.__ssvfscanf_r
                0x00000000000044cc      0x2b0 /home/ponyxis/.platformio/packages/toolchain-gccarmnoneeabi/bin/../lib/gcc/arm-none-eabi/5.4.1/../../../../arm-none-eabi/lib/armv7e-m/fpu/fpv5-d16/libc_nano.a(lib_a-nano-svfscanf.o)
                0x00000000000044cc                __ssvfscanf_r
                0x00000000000044cc                __ssvfiscanf_r
 .text._scanf_chars
                0x000000000000477c       0xce /home/ponyxis/.platformio/packages/toolchain-gccarmnoneeabi/bin/../lib/gcc/arm-none-eabi/5.4.1/../../../../arm-none-eabi/lib/armv7e-m/fpu/fpv5-d16/libc_nano.a(lib_a-nano-vfscanf_i.o)
                0x000000000000477c                _scanf_chars
 *fill*         0x000000000000484a        0x2 
 .text._scanf_i
                0x000000000000484c      0x1e4 /home/ponyxis/.platformio/packages/toolchain-gccarmnoneeabi/bin/../lib/gcc/arm-none-eabi/5.4.1/../../../../arm-none-eabi/lib/armv7e-m/fpu/fpv5-d16/libc_nano.a(lib_a-nano-vfscanf_i.o)
                0x000000000000484c                _scanf_i
 .text._read_r  0x0000000000004a30       0x24 /home/ponyxis/.platformio/packages/toolchain-gccarmnoneeabi/bin/../lib/gcc/arm-none-eabi/5.4.1/../../../../arm-none-eabi/lib/armv7e-m/fpu/fpv5-d16/libc_nano.a(lib_a-readr.o)
                0x0000000000004a30                _read_r
 .text.__sccl   0x0000000000004a54       0x62 /home/ponyxis/.platformio/packages/toolchain-gccarmnoneeabi/bin/../lib/gcc/arm-none-eabi/5.4.1/../../../../arm-none-eabi/lib/armv7e-m/fpu/fpv5-d16/libc_nano.a(lib_a-sccl.o)
                0x0000000000004a54                __sccl
 .text._strtoul_l.isra.0
                0x0000000000004ab6      0x102 /home/ponyxis/.platformio/packages/toolchain-gccarmnoneeabi/bin/../lib/gcc/arm-none-eabi/5.4.1/../../../../arm-none-eabi/lib/armv7e-m/fpu/fpv5-d16/libc_nano.a(lib_a-strtoul.o)
 .text._strtoul_r
                0x0000000000004bb8       0x24 /home/ponyxis/.platformio/packages/toolchain-gccarmnoneeabi/bin/../lib/gcc/arm-none-eabi/5.4.1/../../../../arm-none-eabi/lib/armv7e-m/fpu/fpv5-d16/libc_nano.a(lib_a-strtoul.o)
                0x0000000000004bb8                _strtoul_r
 .text.__submore
                0x0000000000004bdc       0x76 /home/ponyxis/.platformio/packages/toolchain-gccarmnoneeabi/bin/../lib/gcc/arm-none-eabi/5.4.1/../../../../arm-none-eabi/lib/armv7e-m/fpu/fpv5-d16/libc_nano.a(lib_a-ungetc.o)
                0x0000000000004bdc                __submore
 .text._vasnprintf_r
                0x0000000000004c52       0x5e /home/ponyxis/.platformio/packages/toolchain-gccarmnoneeabi/bin/../lib/gcc/arm-none-eabi/5.4.1/../../../../arm-none-eabi/lib/armv7e-m/fpu/fpv5-d16/libc_nano.a(lib_a-vasnprintf.o)
                0x0000000000004c52                _vasniprintf_r
                0x0000000000004c52                _vasnprintf_r
 .text.__sflush_r
                0x0000000000004cb0      0x110 /home/ponyxis/.platformio/packages/toolchain-gccarmnoneeabi/bin/../lib/gcc/arm-none-eabi/5.4.1/../../../../arm-none-eabi/lib/armv7e-m/fpu/fpv5-d16/libc_nano.a(lib_a-fflush.o)
                0x0000000000004cb0                __sflush_r
 .text._fflush_r
                0x0000000000004dc0       0x54 /home/ponyxis/.platformio/packages/toolchain-gccarmnoneeabi/bin/../lib/gcc/arm-none-eabi/5.4.1/../../../../arm-none-eabi/lib/armv7e-m/fpu/fpv5-d16/libc_nano.a(lib_a-fflush.o)
                0x0000000000004dc0                _fflush_r
 *fill*         0x0000000000004e14        0xc 
 .text          0x0000000000004e20       0xa0 /home/ponyxis/.platformio/packages/toolchain-gccarmnoneeabi/bin/../lib/gcc/arm-none-eabi/5.4.1/../../../../arm-none-eabi/lib/armv7e-m/fpu/fpv5-d16/libc_nano.a(lib_a-memchr.o)
                0x0000000000004e20                memchr
 .text._malloc_usable_size_r
                0x0000000000004ec0       0x14 /home/ponyxis/.platformio/packages/toolchain-gccarmnoneeabi/bin/../lib/gcc/arm-none-eabi/5.4.1/../../../../arm-none-eabi/lib/armv7e-m/fpu/fpv5-d16/libc_nano.a(lib_a-nano-msizer.o)
                0x0000000000004ec0                _malloc_usable_size_r
 .text.__ssputs_r
                0x0000000000004ed4       0xb2 /home/ponyxis/.platformio/packages/toolchain-gccarmnoneeabi/bin/../lib/gcc/arm-none-eabi/5.4.1/../../../../arm-none-eabi/lib/armv7e-m/fpu/fpv5-d16/libc_nano.a(lib_a-nano-svfprintf.o)
                0x0000000000004ed4                __ssputs_r
 *fill*         0x0000000000004f86        0x2 
 .text._svfprintf_r
                0x0000000000004f88      0x1e8 /home/ponyxis/.platformio/packages/toolchain-gccarmnoneeabi/bin/../lib/gcc/arm-none-eabi/5.4.1/../../../../arm-none-eabi/lib/armv7e-m/fpu/fpv5-d16/libc_nano.a(lib_a-nano-svfprintf.o)
                0x0000000000004f88                _svfprintf_r
                0x0000000000004f88                _svfiprintf_r
 .text._printf_common
                0x0000000000005170       0xec /home/ponyxis/.platformio/packages/toolchain-gccarmnoneeabi/bin/../lib/gcc/arm-none-eabi/5.4.1/../../../../arm-none-eabi/lib/armv7e-m/fpu/fpv5-d16/libc_nano.a(lib_a-nano-vfprintf_i.o)
                0x0000000000005170                _printf_common
 .text._printf_i
                0x000000000000525c      0x24c /home/ponyxis/.platformio/packages/toolchain-gccarmnoneeabi/bin/../lib/gcc/arm-none-eabi/5.4.1/../../../../arm-none-eabi/lib/armv7e-m/fpu/fpv5-d16/libc_nano.a(lib_a-nano-vfprintf_i.o)
                0x000000000000525c                _printf_i
 .text._printf_i.__stub
                0x00000000000054a8        0x8 linker stubs
                0x00000000000054b0                . = ALIGN (0x10)
 *fill*         0x00000000000054b0        0x0 

.glue_7         0x00000000000054b0        0x0 load address 0x0000000060006ba0
 .glue_7        0x00000000000054b0        0x0 linker stubs

.glue_7t        0x00000000000054b0        0x0 load address 0x0000000060006ba0
 .glue_7t       0x00000000000054b0        0x0 linker stubs

.vfp11_veneer   0x00000000000054b0        0x0 load address 0x0000000060006ba0
 .vfp11_veneer  0x00000000000054b0        0x0 linker stubs

.v4_bx          0x00000000000054b0        0x0 load address 0x0000000060006ba0
 .v4_bx         0x00000000000054b0        0x0 linker stubs

.fini           0x00000000000054b0        0x4 load address 0x0000000060006ba0
 .fini          0x00000000000054b0        0x4 /home/ponyxis/.platformio/packages/toolchain-gccarmnoneeabi/bin/../lib/gcc/arm-none-eabi/5.4.1/armv7e-m/fpu/fpv5-d16/crti.o
                0x00000000000054b0                _fini

.iplt           0x00000000000054b4        0x0 load address 0x0000000060006ba4
 .iplt          0x00000000000054b4        0x0 /home/ponyxis/.platformio/packages/toolchain-gccarmnoneeabi/bin/../lib/gcc/arm-none-eabi/5.4.1/armv7e-m/fpu/fpv5-d16/crtbegin.o

.eh_frame       0x00000000000054b4        0x0 load address 0x0000000060006ba4
 .eh_frame      0x00000000000054b4        0x0 /home/ponyxis/.platformio/packages/toolchain-gccarmnoneeabi/bin/../lib/gcc/arm-none-eabi/5.4.1/armv7e-m/fpu/fpv5-d16/crtbegin.o

.rel.dyn        0x00000000000054b4        0x0 load address 0x0000000060006ba4
 .rel.iplt      0x00000000000054b4        0x0 /home/ponyxis/.platformio/packages/toolchain-gccarmnoneeabi/bin/../lib/gcc/arm-none-eabi/5.4.1/armv7e-m/fpu/fpv5-d16/crtbegin.o

.text.itcm.padding
                0x00000000000054b4     0x2b4c load address 0x0000000060006ba4
                0x0000000000008000                . = ALIGN (0x8000)
 *fill*         0x00000000000054b4     0x2b4c 

.data           0x0000000020000000      0xb30 load address 0x0000000060006ba4
 *(.rodata*)
 .rodata.str1.1
                0x0000000020000000       0x1e .pio/build/teensy40/src/main.cpp.o
 .rodata._ZL14keycode_extras
                0x000000002000001e       0x32 .pio/build/teensy40/libf42/libUSBHost_t36.a(keyboard.cpp.o)
 .rodata.str1.1
                0x0000000020000050      0x110 .pio/build/teensy40/libf42/libUSBHost_t36.a(keyboard.cpp.o)
 .rodata._ZL15keycode_numlock
                0x0000000020000160       0x30 .pio/build/teensy40/libf42/libUSBHost_t36.a(keyboard.cpp.o)
 .rodata._ZTV18KeyboardController
                0x0000000020000190       0x80 .pio/build/teensy40/libf42/libUSBHost_t36.a(keyboard.cpp.o)
                0x0000000020000190                vtable for KeyboardController
 .rodata.str1.1
                0x0000000020000210        0x3 .pio/build/teensy40/libfb7/libkeyboard.a(keyboard.cpp.o)
                                          0x7 (size before relaxing)
 *fill*         0x0000000020000213        0x1 
 .rodata._ZTV14HardwareSerial
                0x0000000020000214       0x24 .pio/build/teensy40/libFrameworkArduino.a(HardwareSerial.cpp.o)
                0x0000000020000214                vtable for HardwareSerial
 .rodata._ZL14UART6_Hardware
                0x0000000020000238       0x5c .pio/build/teensy40/libFrameworkArduino.a(HardwareSerial1.cpp.o)
 .rodata.digital_pin_to_info_PGM
                0x0000000020000294      0x280 .pio/build/teensy40/libFrameworkArduino.a(digital.c.o)
                0x0000000020000294                digital_pin_to_info_PGM
 .rodata.keycodes_ascii
                0x0000000020000514       0x60 .pio/build/teensy40/libFrameworkArduino.a(keylayouts.c.o)
                0x0000000020000514                keycodes_ascii
 .rodata.usb_descriptor_list
                0x0000000020000574       0x6c .pio/build/teensy40/libFrameworkArduino.a(usb_desc.c.o)
                0x0000000020000574                usb_descriptor_list
 .rodata._ZTV16usb_serial_class
                0x00000000200005e0       0x28 .pio/build/teensy40/libFrameworkArduino.a(usb_inst.cpp.o)
                0x00000000200005e0                vtable for usb_serial_class
 .rodata.str1.1
                0x0000000020000608       0xca .pio/build/teensy40/libb4c/libparser.a(parser.cpp.o)
                                         0xd3 (size before relaxing)
 *fill*         0x00000000200006d2        0x2 
 .rodata._global_impure_ptr
                0x00000000200006d4        0x4 /home/ponyxis/.platformio/packages/toolchain-gccarmnoneeabi/bin/../lib/gcc/arm-none-eabi/5.4.1/../../../../arm-none-eabi/lib/armv7e-m/fpu/fpv5-d16/libc_nano.a(lib_a-impure.o)
                0x00000000200006d4                _global_impure_ptr
 .rodata.str1.1
                0x00000000200006d8        0xa /home/ponyxis/.platformio/packages/toolchain-gccarmnoneeabi/bin/../lib/gcc/arm-none-eabi/5.4.1/../../../../arm-none-eabi/lib/armv7e-m/fpu/fpv5-d16/libc_nano.a(lib_a-locale.o)
                                          0xb (size before relaxing)
 .rodata._ctype_
                0x00000000200006e2      0x101 /home/ponyxis/.platformio/packages/toolchain-gccarmnoneeabi/bin/../lib/gcc/arm-none-eabi/5.4.1/../../../../arm-none-eabi/lib/armv7e-m/fpu/fpv5-d16/libc_nano.a(lib_a-ctype_.o)
                0x00000000200006e2                _ctype_
 *fill*         0x00000000200007e3        0x1 
 .rodata.__sf_fake_stdin
                0x00000000200007e4       0x20 /home/ponyxis/.platformio/packages/toolchain-gccarmnoneeabi/bin/../lib/gcc/arm-none-eabi/5.4.1/../../../../arm-none-eabi/lib/armv7e-m/fpu/fpv5-d16/libc_nano.a(lib_a-findfp.o)
                0x00000000200007e4                __sf_fake_stdin
 .rodata.__sf_fake_stdout
                0x0000000020000804       0x20 /home/ponyxis/.platformio/packages/toolchain-gccarmnoneeabi/bin/../lib/gcc/arm-none-eabi/5.4.1/../../../../arm-none-eabi/lib/armv7e-m/fpu/fpv5-d16/libc_nano.a(lib_a-findfp.o)
                0x0000000020000804                __sf_fake_stdout
 .rodata.__sf_fake_stderr
                0x0000000020000824       0x20 /home/ponyxis/.platformio/packages/toolchain-gccarmnoneeabi/bin/../lib/gcc/arm-none-eabi/5.4.1/../../../../arm-none-eabi/lib/armv7e-m/fpu/fpv5-d16/libc_nano.a(lib_a-findfp.o)
                0x0000000020000824                __sf_fake_stderr
 .rodata.str1.1
                0x0000000020000844        0x4 /home/ponyxis/.platformio/packages/toolchain-gccarmnoneeabi/bin/../lib/gcc/arm-none-eabi/5.4.1/../../../../arm-none-eabi/lib/armv7e-m/fpu/fpv5-d16/libc_nano.a(lib_a-nano-svfscanf.o)
 .rodata        0x0000000020000848        0xc /home/ponyxis/.platformio/packages/toolchain-gccarmnoneeabi/bin/../lib/gcc/arm-none-eabi/5.4.1/../../../../arm-none-eabi/lib/armv7e-m/fpu/fpv5-d16/libc_nano.a(lib_a-nano-vfscanf_i.o)
 .rodata.str1.1
                0x0000000020000854       0x1b /home/ponyxis/.platformio/packages/toolchain-gccarmnoneeabi/bin/../lib/gcc/arm-none-eabi/5.4.1/../../../../arm-none-eabi/lib/armv7e-m/fpu/fpv5-d16/libc_nano.a(lib_a-nano-vfscanf_i.o)
 .rodata.str1.1
                0x000000002000086f        0xd /home/ponyxis/.platformio/packages/toolchain-gccarmnoneeabi/bin/../lib/gcc/arm-none-eabi/5.4.1/../../../../arm-none-eabi/lib/armv7e-m/fpu/fpv5-d16/libc_nano.a(lib_a-nano-svfprintf.o)
                                         0x11 (size before relaxing)
 .rodata.str1.1
                0x000000002000087c       0x22 /home/ponyxis/.platformio/packages/toolchain-gccarmnoneeabi/bin/../lib/gcc/arm-none-eabi/5.4.1/../../../../arm-none-eabi/lib/armv7e-m/fpu/fpv5-d16/libc_nano.a(lib_a-nano-vfprintf_i.o)
 *(.data*)
 *fill*         0x000000002000089e        0x2 
 .data          0x00000000200008a0        0x4 /home/ponyxis/.platformio/packages/toolchain-gccarmnoneeabi/bin/../lib/gcc/arm-none-eabi/5.4.1/armv7e-m/fpu/fpv5-d16/crtbegin.o
                0x00000000200008a0                __dso_handle
 .data.Serial1  0x00000000200008a4       0x60 .pio/build/teensy40/libFrameworkArduino.a(HardwareSerial1.cpp.o)
                0x00000000200008a4                Serial1
 .data._ZL8tone_pin
                0x0000000020000904        0x1 .pio/build/teensy40/libFrameworkArduino.a(Tone.cpp.o)
 *fill*         0x0000000020000905        0x3 
 .data._ZL10tone_timer
                0x0000000020000908        0x8 .pio/build/teensy40/libFrameworkArduino.a(Tone.cpp.o)
 .data.__brkval
                0x0000000020000910        0x4 .pio/build/teensy40/libFrameworkArduino.a(startup.c.o)
                0x0000000020000910                __brkval
 .data.device_descriptor
                0x0000000020000914       0x12 .pio/build/teensy40/libFrameworkArduino.a(usb_desc.c.o)
 .data.usb_string_serial_number_default
                0x0000000020000926       0x16 .pio/build/teensy40/libFrameworkArduino.a(usb_desc.c.o)
                0x0000000020000926                usb_string_serial_number_default
                0x0000000020000926                usb_string_serial_number
 .data.usb_enable_serial_event_processing
                0x000000002000093c        0x1 .pio/build/teensy40/libFrameworkArduino.a(usb_inst.cpp.o)
                0x000000002000093c                usb_enable_serial_event_processing
 *fill*         0x000000002000093d        0x3 
 .data.Serial   0x0000000020000940       0x10 .pio/build/teensy40/libFrameworkArduino.a(usb_inst.cpp.o)
                0x0000000020000940                Serial
 .data._ZN13IntervalTimer14nvic_prioritesE
                0x0000000020000950        0x4 .pio/build/teensy40/libFrameworkArduino.a(IntervalTimer.cpp.o)
                0x0000000020000950                IntervalTimer::nvic_priorites
 .data.F_BUS_ACTUAL
                0x0000000020000954        0x4 .pio/build/teensy40/libFrameworkArduino.a(clockspeed.c.o)
                0x0000000020000954                F_BUS_ACTUAL
 .data.F_CPU_ACTUAL
                0x0000000020000958        0x4 .pio/build/teensy40/libFrameworkArduino.a(clockspeed.c.o)
                0x0000000020000958                F_CPU_ACTUAL
 .data.impure_data
                0x000000002000095c       0x60 /home/ponyxis/.platformio/packages/toolchain-gccarmnoneeabi/bin/../lib/gcc/arm-none-eabi/5.4.1/../../../../arm-none-eabi/lib/armv7e-m/fpu/fpv5-d16/libc_nano.a(lib_a-impure.o)
 .data._impure_ptr
                0x00000000200009bc        0x4 /home/ponyxis/.platformio/packages/toolchain-gccarmnoneeabi/bin/../lib/gcc/arm-none-eabi/5.4.1/../../../../arm-none-eabi/lib/armv7e-m/fpu/fpv5-d16/libc_nano.a(lib_a-impure.o)
                0x00000000200009bc                _impure_ptr
 .data.__global_locale
                0x00000000200009c0      0x16c /home/ponyxis/.platformio/packages/toolchain-gccarmnoneeabi/bin/../lib/gcc/arm-none-eabi/5.4.1/../../../../arm-none-eabi/lib/armv7e-m/fpu/fpv5-d16/libc_nano.a(lib_a-locale.o)
                0x00000000200009c0                __global_locale
                0x0000000020000b30                . = ALIGN (0x10)
 *fill*         0x0000000020000b2c        0x4 

.jcr            0x0000000020000b30        0x0 load address 0x00000000600076d4
 .jcr           0x0000000020000b30        0x0 /home/ponyxis/.platformio/packages/toolchain-gccarmnoneeabi/bin/../lib/gcc/arm-none-eabi/5.4.1/armv7e-m/fpu/fpv5-d16/crtbegin.o

.igot.plt       0x0000000020000b30        0x0 load address 0x00000000600076d4
 .igot.plt      0x0000000020000b30        0x0 /home/ponyxis/.platformio/packages/toolchain-gccarmnoneeabi/bin/../lib/gcc/arm-none-eabi/5.4.1/armv7e-m/fpu/fpv5-d16/crtbegin.o

.bss            0x0000000020000b30     0x2790
 *(.bss*)
 .bss           0x0000000020000b30       0x1c /home/ponyxis/.platformio/packages/toolchain-gccarmnoneeabi/bin/../lib/gcc/arm-none-eabi/5.4.1/armv7e-m/fpu/fpv5-d16/crtbegin.o
 *fill*         0x0000000020000b4c       0x14 
 .bss.keyboard  0x0000000020000b60      0x2a0 .pio/build/teensy40/src/main.cpp.o
                0x0000000020000b60                keyboard
 .bss._ZL19async_followup_last
                0x0000000020000e00        0x4 .pio/build/teensy40/libf42/libUSBHost_t36.a(ehci.cpp.o)
 .bss._ZL20async_followup_first
                0x0000000020000e04        0x4 .pio/build/teensy40/libf42/libUSBHost_t36.a(ehci.cpp.o)
 .bss._ZL13active_timers
                0x0000000020000e08        0x4 .pio/build/teensy40/libf42/libUSBHost_t36.a(ehci.cpp.o)
 *fill*         0x0000000020000e0c      0x1f4 
 .bss._ZL13periodictable
                0x0000000020001000       0x80 .pio/build/teensy40/libf42/libUSBHost_t36.a(ehci.cpp.o)
 .bss._ZL23periodic_followup_first
                0x0000000020001080        0x4 .pio/build/teensy40/libf42/libUSBHost_t36.a(ehci.cpp.o)
 .bss._ZL10port_state
                0x0000000020001084        0x1 .pio/build/teensy40/libf42/libUSBHost_t36.a(ehci.cpp.o)
 *fill*         0x0000000020001085        0x3 
 .bss._ZL22periodic_followup_last
                0x0000000020001088        0x4 .pio/build/teensy40/libf42/libUSBHost_t36.a(ehci.cpp.o)
 .bss._ZL16uframe_bandwidth
                0x000000002000108c      0x100 .pio/build/teensy40/libf42/libUSBHost_t36.a(ehci.cpp.o)
 .bss._ZL7rootdev
                0x000000002000118c        0x4 .pio/build/teensy40/libf42/libUSBHost_t36.a(ehci.cpp.o)
 .bss._ZL7enumlen
                0x0000000020001190        0x2 .pio/build/teensy40/libf42/libUSBHost_t36.a(enumeration.cpp.o)
 .bss._ZN7USBHost16enumeration_busyE
                0x0000000020001192        0x1 .pio/build/teensy40/libf42/libUSBHost_t36.a(enumeration.cpp.o)
                0x0000000020001192                USBHost::enumeration_busy
 *fill*         0x0000000020001193        0xd 
 .bss._ZL7enumbuf
                0x00000000200011a0      0x200 .pio/build/teensy40/libf42/libUSBHost_t36.a(enumeration.cpp.o)
 .bss._ZZN7USBHost14assign_addressEvE21last_assigned_address
                0x00000000200013a0        0x1 .pio/build/teensy40/libf42/libUSBHost_t36.a(enumeration.cpp.o)
 *fill*         0x00000000200013a1        0x3 
 .bss._ZL17available_drivers
                0x00000000200013a4        0x4 .pio/build/teensy40/libf42/libUSBHost_t36.a(enumeration.cpp.o)
 *fill*         0x00000000200013a8        0x8 
 .bss._ZL9enumsetup
                0x00000000200013b0        0x8 .pio/build/teensy40/libf42/libUSBHost_t36.a(enumeration.cpp.o)
 .bss._ZL7devlist
                0x00000000200013b8        0x4 .pio/build/teensy40/libf42/libUSBHost_t36.a(enumeration.cpp.o)
 .bss._ZL13memory_Device
                0x00000000200013bc       0x24 .pio/build/teensy40/libf42/libUSBHost_t36.a(memory.cpp.o)
 .bss._ZL16free_Device_list
                0x00000000200013e0        0x4 .pio/build/teensy40/libf42/libUSBHost_t36.a(memory.cpp.o)
 *fill*         0x00000000200013e4       0x1c 
 .bss._ZL11memory_Pipe
                0x0000000020001400       0x60 .pio/build/teensy40/libf42/libUSBHost_t36.a(memory.cpp.o)
 .bss._ZL16free_strbuf_list
                0x0000000020001460        0x4 .pio/build/teensy40/libf42/libUSBHost_t36.a(memory.cpp.o)
 *fill*         0x0000000020001464       0x1c 
 .bss._ZL15memory_Transfer
                0x0000000020001480      0x100 .pio/build/teensy40/libf42/libUSBHost_t36.a(memory.cpp.o)
 .bss._ZL18free_Transfer_list
                0x0000000020001580        0x4 .pio/build/teensy40/libf42/libUSBHost_t36.a(memory.cpp.o)
 .bss._ZL14free_Pipe_list
                0x0000000020001584        0x4 .pio/build/teensy40/libf42/libUSBHost_t36.a(memory.cpp.o)
 .bss._ZN19BluetoothController28available_bthid_drivers_listE
                0x0000000020001588        0x4 .pio/build/teensy40/libf42/libUSBHost_t36.a(bluetooth.cpp.o)
                0x0000000020001588                BluetoothController::available_bthid_drivers_list
 .bss._ZN12USBHIDParser26available_hid_drivers_listE
                0x000000002000158c        0x4 .pio/build/teensy40/libf42/libUSBHost_t36.a(hid.cpp.o)
                0x000000002000158c                USBHIDParser::available_hid_drivers_list
 .bss._ZL8position
                0x0000000020001590        0x4 .pio/build/teensy40/libfb7/libkeyboard.a(keyboard.cpp.o)
 .bss._ZL10lineBuffer
                0x0000000020001594       0x3c .pio/build/teensy40/libfb7/libkeyboard.a(keyboard.cpp.o)
 .bss._ZN14HardwareSerial27serial_event_handler_checksE
                0x00000000200015d0       0x1c .pio/build/teensy40/libFrameworkArduino.a(HardwareSerial.cpp.o)
                0x00000000200015d0                HardwareSerial::serial_event_handler_checks
 .bss._ZN14HardwareSerial28serial_event_handlers_activeE
                0x00000000200015ec        0x1 .pio/build/teensy40/libFrameworkArduino.a(HardwareSerial.cpp.o)
                0x00000000200015ec                HardwareSerial::serial_event_handlers_active
 .bss._ZL10tx_buffer1
                0x00000000200015ed       0x40 .pio/build/teensy40/libFrameworkArduino.a(HardwareSerial1.cpp.o)
 .bss._ZL10rx_buffer1
                0x000000002000162d       0x40 .pio/build/teensy40/libFrameworkArduino.a(HardwareSerial1.cpp.o)
 *fill*         0x000000002000166d        0x3 
 .bss._ZL8tone_reg
                0x0000000020001670        0x4 .pio/build/teensy40/libFrameworkArduino.a(Tone.cpp.o)
 .bss._ZL14tone_new_count
                0x0000000020001674        0x4 .pio/build/teensy40/libFrameworkArduino.a(Tone.cpp.o)
 .bss._ZL9tone_mask
                0x0000000020001678        0x4 .pio/build/teensy40/libFrameworkArduino.a(Tone.cpp.o)
 .bss._ZL17tone_toggle_count
                0x000000002000167c        0x4 .pio/build/teensy40/libFrameworkArduino.a(Tone.cpp.o)
 .bss._ZL9tone_usec
                0x0000000020001680        0x4 .pio/build/teensy40/libFrameworkArduino.a(Tone.cpp.o)
 .bss.systick_cycle_count
                0x0000000020001684        0x4 .pio/build/teensy40/libFrameworkArduino.a(delay.c.o)
                0x0000000020001684                systick_cycle_count
 .bss.scale_cpu_cycles_to_microseconds
                0x0000000020001688        0x4 .pio/build/teensy40/libFrameworkArduino.a(delay.c.o)
                0x0000000020001688                scale_cpu_cycles_to_microseconds
 .bss.systick_millis_count
                0x000000002000168c        0x4 .pio/build/teensy40/libFrameworkArduino.a(delay.c.o)
                0x000000002000168c                systick_millis_count
 .bss.s_hotTemp
                0x0000000020001690        0x4 .pio/build/teensy40/libFrameworkArduino.a(tempmon.c.o)
 .bss.s_hot_ROOM
                0x0000000020001694        0x4 .pio/build/teensy40/libFrameworkArduino.a(tempmon.c.o)
 .bss.s_roomC_hotC
                0x0000000020001698        0x4 .pio/build/teensy40/libFrameworkArduino.a(tempmon.c.o)
 .bss.s_hotCount
                0x000000002000169c        0x4 .pio/build/teensy40/libFrameworkArduino.a(tempmon.c.o)
 .bss.usb_timer0_callback
                0x00000000200016a0        0x4 .pio/build/teensy40/libFrameworkArduino.a(usb.c.o)
                0x00000000200016a0                usb_timer0_callback
 .bss.endpointN_notify_mask
                0x00000000200016a4        0x4 .pio/build/teensy40/libFrameworkArduino.a(usb.c.o)
 .bss.sof_usage
                0x00000000200016a8        0x1 .pio/build/teensy40/libFrameworkArduino.a(usb.c.o)
 *fill*         0x00000000200016a9        0x3 
 .bss.usb_timer1_callback
                0x00000000200016ac        0x4 .pio/build/teensy40/libFrameworkArduino.a(usb.c.o)
                0x00000000200016ac                usb_timer1_callback
 .bss.usb_high_speed
                0x00000000200016b0        0x1 .pio/build/teensy40/libFrameworkArduino.a(usb.c.o)
                0x00000000200016b0                usb_high_speed
 *fill*         0x00000000200016b1        0x3 
 .bss.endpoint0_notify_mask
                0x00000000200016b4        0x4 .pio/build/teensy40/libFrameworkArduino.a(usb.c.o)
 .bss.usb_reboot_timer
                0x00000000200016b8        0x1 .pio/build/teensy40/libFrameworkArduino.a(usb.c.o)
 *fill*         0x00000000200016b9        0x7 
 .bss.endpoint0_setupdata
                0x00000000200016c0        0x8 .pio/build/teensy40/libFrameworkArduino.a(usb.c.o)
 .bss.reply_buffer
                0x00000000200016c8        0x8 .pio/build/teensy40/libFrameworkArduino.a(usb.c.o)
 .bss.endpoint0_buffer
                0x00000000200016d0        0x8 .pio/build/teensy40/libFrameworkArduino.a(usb.c.o)
 .bss.usb_configuration
                0x00000000200016d8        0x1 .pio/build/teensy40/libFrameworkArduino.a(usb.c.o)
                0x00000000200016d8                usb_configuration
 *fill*         0x00000000200016d9        0x1 
 .bss.rx_index  0x00000000200016da       0x10 .pio/build/teensy40/libFrameworkArduino.a(usb_serial.c.o)
 .bss.tx_packet_size
                0x00000000200016ea        0x2 .pio/build/teensy40/libFrameworkArduino.a(usb_serial.c.o)
 .bss.tx_noautoflush
                0x00000000200016ec        0x1 .pio/build/teensy40/libFrameworkArduino.a(usb_serial.c.o)
 .bss.tx_head   0x00000000200016ed        0x1 .pio/build/teensy40/libFrameworkArduino.a(usb_serial.c.o)
 *fill*         0x00000000200016ee       0x12 
 .bss.rx_transfer
                0x0000000020001700      0x100 .pio/build/teensy40/libFrameworkArduino.a(usb_serial.c.o)
 .bss.rx_tail   0x0000000020001800        0x1 .pio/build/teensy40/libFrameworkArduino.a(usb_serial.c.o)
 .bss.rx_list   0x0000000020001801        0x9 .pio/build/teensy40/libFrameworkArduino.a(usb_serial.c.o)
 .bss.rx_packet_size
                0x000000002000180a        0x2 .pio/build/teensy40/libFrameworkArduino.a(usb_serial.c.o)
 .bss.rx_count  0x000000002000180c       0x10 .pio/build/teensy40/libFrameworkArduino.a(usb_serial.c.o)
 .bss.rx_available
                0x000000002000181c        0x4 .pio/build/teensy40/libFrameworkArduino.a(usb_serial.c.o)
 .bss.rx_head   0x0000000020001820        0x1 .pio/build/teensy40/libFrameworkArduino.a(usb_serial.c.o)
 .bss.transmit_previous_timeout
                0x0000000020001821        0x1 .pio/build/teensy40/libFrameworkArduino.a(usb_serial.c.o)
 .bss.tx_available
                0x0000000020001822        0x2 .pio/build/teensy40/libFrameworkArduino.a(usb_serial.c.o)
 .bss.usb_cdc_line_rtsdtr
                0x0000000020001824        0x1 .pio/build/teensy40/libFrameworkArduino.a(usb_serial.c.o)
                0x0000000020001824                usb_cdc_line_rtsdtr
 *fill*         0x0000000020001825       0x1b 
 .bss.tx_transfer
                0x0000000020001840       0x80 .pio/build/teensy40/libFrameworkArduino.a(usb_serial.c.o)
 .bss._ZZ5yieldE7running
                0x00000000200018c0        0x1 .pio/build/teensy40/libFrameworkArduino.a(yield.cpp.o)
 *fill*         0x00000000200018c1        0x3 
 .bss._ZN14EventResponder14firstInterruptE
                0x00000000200018c4        0x4 .pio/build/teensy40/libFrameworkArduino.a(EventResponder.cpp.o)
                0x00000000200018c4                EventResponder::firstInterrupt
 .bss._ZN14EventResponder13lastInterruptE
                0x00000000200018c8        0x4 .pio/build/teensy40/libFrameworkArduino.a(EventResponder.cpp.o)
                0x00000000200018c8                EventResponder::lastInterrupt
 .bss._ZN11MillisTimer10listActiveE
                0x00000000200018cc        0x4 .pio/build/teensy40/libFrameworkArduino.a(EventResponder.cpp.o)
                0x00000000200018cc                MillisTimer::listActive
 .bss._ZN14EventResponder9lastYieldE
                0x00000000200018d0        0x4 .pio/build/teensy40/libFrameworkArduino.a(EventResponder.cpp.o)
                0x00000000200018d0                EventResponder::lastYield
 .bss._ZN14EventResponder10firstYieldE
                0x00000000200018d4        0x4 .pio/build/teensy40/libFrameworkArduino.a(EventResponder.cpp.o)
                0x00000000200018d4                EventResponder::firstYield
 .bss._ZN14EventResponder16runningFromYieldE
                0x00000000200018d8        0x1 .pio/build/teensy40/libFrameworkArduino.a(EventResponder.cpp.o)
                0x00000000200018d8                EventResponder::runningFromYield
 *fill*         0x00000000200018d9        0x3 
 .bss._ZN11MillisTimer11listWaitingE
                0x00000000200018dc        0x4 .pio/build/teensy40/libFrameworkArduino.a(EventResponder.cpp.o)
                0x00000000200018dc                MillisTimer::listWaiting
 .bss._ZL11funct_table
                0x00000000200018e0       0x10 .pio/build/teensy40/libFrameworkArduino.a(IntervalTimer.cpp.o)
 .bss.calibrating
                0x00000000200018f0        0x1 .pio/build/teensy40/libFrameworkArduino.a(analog.c.o)
 .bss._ZL10parseArray
                0x00000000200018f1       0xf0 .pio/build/teensy40/libb4c/libparser.a(parser.cpp.o)
 *fill*         0x00000000200019e1        0x3 
 .bss.__malloc_sbrk_start
                0x00000000200019e4        0x4 /home/ponyxis/.platformio/packages/toolchain-gccarmnoneeabi/bin/../lib/gcc/arm-none-eabi/5.4.1/../../../../arm-none-eabi/lib/armv7e-m/fpu/fpv5-d16/libc_nano.a(lib_a-nano-mallocr.o)
                0x00000000200019e4                __malloc_sbrk_start
 .bss.__malloc_free_list
                0x00000000200019e8        0x4 /home/ponyxis/.platformio/packages/toolchain-gccarmnoneeabi/bin/../lib/gcc/arm-none-eabi/5.4.1/../../../../arm-none-eabi/lib/armv7e-m/fpu/fpv5-d16/libc_nano.a(lib_a-nano-mallocr.o)
                0x00000000200019e8                __malloc_free_list
 *(COMMON)
 COMMON         0x00000000200019ec        0x4 .pio/build/teensy40/libFrameworkArduino.a(delay.c.o)
                0x00000000200019ec                systick_safe_read
 *fill*         0x00000000200019f0      0x210 
 COMMON         0x0000000020001c00      0x2c0 .pio/build/teensy40/libFrameworkArduino.a(startup.c.o)
                0x0000000020001c00                _VectorsRam
 *fill*         0x0000000020001ec0      0x140 
 COMMON         0x0000000020002000     0x1280 .pio/build/teensy40/libFrameworkArduino.a(usb.c.o)
                0x0000000020002000                endpoint0_transfer_data
                0x0000000020002020                endpoint0_transfer_ack
                0x0000000020003000                endpoint_queue_head
 COMMON         0x0000000020003280        0xc .pio/build/teensy40/libFrameworkArduino.a(usb_serial.c.o)
                0x0000000020003280                usb_cdc_line_coding
                0x0000000020003288                usb_cdc_line_rtsdtr_millis
 COMMON         0x000000002000328c        0x4 /home/ponyxis/.platformio/packages/toolchain-gccarmnoneeabi/bin/../lib/gcc/arm-none-eabi/5.4.1/../../../../arm-none-eabi/lib/armv7e-m/fpu/fpv5-d16/libc_nano.a(lib_a-reent.o)
                0x000000002000328c                errno
                0x00000000200032a0                . = ALIGN (0x20)
 *fill*         0x0000000020003290       0x10 
                0x00000000200032c0                . = (. + 0x20)
 *fill*         0x00000000200032a0       0x20 

.bss.dma        0x0000000020200000     0x3060
 *(.dmabuffers)
 .dmabuffers    0x0000000020200000       0x43 .pio/build/teensy40/libFrameworkArduino.a(usb_desc.c.o)
                0x0000000020200000                usb_descriptor_buffer
 *fill*         0x0000000020200043       0x1d 
 .dmabuffers    0x0000000020200060     0x3000 .pio/build/teensy40/libFrameworkArduino.a(usb_serial.c.o)
                0x0000000020203060                . = ALIGN (0x10)
                0x0000000000000000                _stext = ADDR (.text.itcm)
                0x00000000000054b0                _etext = (ADDR (.text.itcm) + SIZEOF (.text.itcm))
                0x00000000600016f0                _stextload = LOADADDR (.text.itcm)
                0x0000000020000000                _sdata = ADDR (.data)
                0x0000000020000b30                _edata = (ADDR (.data) + SIZEOF (.data))
                0x0000000060006ba4                _sdataload = LOADADDR (.data)
                0x0000000020000b30                _sbss = ADDR (.bss)
                0x00000000200032c0                _ebss = (ADDR (.bss) + SIZEOF (.bss))
                0x0000000020203060                _heap_start = (ADDR (.bss.dma) + SIZEOF (.bss.dma))
                0x0000000020280000                _heap_end = (ORIGIN (RAM) + LENGTH (RAM))
                0x0000000000000001                _itcm_block_count = ((SIZEOF (.text.itcm) + 0x7fff) >> 0xf)
                0x00000000aaaaaaab                _flexram_bank_config = (0xaaaaaaaa | ((0x1 << (_itcm_block_count * 0x2)) - 0x1))
                0x0000000020078000                _estack = (ORIGIN (DTCM) + ((0x10 - _itcm_block_count) << 0xf))
                0x00000000000076d0                _flashimagelen = ((SIZEOF (.text.progmem) + SIZEOF (.text.itcm)) + SIZEOF (.data))
                0x0000000000000024                _teensy_model_identifier = 0x24

.debug_info
 *(.debug_info)

.debug_abbrev
 *(.debug_abbrev)

.debug_line
 *(.debug_line)

.debug_frame    0x0000000000000000      0xafc
 *(.debug_frame)
 .debug_frame   0x0000000000000000       0x20 /home/ponyxis/.platformio/packages/toolchain-gccarmnoneeabi/bin/../lib/gcc/arm-none-eabi/5.4.1/../../../../arm-none-eabi/lib/armv7e-m/fpu/fpv5-d16/libstdc++_nano.a(atexit_arm.o)
 .debug_frame   0x0000000000000020       0x28 /home/ponyxis/.platformio/packages/toolchain-gccarmnoneeabi/bin/../lib/gcc/arm-none-eabi/5.4.1/../../../../arm-none-eabi/lib/armv7e-m/fpu/fpv5-d16/libc_nano.a(lib_a-cxa_atexit.o)
 .debug_frame   0x0000000000000048       0x20 /home/ponyxis/.platformio/packages/toolchain-gccarmnoneeabi/bin/../lib/gcc/arm-none-eabi/5.4.1/../../../../arm-none-eabi/lib/armv7e-m/fpu/fpv5-d16/libc_nano.a(lib_a-errno.o)
 .debug_frame   0x0000000000000068       0x2c /home/ponyxis/.platformio/packages/toolchain-gccarmnoneeabi/bin/../lib/gcc/arm-none-eabi/5.4.1/../../../../arm-none-eabi/lib/armv7e-m/fpu/fpv5-d16/libc_nano.a(lib_a-init.o)
 .debug_frame   0x0000000000000094       0x88 /home/ponyxis/.platformio/packages/toolchain-gccarmnoneeabi/bin/../lib/gcc/arm-none-eabi/5.4.1/../../../../arm-none-eabi/lib/armv7e-m/fpu/fpv5-d16/libc_nano.a(lib_a-locale.o)
 .debug_frame   0x000000000000011c       0x44 /home/ponyxis/.platformio/packages/toolchain-gccarmnoneeabi/bin/../lib/gcc/arm-none-eabi/5.4.1/../../../../arm-none-eabi/lib/armv7e-m/fpu/fpv5-d16/libc_nano.a(lib_a-mbtowc_r.o)
 .debug_frame   0x0000000000000160       0x28 /home/ponyxis/.platformio/packages/toolchain-gccarmnoneeabi/bin/../lib/gcc/arm-none-eabi/5.4.1/../../../../arm-none-eabi/lib/armv7e-m/fpu/fpv5-d16/libc_nano.a(lib_a-memmove.o)
 .debug_frame   0x0000000000000188       0x38 /home/ponyxis/.platformio/packages/toolchain-gccarmnoneeabi/bin/../lib/gcc/arm-none-eabi/5.4.1/../../../../arm-none-eabi/lib/armv7e-m/fpu/fpv5-d16/libc_nano.a(lib_a-nano-freer.o)
 .debug_frame   0x00000000000001c0       0x2c /home/ponyxis/.platformio/packages/toolchain-gccarmnoneeabi/bin/../lib/gcc/arm-none-eabi/5.4.1/../../../../arm-none-eabi/lib/armv7e-m/fpu/fpv5-d16/libc_nano.a(lib_a-nano-mallocr.o)
 .debug_frame   0x00000000000001ec       0x2c /home/ponyxis/.platformio/packages/toolchain-gccarmnoneeabi/bin/../lib/gcc/arm-none-eabi/5.4.1/../../../../arm-none-eabi/lib/armv7e-m/fpu/fpv5-d16/libc_nano.a(lib_a-sbrkr.o)